<html>
<body>
<pre>
<h1>µVision Build Log</h1>
<h2>Tool Versions:</h2>
IDE-Version: ¦ÌVision V5.26.2.0
Copyright (C) 2018 ARM Ltd and ARM Germany GmbH. All rights reserved.
License Information: l cj, abc, LIC=65ISB-28S1R-2ZSW4-FZYUP-ERB7J-05X63
 
Tool Versions:
Toolchain:       MDK-ARM Plus  Version: 5.26.2.0
Toolchain Path:  C:\Keil_v5\ARM\ARMCC\Bin
C Compiler:      Armcc.exe V5.06 update 6 (build 750)
Assembler:       Armasm.exe V5.06 update 6 (build 750)
Linker/Locator:  ArmLink.exe V5.06 update 6 (build 750)
Library Manager: ArmAr.exe V5.06 update 6 (build 750)
Hex Converter:   FromElf.exe V5.06 update 6 (build 750)
CPU DLL:         SARMCM3.DLL V5.26.2.0
Dialog DLL:      DCM.DLL V1.17.2.0
Target DLL:      TI_XDS\XDS2CM3.dll V1.0.4.0
Dialog DLL:      TCM.DLL V1.36.1.0
 
<h2>Project:</h2>
\\Mac\Home\Desktop\KeilÏîÄ¿\IOT1\keil\uart.uvprojx
Project File Date:  12/15/2020

<h2>Output:</h2>
*** Using Compiler 'V5.06 update 6 (build 750)', folder: 'C:\Keil_v5\ARM\ARMCC\Bin'
*** Warning: You are compiling one or more files of source type C++ and have selected 'use MicroLIB'. MicroLIB does not support C++!
  
Rebuild target 'uart'
assembling startup_msp432p401r_uvision.s...
compiling system_msp432p401r.c...
compiling main.c...
compiling myUart.c...
compiling tick.c...
compiling cJSON.c...
..\cJSON.c(1994): warning:  #2803-D: unrecognized GCC pragma
      #pragma GCC diagnostic push
..\cJSON.c(1997): warning:  #2803-D: unrecognized GCC pragma
  #pragma GCC diagnostic ignored "-Wcast-qual"
..\cJSON.c(2005): warning:  #2803-D: unrecognized GCC pragma
      #pragma GCC diagnostic pop
..\cJSON.c: 3 warnings, 0 errors
compiling buffer.c...
compiling sign_mqtt.cpp...
compiling ATCommand.c...
compiling sign_sha256.cpp...
compiling led.c...
compiling exti.c...
compiling i2c.c...
compiling oled.c...
linking...
Program Size: Code=18164 RO-data=3524 RW-data=112 ZI-data=8704  
".\Objects\uart.axf" - 0 Error(s), 3 Warning(s).

<h2>Software Packages used:</h2>

Package Vendor: TexasInstruments
                http://software-dl.ti.com/msp430/msp430_public_sw/mcu/msp430/msp432cmsis/latest/exports/TexasInstruments.MSP432P4xx_DFP.3.2.5.pack
                TexasInstruments.MSP432P4xx_DFP.3.2.5
                Device Family Pack for Texas Instruments SimpleLink(TM) MSP432 Series

<h2>Collection of Component include folders:</h2>
  .\RTE\_uart
  C:\Keil_v5\ARM\PACK\TexasInstruments\MSP432P4xx_DFP\3.2.5\Device\Include

<h2>Collection of Component Files used:</h2>
Build Time Elapsed:  00:00:05
</pre>
</body>
</html>
