Component: ARM Compiler 5.06 update 6 (build 750) Tool: armlink [4d35ed]

==============================================================================

Section Cross References

    system_msp432p401r.o(i.SystemCoreClockUpdate) refers to system_msp432p401r.o(.data) for SystemCoreClock
    startup_msp432p401r_uvision.o(RESET) refers to startup_msp432p401r_uvision.o(STACK) for __initial_sp
    startup_msp432p401r_uvision.o(RESET) refers to startup_msp432p401r_uvision.o(.text) for Reset_Handler
    startup_msp432p401r_uvision.o(RESET) refers to tick.o(i.SysTick_Handler) for SysTick_Handler
    startup_msp432p401r_uvision.o(RESET) refers to myuart.o(i.EUSCIA2_IRQHandler) for EUSCIA2_IRQHandler
    startup_msp432p401r_uvision.o(.text) refers to system_msp432p401r.o(i.SystemInit) for SystemInit
    startup_msp432p401r_uvision.o(.text) refers to entry.o(.ARM.Collect$$$$00000000) for __main
    main.o(i.main) refers to tick.o(i.ms_ticker_init) for ms_ticker_init
    main.o(i.main) refers to myuart.o(i.myUartInit) for myUartInit
    main.o(i.main) refers to mallocr.o(i.__malloc$realloc) for malloc
    main.o(i.main) refers to strcpy.o(.text) for strcpy
    main.o(i.main) refers to sign_mqtt.o(i.IOT_Sign_MQTT) for IOT_Sign_MQTT
    main.o(i.main) refers to printfa.o(i.__0printf) for __2printf
    main.o(i.main) refers to mallocr.o(i.__free$realloc) for free
    main.o(i.main) refers to tick.o(i.delay_ms) for delay_ms
    main.o(i.main) refers to atcommand.o(i.execAT) for execAT
    main.o(i.main) refers to atcommand.o(i.AT_generate_wifi_connect_command) for AT_generate_wifi_connect_command
    main.o(i.main) refers to atcommand.o(i.AT_generate_MQTTAUTH_command) for AT_generate_MQTTAUTH_command
    main.o(i.main) refers to atcommand.o(i.AT_generate_MQTTSOCK_command) for AT_generate_MQTTSOCK_command
    main.o(i.main) refers to atcommand.o(i.AT_generate_MQTTCID_command) for AT_generate_MQTTCID_command
    main.o(i.main) refers to atcommand.o(i.AT_generate_MQTTSUB_command) for AT_generate_MQTTSUB_command
    main.o(i.main) refers to atcommand.o(i.AT_generate_MQTTPUB_command) for AT_generate_MQTTPUB_command
    main.o(i.main) refers to atcommand.o(i.AT_Send_message) for AT_Send_message
    main.o(i.main) refers to atcommand.o(i.AT_Get_SUB_In_Json) for AT_Get_SUB_In_Json
    main.o(i.main) refers to cjson.o(i.cJSON_Parse) for cJSON_Parse
    main.o(i.main) refers to cjson.o(i.cJSON_GetObjectItemCaseSensitive) for cJSON_GetObjectItemCaseSensitive
    main.o(i.main) refers to cjson.o(i.cJSON_IsObject) for cJSON_IsObject
    main.o(i.main) refers to cjson.o(i.cJSON_IsNumber) for cJSON_IsNumber
    main.o(i.main) refers to cjson.o(i.cJSON_Delete) for cJSON_Delete
    main.o(i.main) refers to main.o(.data) for DeviceName
    main.o(i.main) refers to main.o(.bss) for ATCommandBuffer
    main.o(i.main) refers to main.o(.conststring) for .conststring
    main.o(i.main) refers to buffer.o(.bss) for myBuffer
    main.o(.data) refers to main.o(.conststring) for .conststring
    myuart.o(i.EUSCIA2_IRQHandler) refers to uart_MSP432P4XX.o(i.UART_receiveData) for UART_receiveData
    myuart.o(i.EUSCIA2_IRQHandler) refers to buffer.o(i.EnBuffer) for EnBuffer
    myuart.o(i.EUSCIA2_IRQHandler) refers to buffer.o(.bss) for myBuffer
    myuart.o(i.Usart_SendByte) refers to uart_MSP432P4XX.o(i.UART_transmitData) for UART_transmitData
    myuart.o(i.Usart_SendString) refers to myuart.o(i.Usart_SendByte) for Usart_SendByte
    myuart.o(i.myUartInit) refers to memcpy.o(.text) for __aeabi_memcpy4
    myuart.o(i.myUartInit) refers to buffer.o(i.BufferInit) for BufferInit
    myuart.o(i.myUartInit) refers to myuart.o(.constdata) for .constdata
    myuart.o(i.myUartInit) refers to buffer.o(.bss) for myBuffer
    tick.o(i.SysTick_Handler) refers to tick.o(.data) for _ticker_count
    tick.o(i.delay_ms) refers to tick.o(i.ms_ticker_read) for ms_ticker_read
    tick.o(i.ms_ticker_init) refers to system_msp432p401r.o(.data) for SystemCoreClock
    tick.o(i.ms_ticker_read) refers to tick.o(.data) for _ticker_count
    buffer.o(i.BufferLength) refers to buffer.o(i.DeBuffer) for DeBuffer
    buffer.o(i.traverseBuffer) refers to buffer.o(i.isEmpty) for isEmpty
    buffer.o(i.traverseBuffer) refers to printfa.o(i.__0printf) for __2printf
    buffer.o(i.traverseBuffer) refers to buffer.o(i.DeBuffer) for DeBuffer
    atcommand.o(i.ATCheckSetResponse) refers to buffer.o(i.BufferLength) for BufferLength
    atcommand.o(i.ATCheckSetResponse) refers to printfa.o(i.__0printf) for __2printf
    atcommand.o(i.ATCheckSetResponse) refers to buffer.o(i.BufferInit) for BufferInit
    atcommand.o(i.ATCheckSetResponse) refers to buffer.o(i.DeBuffer) for DeBuffer
    atcommand.o(i.ATCheckSetResponse) refers to atcommand.o(.bss) for tempBuffer
    atcommand.o(i.AT_Get_SUB_In_Json) refers to buffer.o(i.isEmpty) for isEmpty
    atcommand.o(i.AT_Get_SUB_In_Json) refers to memseta.o(.text) for __aeabi_memclr
[...]
    printfa.o(i.__0vfprintf) refers (Special) to iusefp.o(.text) for __I$use$fp
    printfa.o(i.__0vfprintf) refers to printfa.o(i._printf_core) for _printf_core
    printfa.o(i.__0vfprintf) refers to main.o(i.fputc) for fputc
    printfa.o(i.__0vprintf) refers (Special) to iusefp.o(.text) for __I$use$fp
    printfa.o(i.__0vprintf) refers to printfa.o(i._printf_core) for _printf_core
    printfa.o(i.__0vprintf) refers to main.o(i.fputc) for fputc
    printfa.o(i.__0vprintf) refers to stdout.o(.data) for __stdout
    printfa.o(i.__0vsnprintf) refers (Special) to iusefp.o(.text) for __I$use$fp
    printfa.o(i.__0vsnprintf) refers to printfa.o(i._printf_core) for _printf_core
    printfa.o(i.__0vsnprintf) refers to printfa.o(i._snputc) for _snputc
    printfa.o(i.__0vsprintf) refers (Special) to iusefp.o(.text) for __I$use$fp
    printfa.o(i.__0vsprintf) refers to printfa.o(i._printf_core) for _printf_core
    printfa.o(i.__0vsprintf) refers to printfa.o(i._sputc) for _sputc
    printfa.o(i._fp_digits) refers (Special) to iusefp.o(.text) for __I$use$fp
    printfa.o(i._fp_digits) refers to dmul.o(.text) for __aeabi_dmul
    printfa.o(i._fp_digits) refers to ddiv.o(.text) for __aeabi_ddiv
    printfa.o(i._fp_digits) refers to cdrcmple.o(.text) for __aeabi_cdrcmple
    printfa.o(i._fp_digits) refers to dadd.o(.text) for __aeabi_dadd
    printfa.o(i._fp_digits) refers to dfixul.o(.text) for __aeabi_d2ulz
    printfa.o(i._fp_digits) refers to uldiv.o(.text) for __aeabi_uldivmod
    printfa.o(i._printf_core) refers (Special) to iusefp.o(.text) for __I$use$fp
    printfa.o(i._printf_core) refers to printfa.o(i._printf_pre_padding) for _printf_pre_padding
    printfa.o(i._printf_core) refers to uldiv.o(.text) for __aeabi_uldivmod
    printfa.o(i._printf_core) refers to printfa.o(i._printf_post_padding) for _printf_post_padding
    printfa.o(i._printf_core) refers to printfa.o(i._fp_digits) for _fp_digits
    printfa.o(i._printf_core) refers to uidiv.o(.text) for __aeabi_uidivmod
    printfa.o(i._printf_post_padding) refers (Special) to iusefp.o(.text) for __I$use$fp
    printfa.o(i._printf_pre_padding) refers (Special) to iusefp.o(.text) for __I$use$fp
    printfa.o(i._snputc) refers (Special) to iusefp.o(.text) for __I$use$fp
    printfa.o(i._sputc) refers (Special) to iusefp.o(.text) for __I$use$fp
    malloc.o(i.free) refers to mvars.o(.data) for __microlib_freelist
    malloc.o(i.malloc) refers to mvars.o(.data) for __microlib_freelist_initialised
    malloc.o(i.malloc) refers to mvars.o(.data) for __microlib_freelist
    malloc.o(i.malloc) refers to startup_msp432p401r_uvision.o(HEAP) for __heap_base
    mallocr.o(i.__free$realloc) refers to mvars.o(.data) for __microlib_freelist
    mallocr.o(i.__malloc$realloc) refers to mallocr.o(i.internal_alloc) for internal_alloc
    mallocr.o(i.__malloc$realloc) refers to mvars.o(.data) for __microlib_freelist_initialised
    mallocr.o(i.__malloc$realloc) refers to startup_msp432p401r_uvision.o(HEAP) for __heap_base
    mallocr.o(i.__malloc$realloc) refers to mvars.o(.data) for __microlib_freelist
    mallocr.o(i.internal_alloc) refers to memcpy.o(.text) for __aeabi_memcpy
    mallocr.o(i.internal_alloc) refers to mvars.o(.data) for __microlib_freelist
    mallocr.o(i.realloc) refers to mallocr.o(i.__free$realloc) for free
    mallocr.o(i.realloc) refers to mallocr.o(i.internal_alloc) for internal_alloc
    mallocr.o(i.realloc) refers to mallocr.o(i.__malloc$realloc) for malloc
    mallocr.o(i.realloc) refers to mvars.o(.data) for __microlib_freelist
    malloca.o(i.__aligned_malloc) refers to mvars.o(.data) for __microlib_freelist_initialised
    malloca.o(i.__aligned_malloc) refers to mvars.o(.data) for __microlib_freelist
    malloca.o(i.__aligned_malloc) refers to startup_msp432p401r_uvision.o(HEAP) for __heap_base
    malloca.o(i.__free$memalign) refers to mvars.o(.data) for __microlib_freelist
    malloca.o(i.__malloc$memalign) refers to malloca.o(i.__aligned_malloc) for __aligned_malloc
    mallocra.o(i.__aligned_malloc$realloc) refers to mallocra.o(i.internal_alloc) for internal_alloc
    mallocra.o(i.__aligned_malloc$realloc) refers to mvars.o(.data) for __microlib_freelist_initialised
    mallocra.o(i.__aligned_malloc$realloc) refers to startup_msp432p401r_uvision.o(HEAP) for __heap_base
    mallocra.o(i.__aligned_malloc$realloc) refers to mvars.o(.data) for __microlib_freelist
    mallocra.o(i.__free$realloc$memalign) refers to mvars.o(.data) for __microlib_freelist
    mallocra.o(i.__malloc$realloc$memalign) refers to mallocra.o(i.__aligned_malloc$realloc) for __aligned_malloc$realloc
    mallocra.o(i.__realloc$memalign) refers to mallocra.o(i.__free$realloc$memalign) for __free$realloc$memalign
    mallocra.o(i.__realloc$memalign) refers to mallocra.o(i.internal_alloc) for internal_alloc
    mallocra.o(i.__realloc$memalign) refers to mallocra.o(i.__malloc$realloc$memalign) for __malloc$realloc$memalign
    mallocra.o(i.__realloc$memalign) refers to mvars.o(.data) for __microlib_freelist
    mallocra.o(i.internal_alloc) refers to memcpy.o(.text) for __aeabi_memcpy
    mallocra.o(i.internal_alloc) refers to mvars.o(.data) for __microlib_freelist
    sscanf.o(.text) refers (Special) to _scanf_int.o(.text) for _scanf_int
    sscanf.o(.text) refers (Special) to _scanf_longlong.o(.text) for _scanf_longlong
    sscanf.o(.text) refers (Special) to scanf_fp.o(.text) for _scanf_real
    sscanf.o(.text) refers (Special) to _scanf_str.o(.text) for _scanf_string
    sscanf.o(.text) refers to scanf_char.o(.text) for __vfscanf_char
    sscanf.o(.text) refers to _sgetc.o(.text) for _sgetc
    dadd.o(.text) refers (Special) to iusefp.o(.text) for __I$use$fp
    dadd.o(.text) refers to llshl.o(.text) for __aeabi_llsl
    dadd.o(.text) refers to llsshr.o(.text) for __aeabi_lasr
    dadd.o(.text) refers to depilogue.o(.text) for _double_epilogue
    dmul.o(.text) refers (Special) to iusefp.o(.text) for __I$use$fp
    dmul.o(.text) refers to depilogue.o(.text) for _double_epilogue
    dflti.o(.text) refers (Special) to iusefp.o(.text) for __I$use$fp
    dflti.o(.text) refers to depilogue.o(.text) for _double_epilogue
    dfixi.o(.text) refers (Special) to iusefp.o(.text) for __I$use$fp
    dfixi.o(.text) refers to llushr.o(.text) for __aeabi_llsr
    f2d.o(.text) refers (Special) to iusefp.o(.text) for __I$use$fp
    cdcmple.o(.text) refers (Special) to iusefp.o(.text) for __I$use$fp
    cdrcmple.o(.text) refers (Special) to iusefp.o(.text) for __I$use$fp
    entry2.o(.ARM.Collect$$$$00000001) refers to entry2.o(.ARM.Collect$$$$00002712) for __lit__00000000
    entry2.o(.ARM.Collect$$$$00002712) refers to startup_msp432p401r_uvision.o(STACK) for __initial_sp
    entry2.o(__vectab_stack_and_reset_area) refers to startup_msp432p401r_uvision.o(STACK) for __initial_sp
    entry2.o(__vectab_stack_and_reset_area) refers to entry.o(.ARM.Collect$$$$00000000) for __main
    entry5.o(.ARM.Collect$$$$00000004) refers to init.o(.text) for __scatterload
    entry9a.o(.ARM.Collect$$$$0000000B) refers to main.o(i.main) for main
    entry9b.o(.ARM.Collect$$$$0000000C) refers to main.o(i.main) for main
    uldiv.o(.text) refers to llushr.o(.text) for __aeabi_llsr
    uldiv.o(.text) refers to llshl.o(.text) for __aeabi_llsl
    _scanf_longlong.o(.text) refers to _chval.o(.text) for _chval
    _scanf_int.o(.text) refers to _chval.o(.text) for _chval
    scanf_fp.o(.text) refers (Special) to iusefp.o(.text) for __I$use$fp
    scanf_fp.o(.text) refers to dfltul.o(.text) for __aeabi_ul2d
    scanf_fp.o(.text) refers to dmul.o(.text) for __aeabi_dmul
    scanf_fp.o(.text) refers to ddiv.o(.text) for __aeabi_ddiv
    scanf_fp.o(.text) refers to scanf_fp.o(i._is_digit) for _is_digit
    scanf_fp.o(.text) refers to d2f.o(.text) for __aeabi_d2f
    scanf_char.o(.text) refers to _scanf.o(.text) for __vfscanf
    scanf_char.o(.text) refers to isspace_c.o(.text) for isspace
    strtod.o(.text) refers to scanf_fp.o(.text) for _scanf_real
    strtod.o(.text) refers to _sgetc.o(.text) for _sgetc
    strtod.o(.text) refers to isspace_c.o(.text) for isspace
    depilogue.o(.text) refers to llshl.o(.text) for __aeabi_llsl
    depilogue.o(.text) refers to llushr.o(.text) for __aeabi_llsr
    ddiv.o(.text) refers to depilogue.o(.text) for _double_round
    dfixul.o(.text) refers to llushr.o(.text) for __aeabi_llsr
    dfixul.o(.text) refers to llshl.o(.text) for __aeabi_llsl
    init.o(.text) refers to entry5.o(.ARM.Collect$$$$00000004) for __main_after_scatterload
    isspace_c.o(.text) refers to ctype_c.o(.text) for __ctype_lookup
    _scanf.o(.text) refers (Weak) to scanf_fp.o(.text) for _scanf_real
    _scanf.o(.text) refers (Weak) to _scanf_longlong.o(.text) for _scanf_longlong
    _scanf.o(.text) refers (Weak) to _scanf_int.o(.text) for _scanf_int
    _scanf.o(.text) refers (Weak) to _scanf_str.o(.text) for _scanf_string
    dfltul.o(.text) refers to depilogue.o(.text) for _double_epilogue
    d2f.o(.text) refers to fepilogue.o(.text) for _float_round
    ctype_c.o(.text) refers to ctype_c.o(.constdata) for .constdata
    scanf_fp.o(i._is_digit) refers (Special) to iusefp.o(.text) for __I$use$fp


==============================================================================

Removing Unused input sections from the image.

    Removing system_msp432p401r.o(.rev16_text), (4 bytes).
    Removing system_msp432p401r.o(.revsh_text), (4 bytes).
    Removing system_msp432p401r.o(.rrx_text), (6 bytes).
    Removing system_msp432p401r.o(i.SystemCoreClockUpdate), (628 bytes).
    Removing main.o(.rev16_text), (4 bytes).
    Removing main.o(.revsh_text), (4 bytes).
    Removing main.o(.rrx_text), (6 bytes).
    Removing myuart.o(.rev16_text), (4 bytes).
    Removing myuart.o(.revsh_text), (4 bytes).
    Removing myuart.o(.rrx_text), (6 bytes).
    Removing tick.o(.rev16_text), (4 bytes).
    Removing tick.o(.revsh_text), (4 bytes).
    Removing tick.o(.rrx_text), (6 bytes).
    Removing buffer.o(.rev16_text), (4 bytes).
    Removing buffer.o(.revsh_text), (4 bytes).
    Removing buffer.o(.rrx_text), (6 bytes).
    Removing buffer.o(i.traverseBuffer), (52 bytes).
    Removing atcommand.o(.rev16_text), (4 bytes).
    Removing atcommand.o(.revsh_text), (4 bytes).
    Removing atcommand.o(.rrx_text), (6 bytes).
    Removing cjson.o(i.add_item_to_array), (54 bytes).
    Removing cjson.o(i.add_item_to_object), (122 bytes).
    Removing cjson.o(i.cJSON_AddArrayToObject), (48 bytes).
    Removing cjson.o(i.cJSON_AddBoolToObject), (52 bytes).
    Removing cjson.o(i.cJSON_AddFalseToObject), (48 bytes).
    Removing cjson.o(i.cJSON_AddItemReferenceToArray), (36 bytes).
    Removing cjson.o(i.cJSON_AddItemReferenceToObject), (48 bytes).
    Removing cjson.o(i.cJSON_AddItemToArray), (16 bytes).
    Removing cjson.o(i.cJSON_AddItemToObject), (32 bytes).
    Removing cjson.o(i.cJSON_AddItemToObjectCS), (32 bytes).
    Removing cjson.o(i.cJSON_AddNullToObject), (48 bytes).
    Removing cjson.o(i.cJSON_AddNumberToObject), (76 bytes).
    Removing cjson.o(i.cJSON_AddObjectToObject), (48 bytes).
    Removing cjson.o(i.cJSON_AddRawToObject), (52 bytes).
    Removing cjson.o(i.cJSON_AddStringToObject), (52 bytes).
    Removing cjson.o(i.cJSON_AddTrueToObject), (48 bytes).
    Removing cjson.o(i.cJSON_Compare), (386 bytes).
    Removing cjson.o(i.cJSON_CreateArray), (24 bytes).
    Removing cjson.o(i.cJSON_CreateArrayReference), (36 bytes).
    Removing cjson.o(i.cJSON_CreateBool), (32 bytes).
    Removing cjson.o(i.cJSON_CreateDoubleArray), (106 bytes).
    Removing cjson.o(i.cJSON_CreateFalse), (24 bytes).
    Removing cjson.o(i.cJSON_CreateFloatArray), (128 bytes).
    Removing cjson.o(i.cJSON_CreateIntArray), (118 bytes).
    Removing cjson.o(i.cJSON_CreateNull), (24 bytes).
    Removing cjson.o(i.cJSON_CreateNumber), (124 bytes).
    Removing cjson.o(i.cJSON_CreateObject), (24 bytes).
    Removing cjson.o(i.cJSON_CreateObjectReference), (36 bytes).
    Removing cjson.o(i.cJSON_CreateRaw), (52 bytes).
    Removing cjson.o(i.cJSON_CreateString), (52 bytes).
    Removing cjson.o(i.cJSON_CreateStringArray), (94 bytes).
    Removing cjson.o(i.cJSON_CreateStringReference), (36 bytes).
    Removing cjson.o(i.cJSON_CreateTrue), (24 bytes).
    Removing cjson.o(i.cJSON_DeleteItemFromArray), (22 bytes).
    Removing cjson.o(i.cJSON_DeleteItemFromObject), (22 bytes).
    Removing cjson.o(i.cJSON_DeleteItemFromObjectCaseSensitive), (22 bytes).
    Removing cjson.o(i.cJSON_DetachItemFromArray), (34 bytes).
    Removing cjson.o(i.cJSON_DetachItemFromObject), (26 bytes).
    Removing cjson.o(i.cJSON_DetachItemFromObjectCaseSensitive), (26 bytes).
    Removing cjson.o(i.cJSON_DetachItemViaPointer), (64 bytes).
    Removing cjson.o(i.cJSON_Duplicate), (192 bytes).
    Removing cjson.o(i.cJSON_GetArrayItem), (24 bytes).
    Removing cjson.o(i.cJSON_GetArraySize), (28 bytes).
    Removing cjson.o(i.cJSON_GetErrorPtr), (16 bytes).
    Removing cjson.o(i.cJSON_GetNumberValue), (32 bytes).
    Removing cjson.o(i.cJSON_GetObjectItem), (18 bytes).
    Removing cjson.o(i.cJSON_GetStringValue), (20 bytes).
    Removing cjson.o(i.cJSON_HasObjectItem), (24 bytes).
    Removing cjson.o(i.cJSON_InitHooks), (100 bytes).
    Removing cjson.o(i.cJSON_InsertItemInArray), (70 bytes).
    Removing cjson.o(i.cJSON_IsArray), (22 bytes).
    Removing cjson.o(i.cJSON_IsBool), (24 bytes).
    Removing cjson.o(i.cJSON_IsFalse), (20 bytes).
    Removing cjson.o(i.cJSON_IsInvalid), (20 bytes).
    Removing cjson.o(i.cJSON_IsNull), (22 bytes).
    Removing cjson.o(i.cJSON_IsRaw), (22 bytes).
    Removing cjson.o(i.cJSON_IsString), (22 bytes).
    Removing cjson.o(i.cJSON_IsTrue), (22 bytes).
    Removing cjson.o(i.cJSON_Minify), (154 bytes).
    Removing cjson.o(i.cJSON_ParseWithLength), (20 bytes).
    Removing cjson.o(i.cJSON_Print), (20 bytes).
    Removing cjson.o(i.cJSON_PrintBuffered), (96 bytes).
    Removing cjson.o(i.cJSON_PrintPreallocated), (68 bytes).
    Removing cjson.o(i.cJSON_PrintUnformatted), (20 bytes).
    Removing cjson.o(i.cJSON_ReplaceItemInArray), (42 bytes).
    Removing cjson.o(i.cJSON_ReplaceItemInObject), (22 bytes).
    Removing cjson.o(i.cJSON_ReplaceItemInObjectCaseSensitive), (22 bytes).
    Removing cjson.o(i.cJSON_ReplaceItemViaPointer), (96 bytes).
    Removing cjson.o(i.cJSON_SetNumberHelper), (112 bytes).
    Removing cjson.o(i.cJSON_SetValuestring), (100 bytes).
    Removing cjson.o(i.cJSON_Version), (40 bytes).
    Removing cjson.o(i.cJSON_free), (20 bytes).
    Removing cjson.o(i.cJSON_malloc), (20 bytes).
    Removing cjson.o(i.cJSON_strdup), (56 bytes).
    Removing cjson.o(i.cast_away_const), (2 bytes).
    Removing cjson.o(i.compare_double), (200 bytes).
    Removing cjson.o(i.create_reference), (60 bytes).
    Removing cjson.o(i.ensure), (186 bytes).
    Removing cjson.o(i.get_array_item), (30 bytes).
    Removing cjson.o(i.minify_string), (116 bytes).
    Removing cjson.o(i.print), (180 bytes).
    Removing cjson.o(i.print_array), (178 bytes).
    Removing cjson.o(i.print_number), (312 bytes).
    Removing cjson.o(i.print_object), (372 bytes).
    Removing cjson.o(i.print_string), (16 bytes).
    Removing cjson.o(i.print_string_ptr), (372 bytes).
    Removing cjson.o(i.print_value), (260 bytes).
    Removing cjson.o(i.replace_item_in_object), (88 bytes).
    Removing cjson.o(i.skip_multiline_comment), (50 bytes).
    Removing cjson.o(i.skip_oneline_comment), (42 bytes).
    Removing cjson.o(i.suffix_object), (6 bytes).
    Removing cjson.o(i.update_offset), (36 bytes).
    Removing cjson.o(.bss), (15 bytes).
    Removing sign_mqtt.o(.ARM.exidx), (8 bytes).
    Removing sign_mqtt.o(.ARM.exidx), (8 bytes).
    Removing sign_mqtt.o(.ARM.exidx), (8 bytes).
    Removing sign_mqtt.o(.ARM.exidx), (8 bytes).
    Removing sign_sha256.o(i._Z12utils_sha256PKhjPh), (50 bytes).
    Removing sign_sha256.o(i._Z17utils_sha256_freeP18iot_sha256_context), (20 bytes).
    Removing sign_sha256.o(i._Z20utils_sha256_zeroizePvj), (22 bytes).
    Removing sign_sha256.o(.ARM.exidx), (8 bytes).
    Removing sign_sha256.o(.ARM.exidx), (8 bytes).
    Removing sign_sha256.o(.ARM.exidx), (8 bytes).
    Removing sign_sha256.o(.ARM.exidx), (8 bytes).
    Removing sign_sha256.o(.ARM.exidx), (8 bytes).
    Removing sign_sha256.o(.ARM.exidx), (8 bytes).
    Removing sign_sha256.o(.ARM.exidx), (8 bytes).
    Removing sign_sha256.o(.ARM.exidx), (8 bytes).
    Removing sign_sha256.o(.ARM.exidx), (8 bytes).
    Removing uart_MSP432P4XX.o(.rev16_text), (4 bytes).
    Removing uart_MSP432P4XX.o(.revsh_text), (4 bytes).
    Removing uart_MSP432P4XX.o(.rrx_text), (6 bytes).
    Removing uart_MSP432P4XX.o(i.UART_clearInterruptFlag), (10 bytes).
    Removing uart_MSP432P4XX.o(i.UART_disableInterrupt), (26 bytes).
    Removing uart_MSP432P4XX.o(i.UART_disableModule), (12 bytes).
    Removing uart_MSP432P4XX.o(i.UART_enableInterrupt), (22 bytes).
    Removing uart_MSP432P4XX.o(i.UART_enableModule), (12 bytes).
    Removing uart_MSP432P4XX.o(i.UART_getEnabledInterruptStatus), (34 bytes).
    Removing uart_MSP432P4XX.o(i.UART_getInterruptStatus), (6 bytes).
    Removing uart_MSP432P4XX.o(i.UART_getReceiveBufferAddressForDMA), (4 bytes).
    Removing uart_MSP432P4XX.o(i.UART_getTransmitBufferAddressForDMA), (4 bytes).
    Removing uart_MSP432P4XX.o(i.UART_initModule), (136 bytes).
    Removing uart_MSP432P4XX.o(i.UART_queryStatusFlags), (6 bytes).
    Removing uart_MSP432P4XX.o(i.UART_registerInterrupt), (96 bytes).
    Removing uart_MSP432P4XX.o(i.UART_resetDormant), (12 bytes).
    Removing uart_MSP432P4XX.o(i.UART_selectDeglitchTime), (12 bytes).
    Removing uart_MSP432P4XX.o(i.UART_setDormant), (12 bytes).
    Removing uart_MSP432P4XX.o(i.UART_transmitAddress), (14 bytes).
    Removing uart_MSP432P4XX.o(i.UART_transmitBreak), (48 bytes).
    Removing uart_MSP432P4XX.o(i.UART_unregisterInterrupt), (96 bytes).
    Removing interrupt_MSP432P4XX.o(.rev16_text), (4 bytes).
    Removing interrupt_MSP432P4XX.o(.revsh_text), (4 bytes).
    Removing interrupt_MSP432P4XX.o(.rrx_text), (6 bytes).
    Removing interrupt_MSP432P4XX.o(i.IntDefaultHandler), (2 bytes).
    Removing interrupt_MSP432P4XX.o(i.Interrupt_disableInterrupt), (100 bytes).
    Removing interrupt_MSP432P4XX.o(i.Interrupt_disableMaster), (14 bytes).
    Removing interrupt_MSP432P4XX.o(i.Interrupt_disableSleepOnIsrExit), (16 bytes).
    Removing interrupt_MSP432P4XX.o(i.Interrupt_enableInterrupt), (100 bytes).
    Removing interrupt_MSP432P4XX.o(i.Interrupt_enableMaster), (14 bytes).
    Removing interrupt_MSP432P4XX.o(i.Interrupt_enableSleepOnIsrExit), (16 bytes).
    Removing interrupt_MSP432P4XX.o(i.Interrupt_getPriority), (28 bytes).
    Removing interrupt_MSP432P4XX.o(i.Interrupt_getPriorityGrouping), (36 bytes).
    Removing interrupt_MSP432P4XX.o(i.Interrupt_getPriorityMask), (10 bytes).
    Removing interrupt_MSP432P4XX.o(i.Interrupt_getVectorTableAddress), (12 bytes).
    Removing interrupt_MSP432P4XX.o(i.Interrupt_isEnabled), (104 bytes).
    Removing interrupt_MSP432P4XX.o(i.Interrupt_pendInterrupt), (84 bytes).
    Removing interrupt_MSP432P4XX.o(i.Interrupt_registerInterrupt), (52 bytes).
    Removing interrupt_MSP432P4XX.o(i.Interrupt_setPriority), (40 bytes).
    Removing interrupt_MSP432P4XX.o(i.Interrupt_setPriorityGrouping), (28 bytes).
    Removing interrupt_MSP432P4XX.o(i.Interrupt_setPriorityMask), (4 bytes).
    Removing interrupt_MSP432P4XX.o(i.Interrupt_setVectorTableAddress), (12 bytes).
    Removing interrupt_MSP432P4XX.o(i.Interrupt_unpendInterrupt), (68 bytes).
    Removing interrupt_MSP432P4XX.o(i.Interrupt_unregisterInterrupt), (20 bytes).
    Removing interrupt_MSP432P4XX.o(.constdata), (144 bytes).
    Removing interrupt_MSP432P4XX.o(vtable), (232 bytes).
    Removing cpu_MSP432P4XX.o(.rev16_text), (4 bytes).
    Removing cpu_MSP432P4XX.o(.revsh_text), (4 bytes).
    Removing cpu_MSP432P4XX.o(.rrx_text), (6 bytes).
    Removing cpu_MSP432P4XX.o(.emb_text), (38 bytes).
    Removing dflti.o(.text), (34 bytes).
    Removing f2d.o(.text), (38 bytes).

181 unused section(s) (total 9285 bytes) removed from the image.

==============================================================================

Image Symbol Table

    Local Symbols

    Symbol Name                              Value     Ov Type        Size  Object(Section)

    RESET                                    0x00000000   Section      324  startup_msp432p401r_uvision.o(RESET)
    ../clib/microlib/ctype/ctype.c           0x00000000   Number         0  isspace_c.o ABSOLUTE
    ../clib/microlib/ctype/ctype.c           0x00000000   Number         0  ctype_c.o ABSOLUTE
    ../clib/microlib/ctype/tolower.c         0x00000000   Number         0  tolower.o ABSOLUTE
    ../clib/microlib/division.c              0x00000000   Number         0  uldiv.o ABSOLUTE
    ../clib/microlib/division.c              0x00000000   Number         0  uidiv.o ABSOLUTE
    ../clib/microlib/init/entry.s            0x00000000   Number         0  entry5.o ABSOLUTE
    ../clib/microlib/init/entry.s            0x00000000   Number         0  entry9a.o ABSOLUTE
    ../clib/microlib/init/entry.s            0x00000000   Number         0  entry.o ABSOLUTE
    ../clib/microlib/init/entry.s            0x00000000   Number         0  entry8b.o ABSOLUTE
    ../clib/microlib/init/entry.s            0x00000000   Number         0  entry8a.o ABSOLUTE
    ../clib/microlib/init/entry.s            0x00000000   Number         0  entry7b.o ABSOLUTE
    ../clib/microlib/init/entry.s            0x00000000   Number         0  entry7a.o ABSOLUTE
    ../clib/microlib/init/entry.s            0x00000000   Number         0  entry11b.o ABSOLUTE
    ../clib/microlib/init/entry.s            0x00000000   Number         0  entry11a.o ABSOLUTE
    ../clib/microlib/init/entry.s            0x00000000   Number         0  entry10b.o ABSOLUTE
    ../clib/microlib/init/entry.s            0x00000000   Number         0  entry10a.o ABSOLUTE
    ../clib/microlib/init/entry.s            0x00000000   Number         0  entry2.o ABSOLUTE
    ../clib/microlib/init/entry.s            0x00000000   Number         0  entry9b.o ABSOLUTE
    ../clib/microlib/longlong.c              0x00000000   Number         0  llsshr.o ABSOLUTE
    ../clib/microlib/longlong.c              0x00000000   Number         0  llushr.o ABSOLUTE
    ../clib/microlib/longlong.c              0x00000000   Number         0  llshl.o ABSOLUTE
    ../clib/microlib/malloc/malloc.c         0x00000000   Number         0  malloca.o ABSOLUTE
    ../clib/microlib/malloc/malloc.c         0x00000000   Number         0  mallocra.o ABSOLUTE
    ../clib/microlib/malloc/malloc.c         0x00000000   Number         0  mallocr.o ABSOLUTE
    ../clib/microlib/malloc/malloc.c         0x00000000   Number         0  malloc.o ABSOLUTE
    ../clib/microlib/malloc/mvars.c          0x00000000   Number         0  mvars.o ABSOLUTE
    ../clib/microlib/printf/printf.c         0x00000000   Number         0  printfb.o ABSOLUTE
    ../clib/microlib/printf/printf.c         0x00000000   Number         0  printf0.o ABSOLUTE
    ../clib/microlib/printf/printf.c         0x00000000   Number         0  printf1.o ABSOLUTE
    ../clib/microlib/printf/printf.c         0x00000000   Number         0  printf6.o ABSOLUTE
    ../clib/microlib/printf/printf.c         0x00000000   Number         0  printf5.o ABSOLUTE
    ../clib/microlib/printf/printf.c         0x00000000   Number         0  printf4.o ABSOLUTE
    ../clib/microlib/printf/printf.c         0x00000000   Number         0  printf7.o ABSOLUTE
    ../clib/microlib/printf/printf.c         0x00000000   Number         0  printf2.o ABSOLUTE
    ../clib/microlib/printf/printf.c         0x00000000   Number         0  printf3.o ABSOLUTE
    ../clib/microlib/printf/printf.c         0x00000000   Number         0  printfa.o ABSOLUTE
    ../clib/microlib/printf/printf.c         0x00000000   Number         0  printf8.o ABSOLUTE
    ../clib/microlib/printf/stubs.s          0x00000000   Number         0  stubs.o ABSOLUTE
    ../clib/microlib/stdio/streams.c         0x00000000   Number         0  stdout.o ABSOLUTE
    ../clib/microlib/string/memcpy.c         0x00000000   Number         0  memcpya.o ABSOLUTE
    ../clib/microlib/string/memcpy.c         0x00000000   Number         0  memcpy.o ABSOLUTE
    ../clib/microlib/string/memcpy.c         0x00000000   Number         0  memcpyb.o ABSOLUTE
    ../clib/microlib/string/memcpy.c         0x00000000   Number         0  memcpyc.o ABSOLUTE
    ../clib/microlib/string/memset.c         0x00000000   Number         0  memseta.o ABSOLUTE
    ../clib/microlib/string/memset.c         0x00000000   Number         0  memset.o ABSOLUTE
    ../clib/microlib/string/strcmp.c         0x00000000   Number         0  strcmp.o ABSOLUTE
    ../clib/microlib/string/strcpy.c         0x00000000   Number         0  strcpy.o ABSOLUTE
    ../clib/microlib/string/strlen.c         0x00000000   Number         0  strlen.o ABSOLUTE
    ../clib/microlib/string/strncmp.c        0x00000000   Number         0  strncmp.o ABSOLUTE
    ../clib/microlib/stubs.s                 0x00000000   Number         0  iusefp.o ABSOLUTE
    ../clib/scanf.c                          0x00000000   Number         0  _chval.o ABSOLUTE
    ../clib/scanf.c                          0x00000000   Number         0  strtod.o ABSOLUTE
    ../clib/scanf.c                          0x00000000   Number         0  _sgetc.o ABSOLUTE
    ../clib/scanf.c                          0x00000000   Number         0  scanf_fp.o ABSOLUTE
    ../clib/scanf.c                          0x00000000   Number         0  _scanf_str.o ABSOLUTE
    ../clib/scanf.c                          0x00000000   Number         0  _scanf_int.o ABSOLUTE
    ../clib/scanf.c                          0x00000000   Number         0  _scanf_longlong.o ABSOLUTE
    ../clib/scanf.c                          0x00000000   Number         0  scanf_char.o ABSOLUTE
    ../clib/scanf.c                          0x00000000   Number         0  sscanf.o ABSOLUTE
    ../clib/scanf.c                          0x00000000   Number         0  _scanf.o ABSOLUTE
    ../fplib/microlib/d2f.c                  0x00000000   Number         0  d2f.o ABSOLUTE
    ../fplib/microlib/f2d.c                  0x00000000   Number         0  f2d.o ABSOLUTE
    ../fplib/microlib/fpadd.c                0x00000000   Number         0  dadd.o ABSOLUTE
    ../fplib/microlib/fpdiv.c                0x00000000   Number         0  ddiv.o ABSOLUTE
    ../fplib/microlib/fpepilogue.c           0x00000000   Number         0  fepilogue.o ABSOLUTE
    ../fplib/microlib/fpepilogue.c           0x00000000   Number         0  depilogue.o ABSOLUTE
    ../fplib/microlib/fpfix.c                0x00000000   Number         0  dfixul.o ABSOLUTE
    ../fplib/microlib/fpfix.c                0x00000000   Number         0  dfixi.o ABSOLUTE
    ../fplib/microlib/fpflt.c                0x00000000   Number         0  dflti.o ABSOLUTE
    ../fplib/microlib/fpflt.c                0x00000000   Number         0  dfltul.o ABSOLUTE
    ../fplib/microlib/fpmul.c                0x00000000   Number         0  dmul.o ABSOLUTE
    ../mathlib/fabs.c                        0x00000000   Number         0  fabs.o ABSOLUTE
    ../mathlib/strtod.c                      0x00000000   Number         0  strtod.o ABSOLUTE
    ..\ATCommand.c                           0x00000000   Number         0  atcommand.o ABSOLUTE
    ..\\ATCommand.c                          0x00000000   Number         0  atcommand.o ABSOLUTE
    ..\\buffer.c                             0x00000000   Number         0  buffer.o ABSOLUTE
    ..\\main.c                               0x00000000   Number         0  main.o ABSOLUTE
    ..\\myUart.c                             0x00000000   Number         0  myuart.o ABSOLUTE
    ..\\source\\ti\\devices\\msp432p4xx\\startup_system_files\\system_msp432p401r.c 0x00000000   Number         0  system_msp432p401r.o ABSOLUTE
    ..\\tick.c                               0x00000000   Number         0  tick.o ABSOLUTE
    ..\buffer.c                              0x00000000   Number         0  buffer.o ABSOLUTE
    ..\cJSON.c                               0x00000000   Number         0  cjson.o ABSOLUTE
    ..\main.c                                0x00000000   Number         0  main.o ABSOLUTE
    ..\myUart.c                              0x00000000   Number         0  myuart.o ABSOLUTE
    ..\sign_mqtt.cpp                         0x00000000   Number         0  sign_mqtt.o ABSOLUTE
    ..\sign_sha256.cpp                       0x00000000   Number         0  sign_sha256.o ABSOLUTE
    ..\source\ti\devices\msp432p4xx\startup_system_files\keil\startup_msp432p401r_uvision.s 0x00000000   Number         0  startup_msp432p401r_uvision.o ABSOLUTE
    ..\source\ti\devices\msp432p4xx\startup_system_files\system_msp432p401r.c 0x00000000   Number         0  system_msp432p401r.o ABSOLUTE
    ..\tick.c                                0x00000000   Number         0  tick.o ABSOLUTE
    cdcmple.s                                0x00000000   Number         0  cdcmple.o ABSOLUTE
    cdrcmple.s                               0x00000000   Number         0  cdrcmple.o ABSOLUTE
    dc.s                                     0x00000000   Number         0  dc.o ABSOLUTE
    handlers.s                               0x00000000   Number         0  handlers.o ABSOLUTE
    init.s                                   0x00000000   Number         0  init.o ABSOLUTE
    source/ti/devices/msp432p4xx/driverlib/cpu.c 0x00000000   Number         0  cpu_MSP432P4XX.o ABSOLUTE
    source/ti/devices/msp432p4xx/driverlib/cpu.c 0x00000000   Number         0  cpu_MSP432P4XX.o ABSOLUTE
    source/ti/devices/msp432p4xx/driverlib/interrupt.c 0x00000000   Number         0  interrupt_MSP432P4XX.o ABSOLUTE
    source/ti/devices/msp432p4xx/driverlib/interrupt.c 0x00000000   Number         0  interrupt_MSP432P4XX.o ABSOLUTE
    source/ti/devices/msp432p4xx/driverlib/uart.c 0x00000000   Number         0  uart_MSP432P4XX.o ABSOLUTE
    source/ti/devices/msp432p4xx/driverlib/uart.c 0x00000000   Number         0  uart_MSP432P4XX.o ABSOLUTE
    .ARM.Collect$$$$00000000                 0x00000144   Section        0  entry.o(.ARM.Collect$$$$00000000)
    .ARM.Collect$$$$00000001                 0x00000144   Section        4  entry2.o(.ARM.Collect$$$$00000001)
    .ARM.Collect$$$$00000004                 0x00000148   Section        4  entry5.o(.ARM.Collect$$$$00000004)
    .ARM.Collect$$$$00000008                 0x0000014c   Section        0  entry7b.o(.ARM.Collect$$$$00000008)
    .ARM.Collect$$$$0000000A                 0x0000014c   Section        0  entry8b.o(.ARM.Collect$$$$0000000A)
    .ARM.Collect$$$$0000000B                 0x0000014c   Section        8  entry9a.o(.ARM.Collect$$$$0000000B)
    .ARM.Collect$$$$0000000D                 0x00000154   Section        0  entry10a.o(.ARM.Collect$$$$0000000D)
    .ARM.Collect$$$$0000000F                 0x00000154   Section        0  entry11a.o(.ARM.Collect$$$$0000000F)
    .ARM.Collect$$$$00002712                 0x00000154   Section        4  entry2.o(.ARM.Collect$$$$00002712)
    __lit__00000000                          0x00000154   Data           4  entry2.o(.ARM.Collect$$$$00002712)
    .text                                    0x00000158   Section       36  startup_msp432p401r_uvision.o(.text)
    $v0                                      0x00000158   Number         0  startup_msp432p401r_uvision.o(.text)
    .text                                    0x0000017c   Section        0  tolower.o(.text)
    .text                                    0x00000188   Section        0  memcpy.o(.text)
    .text                                    0x000001b0   Section        0  memseta.o(.text)
    .text                                    0x000001d4   Section        0  strlen.o(.text)
    .text                                    0x000001e2   Section        0  strcmp.o(.text)
    .text                                    0x000001fe   Section        0  strcpy.o(.text)
    .text                                    0x00000210   Section        0  strncmp.o(.text)
    .text                                    0x0000022e   Section        0  dadd.o(.text)
    .text                                    0x0000037c   Section        0  dmul.o(.text)
    .text                                    0x00000460   Section        0  dfixi.o(.text)
    .text                                    0x000004a0   Section       48  cdcmple.o(.text)
    .text                                    0x000004d0   Section       48  cdrcmple.o(.text)
    .text                                    0x00000500   Section        0  uidiv.o(.text)
    .text                                    0x0000052c   Section        0  uldiv.o(.text)
    .text                                    0x0000058e   Section        0  llshl.o(.text)
    .text                                    0x000005ac   Section        0  llushr.o(.text)
    .text                                    0x000005cc   Section        0  llsshr.o(.text)
    .text                                    0x000005f0   Section        0  scanf_fp.o(.text)
    _fp_value                                0x000005f1   Thumb Code   296  scanf_fp.o(.text)
    .text                                    0x00000950   Section        0  _sgetc.o(.text)
    .text                                    0x00000990   Section        0  strtod.o(.text)
    _local_sscanf                            0x00000991   Thumb Code    54  strtod.o(.text)
    .text                                    0x00000a2c   Section        0  depilogue.o(.text)
    .text                                    0x00000a2c   Section        0  iusefp.o(.text)
    .text                                    0x00000ae6   Section        0  ddiv.o(.text)
    .text                                    0x00000bc4   Section        0  dfixul.o(.text)
    .text                                    0x00000bf4   Section       36  init.o(.text)
    .text                                    0x00000c18   Section        0  isspace_c.o(.text)
    .text                                    0x00000c22   Section        0  dfltul.o(.text)
    .text                                    0x00000c3a   Section        0  d2f.o(.text)
    .text                                    0x00000c74   Section        0  ctype_c.o(.text)
    .text                                    0x00000c9c   Section        0  fepilogue.o(.text)
    i.ATCheckSetResponse                     0x00000d0c   Section        0  atcommand.o(i.ATCheckSetResponse)
    i.AT_Get_SUB_In_Json                     0x00000dec   Section        0  atcommand.o(i.AT_Get_SUB_In_Json)
    i.AT_Send_message                        0x00000e80   Section        0  atcommand.o(i.AT_Send_message)
    i.AT_generate_MQTTAUTH_command           0x00000f98   Section        0  atcommand.o(i.AT_generate_MQTTAUTH_command)
    i.AT_generate_MQTTCID_command            0x00001060   Section        0  atcommand.o(i.AT_generate_MQTTCID_command)
    i.AT_generate_MQTTPUB_command            0x000010e8   Section        0  atcommand.o(i.AT_generate_MQTTPUB_command)
    i.AT_generate_MQTTSOCK_command           0x00001200   Section        0  atcommand.o(i.AT_generate_MQTTSOCK_command)
    i.AT_generate_MQTTSUB_command            0x000012b0   Section        0  atcommand.o(i.AT_generate_MQTTSUB_command)
    i.AT_generate_wifi_connect_command       0x000013f0   Section        0  atcommand.o(i.AT_generate_wifi_connect_command)
    i.BufferInit                             0x000014ac   Section        0  buffer.o(i.BufferInit)
    i.BufferLength                           0x000014c6   Section        0  buffer.o(i.BufferLength)
    i.DeBuffer                               0x00001520   Section        0  buffer.o(i.DeBuffer)
    i.EUSCIA2_IRQHandler                     0x00001550   Section        0  myuart.o(i.EUSCIA2_IRQHandler)
    i.EnBuffer                               0x00001590   Section        0  buffer.o(i.EnBuffer)
    i.IOT_Sign_MQTT                          0x000015e0   Section        0  sign_mqtt.o(i.IOT_Sign_MQTT)
    i.SysTick_Handler                        0x000017dc   Section        0  tick.o(i.SysTick_Handler)
    i.SystemInit                             0x000017ec   Section        0  system_msp432p401r.o(i.SystemInit)
    i.UART_receiveData                       0x00001858   Section        0  uart_MSP432P4XX.o(i.UART_receiveData)
    i.UART_transmitData                      0x00001872   Section        0  uart_MSP432P4XX.o(i.UART_transmitData)
    i.Usart_SendByte                         0x0000188a   Section        0  myuart.o(i.Usart_SendByte)
    i.Usart_SendString                       0x0000189a   Section        0  myuart.o(i.Usart_SendString)
    i._Z17utils_hmac_sha256PKhjS0_jPh        0x000018b6   Section        0  sign_sha256.o(i._Z17utils_hmac_sha256PKhjS0_jPh)
    i._Z17utils_sha256_initP18iot_sha256_context 0x00001978   Section        0  sign_sha256.o(i._Z17utils_sha256_initP18iot_sha256_context)
    i._Z18_sign_get_clientidPcPKcS1_         0x00001988   Section        0  sign_mqtt.o(i._Z18_sign_get_clientidPcPKcS1_)
    i._Z19utils_sha256_finishP18iot_sha256_contextPh 0x00001ad4   Section        0  sign_sha256.o(i._Z19utils_sha256_finishP18iot_sha256_contextPh)
    i._Z19utils_sha256_startsP18iot_sha256_context 0x00001c38   Section        0  sign_sha256.o(i._Z19utils_sha256_startsP18iot_sha256_context)
    i._Z19utils_sha256_updateP18iot_sha256_contextPKhj 0x00001c88   Section        0  sign_sha256.o(i._Z19utils_sha256_updateP18iot_sha256_contextPKhj)
    i._Z20utils_sha256_processP18iot_sha256_contextPKh 0x00001d04   Section        0  sign_sha256.o(i._Z20utils_sha256_processP18iot_sha256_contextPKh)
    i._Z26_iotx_generate_sign_stringPKcS0_S0_S0_Pc 0x00001ec4   Section        0  sign_mqtt.o(i._Z26_iotx_generate_sign_stringPKcS0_S0_S0_Pc)
    i._Z8_hex2strPhtPc                       0x00002034   Section        0  sign_mqtt.o(i._Z8_hex2strPhtPc)
    _hex2str(unsigned char*, unsigned short, char*) 0x00002035   Thumb Code    58  sign_mqtt.o(i._Z8_hex2strPhtPc)
    i.__0printf                              0x00002084   Section        0  printfa.o(i.__0printf)
    i.__0sprintf                             0x000020a4   Section        0  printfa.o(i.__0sprintf)
    i.__free$realloc                         0x000020cc   Section        0  mallocr.o(i.__free$realloc)
    i.__malloc$realloc                       0x00002128   Section        0  mallocr.o(i.__malloc$realloc)
    i.__scatterload_copy                     0x00002178   Section       14  handlers.o(i.__scatterload_copy)
    i.__scatterload_null                     0x00002186   Section        2  handlers.o(i.__scatterload_null)
    i.__scatterload_zeroinit                 0x00002188   Section       14  handlers.o(i.__scatterload_zeroinit)
    i._fp_digits                             0x00002198   Section        0  printfa.o(i._fp_digits)
    _fp_digits                               0x00002199   Thumb Code   366  printfa.o(i._fp_digits)
    i._is_digit                              0x0000231c   Section        0  scanf_fp.o(i._is_digit)
    i._printf_core                           0x0000232c   Section        0  printfa.o(i._printf_core)
    _printf_core                             0x0000232d   Thumb Code  1744  printfa.o(i._printf_core)
    i._printf_post_padding                   0x00002a08   Section        0  printfa.o(i._printf_post_padding)
    _printf_post_padding                     0x00002a09   Thumb Code    36  printfa.o(i._printf_post_padding)
    i._printf_pre_padding                    0x00002a2c   Section        0  printfa.o(i._printf_pre_padding)
    _printf_pre_padding                      0x00002a2d   Thumb Code    46  printfa.o(i._printf_pre_padding)
    i._sputc                                 0x00002a5a   Section        0  printfa.o(i._sputc)
    _sputc                                   0x00002a5b   Thumb Code    10  printfa.o(i._sputc)
    i.buffer_skip_whitespace                 0x00002a64   Section        0  cjson.o(i.buffer_skip_whitespace)
    buffer_skip_whitespace                   0x00002a65   Thumb Code    72  cjson.o(i.buffer_skip_whitespace)
    i.cJSON_Delete                           0x00002aac   Section        0  cjson.o(i.cJSON_Delete)
    i.cJSON_GetObjectItemCaseSensitive       0x00002b04   Section        0  cjson.o(i.cJSON_GetObjectItemCaseSensitive)
    i.cJSON_IsNumber                         0x00002b16   Section        0  cjson.o(i.cJSON_IsNumber)
    i.cJSON_IsObject                         0x00002b2c   Section        0  cjson.o(i.cJSON_IsObject)
    i.cJSON_New_Item                         0x00002b42   Section        0  cjson.o(i.cJSON_New_Item)
    cJSON_New_Item                           0x00002b43   Thumb Code    28  cjson.o(i.cJSON_New_Item)
    i.cJSON_Parse                            0x00002b5e   Section        0  cjson.o(i.cJSON_Parse)
    i.cJSON_ParseWithLengthOpts              0x00002b70   Section        0  cjson.o(i.cJSON_ParseWithLengthOpts)
    i.cJSON_ParseWithOpts                    0x00002c44   Section        0  cjson.o(i.cJSON_ParseWithOpts)
    i.case_insensitive_strcmp                0x00002c6c   Section        0  cjson.o(i.case_insensitive_strcmp)
    case_insensitive_strcmp                  0x00002c6d   Thumb Code    72  cjson.o(i.case_insensitive_strcmp)
    i.delay_ms                               0x00002cb4   Section        0  tick.o(i.delay_ms)
    i.execAT                                 0x00002cd0   Section        0  atcommand.o(i.execAT)
    i.fputc                                  0x00002d70   Section        0  main.o(i.fputc)
    i.get_decimal_point                      0x00002d90   Section        0  cjson.o(i.get_decimal_point)
    get_decimal_point                        0x00002d91   Thumb Code     4  cjson.o(i.get_decimal_point)
    i.get_object_item                        0x00002d94   Section        0  cjson.o(i.get_object_item)
    get_object_item                          0x00002d95   Thumb Code    82  cjson.o(i.get_object_item)
    i.internal_alloc                         0x00002de8   Section        0  mallocr.o(i.internal_alloc)
    internal_alloc                           0x00002de9   Thumb Code    76  mallocr.o(i.internal_alloc)
    i.isEmpty                                0x00002e38   Section        0  buffer.o(i.isEmpty)
    i.main                                   0x00002e4c   Section        0  main.o(i.main)
    i.ms_ticker_init                         0x0000320c   Section        0  tick.o(i.ms_ticker_init)
    i.ms_ticker_read                         0x0000326c   Section        0  tick.o(i.ms_ticker_read)
    i.myUartInit                             0x00003278   Section        0  myuart.o(i.myUartInit)
    i.parse_array                            0x00003318   Section        0  cjson.o(i.parse_array)
    parse_array                              0x00003319   Thumb Code   248  cjson.o(i.parse_array)
    i.parse_hex4                             0x00003410   Section        0  cjson.o(i.parse_hex4)
    parse_hex4                               0x00003411   Thumb Code    90  cjson.o(i.parse_hex4)
    i.parse_number                           0x0000346c   Section        0  cjson.o(i.parse_number)
    parse_number                             0x0000346d   Thumb Code   316  cjson.o(i.parse_number)
    i.parse_object                           0x000035c0   Section        0  cjson.o(i.parse_object)
    parse_object                             0x000035c1   Thumb Code   318  cjson.o(i.parse_object)
    i.parse_string                           0x000036fe   Section        0  cjson.o(i.parse_string)
    parse_string                             0x000036ff   Thumb Code   396  cjson.o(i.parse_string)
    i.parse_value                            0x0000388c   Section        0  cjson.o(i.parse_value)
    parse_value                              0x0000388d   Thumb Code   290  cjson.o(i.parse_value)
    i.realloc                                0x000039c8   Section        0  mallocr.o(i.realloc)
    i.sendCommand                            0x00003a34   Section        0  atcommand.o(i.sendCommand)
    i.skip_utf8_bom                          0x00003aac   Section        0  cjson.o(i.skip_utf8_bom)
    skip_utf8_bom                            0x00003aad   Thumb Code    56  cjson.o(i.skip_utf8_bom)
    i.strtod                                 0x00003ae8   Section        0  strtod.o(i.strtod)
    i.utf16_literal_to_utf8                  0x00003b18   Section        0  cjson.o(i.utf16_literal_to_utf8)
    utf16_literal_to_utf8                    0x00003b19   Thumb Code   300  cjson.o(i.utf16_literal_to_utf8)
    .constdata                               0x00003c44   Section       36  myuart.o(.constdata)
    .constdata                               0x00003c68   Section      320  sign_sha256.o(.constdata)
    K                                        0x00003c68   Data         256  sign_sha256.o(.constdata)
    sha256_padding                           0x00003d68   Data          64  sign_sha256.o(.constdata)
    .constdata                               0x00003da8   Section       64  ctype_c.o(.constdata)
    .conststring                             0x00003de8   Section      305  main.o(.conststring)
    .conststring                             0x00003f1c   Section      233  sign_mqtt.o(.conststring)
    .data                                    0x20000000   Section        4  system_msp432p401r.o(.data)
    .data                                    0x20000004   Section       24  main.o(.data)
    .data                                    0x2000001c   Section        4  tick.o(.data)
    _ticker_count                            0x2000001c   Data           4  tick.o(.data)
    .data                                    0x20000020   Section       20  cjson.o(.data)
    global_error                             0x20000020   Data           8  cjson.o(.data)
    global_hooks                             0x20000028   Data          12  cjson.o(.data)
    .data                                    0x20000034   Section       40  sign_mqtt.o(.data)
    .data                                    0x2000005c   Section        4  stdout.o(.data)
    .data                                    0x20000060   Section        4  mvars.o(.data)
    .data                                    0x20000064   Section        4  mvars.o(.data)
    .bss                                     0x20000068   Section      100  main.o(.bss)
    .bss                                     0x200000cc   Section      208  buffer.o(.bss)
    .bss                                     0x2000019c   Section      200  atcommand.o(.bss)
    HEAP                                     0x20000268   Section     4096  startup_msp432p401r_uvision.o(HEAP)
    STACK                                    0x20001268   Section     4096  startup_msp432p401r_uvision.o(STACK)

    Global Symbols

    Symbol Name                              Value     Ov Type        Size  Object(Section)

    BuildAttributes$$THM_ISAv4$E$P$D$K$B$S$7EM$VFPi3$EXTD16$VFPS$VFMA$PE$A:L22UL41UL21$X:L11$S22US41US21$IEEE1$IW$USESV6$~STKCKD$USESV7$~SHL$OTIME$ROPI$IEEEJ$EBA8$MICROLIB$REQ8$PRES8$EABIv2 0x00000000   Number         0  anon$$obj.o ABSOLUTE
    __ARM_use_no_argv                        0x00000000   Number         0  main.o ABSOLUTE
    __Vectors                                0x00000000   Data           4  startup_msp432p401r_uvision.o(RESET)
    _printf_a                                0x00000000   Number         0  stubs.o ABSOLUTE
    _printf_c                                0x00000000   Number         0  stubs.o ABSOLUTE
    _printf_charcount                        0x00000000   Number         0  stubs.o ABSOLUTE
    _printf_d                                0x00000000   Number         0  stubs.o ABSOLUTE
    _printf_e                                0x00000000   Number         0  stubs.o ABSOLUTE
    _printf_f                                0x00000000   Number         0  stubs.o ABSOLUTE
    _printf_flags                            0x00000000   Number         0  stubs.o ABSOLUTE
    _printf_fp_dec                           0x00000000   Number         0  stubs.o ABSOLUTE
    _printf_fp_hex                           0x00000000   Number         0  stubs.o ABSOLUTE
    _printf_g                                0x00000000   Number         0  stubs.o ABSOLUTE
    _printf_i                                0x00000000   Number         0  stubs.o ABSOLUTE
    _printf_int_dec                          0x00000000   Number         0  stubs.o ABSOLUTE
    _printf_l                                0x00000000   Number         0  stubs.o ABSOLUTE
    _printf_lc                               0x00000000   Number         0  stubs.o ABSOLUTE
    _printf_ll                               0x00000000   Number         0  stubs.o ABSOLUTE
    _printf_lld                              0x00000000   Number         0  stubs.o ABSOLUTE
    _printf_lli                              0x00000000   Number         0  stubs.o ABSOLUTE
    _printf_llo                              0x00000000   Number         0  stubs.o ABSOLUTE
    _printf_llu                              0x00000000   Number         0  stubs.o ABSOLUTE
    _printf_llx                              0x00000000   Number         0  stubs.o ABSOLUTE
    _printf_longlong_dec                     0x00000000   Number         0  stubs.o ABSOLUTE
    _printf_longlong_hex                     0x00000000   Number         0  stubs.o ABSOLUTE
    _printf_longlong_oct                     0x00000000   Number         0  stubs.o ABSOLUTE
    _printf_ls                               0x00000000   Number         0  stubs.o ABSOLUTE
    _printf_mbtowc                           0x00000000   Number         0  stubs.o ABSOLUTE
    _printf_n                                0x00000000   Number         0  stubs.o ABSOLUTE
    _printf_o                                0x00000000   Number         0  stubs.o ABSOLUTE
    _printf_p                                0x00000000   Number         0  stubs.o ABSOLUTE
    _printf_percent                          0x00000000   Number         0  stubs.o ABSOLUTE
    _printf_pre_padding                      0x00000000   Number         0  stubs.o ABSOLUTE
    _printf_return_value                     0x00000000   Number         0  stubs.o ABSOLUTE
    _printf_s                                0x00000000   Number         0  stubs.o ABSOLUTE
    _printf_sizespec                         0x00000000   Number         0  stubs.o ABSOLUTE
    _printf_str                              0x00000000   Number         0  stubs.o ABSOLUTE
    _printf_truncate_signed                  0x00000000   Number         0  stubs.o ABSOLUTE
    _printf_truncate_unsigned                0x00000000   Number         0  stubs.o ABSOLUTE
    _printf_u                                0x00000000   Number         0  stubs.o ABSOLUTE
    _printf_wc                               0x00000000   Number         0  stubs.o ABSOLUTE
    _printf_wctomb                           0x00000000   Number         0  stubs.o ABSOLUTE
    _printf_widthprec                        0x00000000   Number         0  stubs.o ABSOLUTE
    _printf_x                                0x00000000   Number         0  stubs.o ABSOLUTE
    __cpp_initialize__aeabi_                  - Undefined Weak Reference
    __cxa_finalize                            - Undefined Weak Reference
    __decompress                              - Undefined Weak Reference
    _clock_init                               - Undefined Weak Reference
    _microlib_exit                            - Undefined Weak Reference
    __Vectors_End                            0x00000144   Data           0  startup_msp432p401r_uvision.o(RESET)
    __Vectors_Size                           0x00000144   Number         0  startup_msp432p401r_uvision.o ABSOLUTE
    __main                                   0x00000145   Thumb Code     0  entry.o(.ARM.Collect$$$$00000000)
    _main_stk                                0x00000145   Thumb Code     0  entry2.o(.ARM.Collect$$$$00000001)
    _main_scatterload                        0x00000149   Thumb Code     0  entry5.o(.ARM.Collect$$$$00000004)
    __main_after_scatterload                 0x0000014d   Thumb Code     0  entry5.o(.ARM.Collect$$$$00000004)
    _main_clock                              0x0000014d   Thumb Code     0  entry7b.o(.ARM.Collect$$$$00000008)
    _main_cpp_init                           0x0000014d   Thumb Code     0  entry8b.o(.ARM.Collect$$$$0000000A)
    _main_init                               0x0000014d   Thumb Code     0  entry9a.o(.ARM.Collect$$$$0000000B)
    __rt_final_cpp                           0x00000155   Thumb Code     0  entry10a.o(.ARM.Collect$$$$0000000D)
    __rt_final_exit                          0x00000155   Thumb Code     0  entry11a.o(.ARM.Collect$$$$0000000F)
    Reset_Handler                            0x00000159   Thumb Code     8  startup_msp432p401r_uvision.o(.text)
    NMI_Handler                              0x00000161   Thumb Code     2  startup_msp432p401r_uvision.o(.text)
    HardFault_Handler                        0x00000163   Thumb Code     2  startup_msp432p401r_uvision.o(.text)
    MemManage_Handler                        0x00000165   Thumb Code     2  startup_msp432p401r_uvision.o(.text)
    BusFault_Handler                         0x00000167   Thumb Code     2  startup_msp432p401r_uvision.o(.text)
    UsageFault_Handler                       0x00000169   Thumb Code     2  startup_msp432p401r_uvision.o(.text)
    SVC_Handler                              0x0000016b   Thumb Code     2  startup_msp432p401r_uvision.o(.text)
    DebugMon_Handler                         0x0000016d   Thumb Code     2  startup_msp432p401r_uvision.o(.text)
    PendSV_Handler                           0x0000016f   Thumb Code     2  startup_msp432p401r_uvision.o(.text)
    ADC14_IRQHandler                         0x00000173   Thumb Code     0  startup_msp432p401r_uvision.o(.text)
    AES256_IRQHandler                        0x00000173   Thumb Code     0  startup_msp432p401r_uvision.o(.text)
    COMP_E0_IRQHandler                       0x00000173   Thumb Code     0  startup_msp432p401r_uvision.o(.text)
    COMP_E1_IRQHandler                       0x00000173   Thumb Code     0  startup_msp432p401r_uvision.o(.text)
    CS_IRQHandler                            0x00000173   Thumb Code     0  startup_msp432p401r_uvision.o(.text)
    DMA_ERR_IRQHandler                       0x00000173   Thumb Code     0  startup_msp432p401r_uvision.o(.text)
    DMA_INT0_IRQHandler                      0x00000173   Thumb Code     0  startup_msp432p401r_uvision.o(.text)
    DMA_INT1_IRQHandler                      0x00000173   Thumb Code     0  startup_msp432p401r_uvision.o(.text)
    DMA_INT2_IRQHandler                      0x00000173   Thumb Code     0  startup_msp432p401r_uvision.o(.text)
    DMA_INT3_IRQHandler                      0x00000173   Thumb Code     0  startup_msp432p401r_uvision.o(.text)
    EUSCIA0_IRQHandler                       0x00000173   Thumb Code     0  startup_msp432p401r_uvision.o(.text)
    EUSCIA1_IRQHandler                       0x00000173   Thumb Code     0  startup_msp432p401r_uvision.o(.text)
    EUSCIA3_IRQHandler                       0x00000173   Thumb Code     0  startup_msp432p401r_uvision.o(.text)
    EUSCIB0_IRQHandler                       0x00000173   Thumb Code     0  startup_msp432p401r_uvision.o(.text)
    EUSCIB1_IRQHandler                       0x00000173   Thumb Code     0  startup_msp432p401r_uvision.o(.text)
    EUSCIB2_IRQHandler                       0x00000173   Thumb Code     0  startup_msp432p401r_uvision.o(.text)
    EUSCIB3_IRQHandler                       0x00000173   Thumb Code     0  startup_msp432p401r_uvision.o(.text)
    FLCTL_IRQHandler                         0x00000173   Thumb Code     0  startup_msp432p401r_uvision.o(.text)
    FPU_IRQHandler                           0x00000173   Thumb Code     0  startup_msp432p401r_uvision.o(.text)
    PCM_IRQHandler                           0x00000173   Thumb Code     0  startup_msp432p401r_uvision.o(.text)
    PORT1_IRQHandler                         0x00000173   Thumb Code     0  startup_msp432p401r_uvision.o(.text)
    PORT2_IRQHandler                         0x00000173   Thumb Code     0  startup_msp432p401r_uvision.o(.text)
    PORT3_IRQHandler                         0x00000173   Thumb Code     0  startup_msp432p401r_uvision.o(.text)
    PORT4_IRQHandler                         0x00000173   Thumb Code     0  startup_msp432p401r_uvision.o(.text)
    PORT5_IRQHandler                         0x00000173   Thumb Code     0  startup_msp432p401r_uvision.o(.text)
    PORT6_IRQHandler                         0x00000173   Thumb Code     0  startup_msp432p401r_uvision.o(.text)
    PSS_IRQHandler                           0x00000173   Thumb Code     0  startup_msp432p401r_uvision.o(.text)
    RTC_C_IRQHandler                         0x00000173   Thumb Code     0  startup_msp432p401r_uvision.o(.text)
    T32_INT1_IRQHandler                      0x00000173   Thumb Code     0  startup_msp432p401r_uvision.o(.text)
    T32_INT2_IRQHandler                      0x00000173   Thumb Code     0  startup_msp432p401r_uvision.o(.text)
    T32_INTC_IRQHandler                      0x00000173   Thumb Code     0  startup_msp432p401r_uvision.o(.text)
    TA0_0_IRQHandler                         0x00000173   Thumb Code     0  startup_msp432p401r_uvision.o(.text)
    TA0_N_IRQHandler                         0x00000173   Thumb Code     0  startup_msp432p401r_uvision.o(.text)
    TA1_0_IRQHandler                         0x00000173   Thumb Code     0  startup_msp432p401r_uvision.o(.text)
    TA1_N_IRQHandler                         0x00000173   Thumb Code     0  startup_msp432p401r_uvision.o(.text)
    TA2_0_IRQHandler                         0x00000173   Thumb Code     0  startup_msp432p401r_uvision.o(.text)
    TA2_N_IRQHandler                         0x00000173   Thumb Code     0  startup_msp432p401r_uvision.o(.text)
    TA3_0_IRQHandler                         0x00000173   Thumb Code     0  startup_msp432p401r_uvision.o(.text)
    TA3_N_IRQHandler                         0x00000173   Thumb Code     0  startup_msp432p401r_uvision.o(.text)
    WDT_A_IRQHandler                         0x00000173   Thumb Code     0  startup_msp432p401r_uvision.o(.text)
    tolower                                  0x0000017d   Thumb Code    12  tolower.o(.text)
    ___aeabi_memcpy8$ret                     0x00000189   Thumb Code     0  memcpy.o(.text)
    __aeabi_memcpy                           0x00000189   Thumb Code    40  memcpy.o(.text)
    __aeabi_memcpy4                          0x00000189   Thumb Code     0  memcpy.o(.text)
    memcpy                                   0x00000189   Thumb Code     0  memcpy.o(.text)
    __aeabi_memset                           0x000001b1   Thumb Code    14  memseta.o(.text)
    __aeabi_memset4                          0x000001b1   Thumb Code     0  memseta.o(.text)
    __aeabi_memset8                          0x000001b1   Thumb Code     0  memseta.o(.text)
    __aeabi_memclr                           0x000001bf   Thumb Code     4  memseta.o(.text)
    __aeabi_memclr4                          0x000001bf   Thumb Code     0  memseta.o(.text)
    __aeabi_memclr8                          0x000001bf   Thumb Code     0  memseta.o(.text)
    memset                                   0x000001c3   Thumb Code    18  memseta.o(.text)
    strlen                                   0x000001d5   Thumb Code    14  strlen.o(.text)
    strcmp                                   0x000001e3   Thumb Code    28  strcmp.o(.text)
    strcpy                                   0x000001ff   Thumb Code    18  strcpy.o(.text)
    strncmp                                  0x00000211   Thumb Code    30  strncmp.o(.text)
    __aeabi_dadd                             0x0000022f   Thumb Code   322  dadd.o(.text)
    __aeabi_dsub                             0x00000371   Thumb Code     6  dadd.o(.text)
    __aeabi_drsub                            0x00000377   Thumb Code     6  dadd.o(.text)
    __aeabi_dmul                             0x0000037d   Thumb Code   228  dmul.o(.text)
    __aeabi_d2iz                             0x00000461   Thumb Code    62  dfixi.o(.text)
    __aeabi_cdcmpeq                          0x000004a1   Thumb Code     0  cdcmple.o(.text)
    __aeabi_cdcmple                          0x000004a1   Thumb Code    48  cdcmple.o(.text)
    __aeabi_cdrcmple                         0x000004d1   Thumb Code    48  cdrcmple.o(.text)
    __aeabi_uidiv                            0x00000501   Thumb Code     0  uidiv.o(.text)
    __aeabi_uidivmod                         0x00000501   Thumb Code    44  uidiv.o(.text)
    __aeabi_uldivmod                         0x0000052d   Thumb Code    98  uldiv.o(.text)
    __aeabi_llsl                             0x0000058f   Thumb Code    30  llshl.o(.text)
    _ll_shift_l                              0x0000058f   Thumb Code     0  llshl.o(.text)
    __aeabi_llsr                             0x000005ad   Thumb Code    32  llushr.o(.text)
    _ll_ushift_r                             0x000005ad   Thumb Code     0  llushr.o(.text)
    __aeabi_lasr                             0x000005cd   Thumb Code    36  llsshr.o(.text)
    _ll_sshift_r                             0x000005cd   Thumb Code     0  llsshr.o(.text)
    _scanf_real                              0x00000719   Thumb Code     0  scanf_fp.o(.text)
    _scanf_really_real                       0x00000719   Thumb Code   556  scanf_fp.o(.text)
    _sgetc                                   0x00000951   Thumb Code    30  _sgetc.o(.text)
    _sbackspace                              0x0000096f   Thumb Code    34  _sgetc.o(.text)
    __strtod_int                             0x000009c7   Thumb Code    90  strtod.o(.text)
    __I$use$fp                               0x00000a2d   Thumb Code     0  iusefp.o(.text)
    _double_round                            0x00000a2d   Thumb Code    30  depilogue.o(.text)
    _double_epilogue                         0x00000a4b   Thumb Code   156  depilogue.o(.text)
    __aeabi_ddiv                             0x00000ae7   Thumb Code   222  ddiv.o(.text)
    __aeabi_d2ulz                            0x00000bc5   Thumb Code    48  dfixul.o(.text)
    __scatterload                            0x00000bf5   Thumb Code    28  init.o(.text)
    __scatterload_rt2                        0x00000bf5   Thumb Code     0  init.o(.text)
    isspace                                  0x00000c19   Thumb Code    10  isspace_c.o(.text)
    __aeabi_ul2d                             0x00000c23   Thumb Code    24  dfltul.o(.text)
    __aeabi_d2f                              0x00000c3b   Thumb Code    56  d2f.o(.text)
    __ctype_lookup                           0x00000c75   Thumb Code    34  ctype_c.o(.text)
    _float_round                             0x00000c9d   Thumb Code    18  fepilogue.o(.text)
    _float_epilogue                          0x00000caf   Thumb Code    92  fepilogue.o(.text)
    ATCheckSetResponse                       0x00000d0d   Thumb Code   166  atcommand.o(i.ATCheckSetResponse)
    AT_Get_SUB_In_Json                       0x00000ded   Thumb Code   138  atcommand.o(i.AT_Get_SUB_In_Json)
    AT_Send_message                          0x00000e81   Thumb Code   178  atcommand.o(i.AT_Send_message)
    AT_generate_MQTTAUTH_command             0x00000f99   Thumb Code   174  atcommand.o(i.AT_generate_MQTTAUTH_command)
    AT_generate_MQTTCID_command              0x00001061   Thumb Code   120  atcommand.o(i.AT_generate_MQTTCID_command)
    AT_generate_MQTTPUB_command              0x000010e9   Thumb Code   228  atcommand.o(i.AT_generate_MQTTPUB_command)
    AT_generate_MQTTSOCK_command             0x00001201   Thumb Code   142  atcommand.o(i.AT_generate_MQTTSOCK_command)
    AT_generate_MQTTSUB_command              0x000012b1   Thumb Code   262  atcommand.o(i.AT_generate_MQTTSUB_command)
    AT_generate_wifi_connect_command         0x000013f1   Thumb Code   166  atcommand.o(i.AT_generate_wifi_connect_command)
    BufferInit                               0x000014ad   Thumb Code    26  buffer.o(i.BufferInit)
    BufferLength                             0x000014c7   Thumb Code    90  buffer.o(i.BufferLength)
    DeBuffer                                 0x00001521   Thumb Code    46  buffer.o(i.DeBuffer)
    EUSCIA2_IRQHandler                       0x00001551   Thumb Code    50  myuart.o(i.EUSCIA2_IRQHandler)
    EnBuffer                                 0x00001591   Thumb Code    78  buffer.o(i.EnBuffer)
    IOT_Sign_MQTT                            0x000015e1   Thumb Code   496  sign_mqtt.o(i.IOT_Sign_MQTT)
    SysTick_Handler                          0x000017dd   Thumb Code    12  tick.o(i.SysTick_Handler)
    SystemInit                               0x000017ed   Thumb Code    86  system_msp432p401r.o(i.SystemInit)
    UART_receiveData                         0x00001859   Thumb Code    26  uart_MSP432P4XX.o(i.UART_receiveData)
    UART_transmitData                        0x00001873   Thumb Code    24  uart_MSP432P4XX.o(i.UART_transmitData)
    Usart_SendByte                           0x0000188b   Thumb Code    16  myuart.o(i.Usart_SendByte)
    Usart_SendString                         0x0000189b   Thumb Code    28  myuart.o(i.Usart_SendString)
    utils_hmac_sha256(const unsigned char*, unsigned, const unsigned char*, unsigned, unsigned char*) 0x000018b7   Thumb Code   194  sign_sha256.o(i._Z17utils_hmac_sha256PKhjS0_jPh)
    utils_sha256_init(iot_sha256_context*)   0x00001979   Thumb Code    14  sign_sha256.o(i._Z17utils_sha256_initP18iot_sha256_context)
    _sign_get_clientid(char*, const char*, const char*) 0x00001989   Thumb Code   310  sign_mqtt.o(i._Z18_sign_get_clientidPcPKcS1_)
    utils_sha256_finish(iot_sha256_context*, unsigned char*) 0x00001ad5   Thumb Code   350  sign_sha256.o(i._Z19utils_sha256_finishP18iot_sha256_contextPh)
    utils_sha256_starts(iot_sha256_context*) 0x00001c39   Thumb Code    46  sign_sha256.o(i._Z19utils_sha256_startsP18iot_sha256_context)
    utils_sha256_update(iot_sha256_context*, const unsigned char*, unsigned) 0x00001c89   Thumb Code   124  sign_sha256.o(i._Z19utils_sha256_updateP18iot_sha256_contextPKhj)
    utils_sha256_process(iot_sha256_context*, const unsigned char*) 0x00001d05   Thumb Code   444  sign_sha256.o(i._Z20utils_sha256_processP18iot_sha256_contextPKh)
    _iotx_generate_sign_string(const char*, const char*, const char*, const char*, char*) 0x00001ec5   Thumb Code   294  sign_mqtt.o(i._Z26_iotx_generate_sign_stringPKcS0_S0_S0_Pc)
    __0printf                                0x00002085   Thumb Code    22  printfa.o(i.__0printf)
    __1printf                                0x00002085   Thumb Code     0  printfa.o(i.__0printf)
    __2printf                                0x00002085   Thumb Code     0  printfa.o(i.__0printf)
    __c89printf                              0x00002085   Thumb Code     0  printfa.o(i.__0printf)
    printf                                   0x00002085   Thumb Code     0  printfa.o(i.__0printf)
    __0sprintf                               0x000020a5   Thumb Code    34  printfa.o(i.__0sprintf)
    __1sprintf                               0x000020a5   Thumb Code     0  printfa.o(i.__0sprintf)
    __2sprintf                               0x000020a5   Thumb Code     0  printfa.o(i.__0sprintf)
    __c89sprintf                             0x000020a5   Thumb Code     0  printfa.o(i.__0sprintf)
    sprintf                                  0x000020a5   Thumb Code     0  printfa.o(i.__0sprintf)
    free                                     0x000020cd   Thumb Code    88  mallocr.o(i.__free$realloc)
    malloc                                   0x00002129   Thumb Code    64  mallocr.o(i.__malloc$realloc)
    __scatterload_copy                       0x00002179   Thumb Code    14  handlers.o(i.__scatterload_copy)
    __scatterload_null                       0x00002187   Thumb Code     2  handlers.o(i.__scatterload_null)
    __scatterload_zeroinit                   0x00002189   Thumb Code    14  handlers.o(i.__scatterload_zeroinit)
    _is_digit                                0x0000231d   Thumb Code    14  scanf_fp.o(i._is_digit)
    cJSON_Delete                             0x00002aad   Thumb Code    84  cjson.o(i.cJSON_Delete)
    cJSON_GetObjectItemCaseSensitive         0x00002b05   Thumb Code    18  cjson.o(i.cJSON_GetObjectItemCaseSensitive)
    cJSON_IsNumber                           0x00002b17   Thumb Code    22  cjson.o(i.cJSON_IsNumber)
    cJSON_IsObject                           0x00002b2d   Thumb Code    22  cjson.o(i.cJSON_IsObject)
    cJSON_Parse                              0x00002b5f   Thumb Code    16  cjson.o(i.cJSON_Parse)
    cJSON_ParseWithLengthOpts                0x00002b71   Thumb Code   204  cjson.o(i.cJSON_ParseWithLengthOpts)
    cJSON_ParseWithOpts                      0x00002c45   Thumb Code    40  cjson.o(i.cJSON_ParseWithOpts)
    delay_ms                                 0x00002cb5   Thumb Code    26  tick.o(i.delay_ms)
    execAT                                   0x00002cd1   Thumb Code    68  atcommand.o(i.execAT)
    fputc                                    0x00002d71   Thumb Code    22  main.o(i.fputc)
    isEmpty                                  0x00002e39   Thumb Code    18  buffer.o(i.isEmpty)
    main                                     0x00002e4d   Thumb Code   592  main.o(i.main)
    ms_ticker_init                           0x0000320d   Thumb Code    82  tick.o(i.ms_ticker_init)
    ms_ticker_read                           0x0000326d   Thumb Code     6  tick.o(i.ms_ticker_read)
    myUartInit                               0x00003279   Thumb Code   140  myuart.o(i.myUartInit)
    realloc                                  0x000039c9   Thumb Code   102  mallocr.o(i.realloc)
    sendCommand                              0x00003a35   Thumb Code    62  atcommand.o(i.sendCommand)
    strtod                                   0x00003ae9   Thumb Code    34  strtod.o(i.strtod)
    __ctype_categories                       0x00003da8   Data          64  ctype_c.o(.constdata)
    Region$$Table$$Base                      0x00004008   Number         0  anon$$obj.o(Region$$Table)
    Region$$Table$$Limit                     0x00004028   Number         0  anon$$obj.o(Region$$Table)
    SystemCoreClock                          0x20000000   Data           4  system_msp432p401r.o(.data)
    wifi_ssid                                0x20000004   Data           4  main.o(.data)
    wifi_pwd                                 0x20000008   Data           4  main.o(.data)
    ProductKey                               0x2000000c   Data           4  main.o(.data)
    ProductSecret                            0x20000010   Data           4  main.o(.data)
    DeviceName                               0x20000014   Data           4  main.o(.data)
    DeviceSecret                             0x20000018   Data           4  main.o(.data)
    g_infra_mqtt_domain                      0x20000034   Data          24  sign_mqtt.o(.data)
    clientid_kv                              0x2000004c   Data          16  sign_mqtt.o(.data)
    __stdout                                 0x2000005c   Data           4  stdout.o(.data)
    __microlib_freelist                      0x20000060   Data           4  mvars.o(.data)
    __microlib_freelist_initialised          0x20000064   Data           4  mvars.o(.data)
    ATCommandBuffer                          0x20000068   Data         100  main.o(.bss)
    myBuffer                                 0x200000cc   Data         208  buffer.o(.bss)
    tempBuffer                               0x2000019c   Data         200  atcommand.o(.bss)
    __heap_base                              0x20000268   Data           0  startup_msp432p401r_uvision.o(HEAP)
    __heap_limit                             0x20001268   Data           0  startup_msp432p401r_uvision.o(HEAP)
    __initial_sp                             0x20002268   Data           0  startup_msp432p401r_uvision.o(STACK)



==============================================================================

Memory Map of the image

  Image Entry point : 0x00000145

  Load Region LR_IROM1 (Base: 0x00000000, Size: 0x00004090, Max: 0x00040000, ABSOLUTE)

    Execution Region ER_IROM1 (Exec base: 0x00000000, Load base: 0x00000000, Size: 0x00004028, Max: 0x00040000, ABSOLUTE)

    Exec Addr    Load Addr    Size         Type   Attr      Idx    E Section Name        Object

    0x00000000   0x00000000   0x00000144   Data   RO           67    RESET               startup_msp432p401r_uvision.o
    0x00000144   0x00000144   0x00000000   Code   RO         1693  * .ARM.Collect$$$$00000000  mc_w.l(entry.o)
    0x00000144   0x00000144   0x00000004   Code   RO         2023    .ARM.Collect$$$$00000001  mc_w.l(entry2.o)
    0x00000148   0x00000148   0x00000004   Code   RO         2026    .ARM.Collect$$$$00000004  mc_w.l(entry5.o)
    0x0000014c   0x0000014c   0x00000000   Code   RO         2028    .ARM.Collect$$$$00000008  mc_w.l(entry7b.o)
    0x0000014c   0x0000014c   0x00000000   Code   RO         2030    .ARM.Collect$$$$0000000A  mc_w.l(entry8b.o)
    0x0000014c   0x0000014c   0x00000008   Code   RO         2031    .ARM.Collect$$$$0000000B  mc_w.l(entry9a.o)
    0x00000154   0x00000154   0x00000000   Code   RO         2033    .ARM.Collect$$$$0000000D  mc_w.l(entry10a.o)
    0x00000154   0x00000154   0x00000000   Code   RO         2035    .ARM.Collect$$$$0000000F  mc_w.l(entry11a.o)
    0x00000154   0x00000154   0x00000004   Code   RO         2024    .ARM.Collect$$$$00002712  mc_w.l(entry2.o)
    0x00000158   0x00000158   0x00000024   Code   RO           68    .text               startup_msp432p401r_uvision.o
    0x0000017c   0x0000017c   0x0000000c   Code   RO         1696    .text               mc_w.l(tolower.o)
    0x00000188   0x00000188   0x00000028   Code   RO         1698    .text               mc_w.l(memcpy.o)
    0x000001b0   0x000001b0   0x00000024   Code   RO         1704    .text               mc_w.l(memseta.o)
    0x000001d4   0x000001d4   0x0000000e   Code   RO         1706    .text               mc_w.l(strlen.o)
    0x000001e2   0x000001e2   0x0000001c   Code   RO         1708    .text               mc_w.l(strcmp.o)
    0x000001fe   0x000001fe   0x00000012   Code   RO         1710    .text               mc_w.l(strcpy.o)
    0x00000210   0x00000210   0x0000001e   Code   RO         1712    .text               mc_w.l(strncmp.o)
    0x0000022e   0x0000022e   0x0000014e   Code   RO         2009    .text               mf_w.l(dadd.o)
    0x0000037c   0x0000037c   0x000000e4   Code   RO         2011    .text               mf_w.l(dmul.o)
    0x00000460   0x00000460   0x0000003e   Code   RO         2015    .text               mf_w.l(dfixi.o)
    0x0000049e   0x0000049e   0x00000002   PAD
    0x000004a0   0x000004a0   0x00000030   Code   RO         2019    .text               mf_w.l(cdcmple.o)
    0x000004d0   0x000004d0   0x00000030   Code   RO         2021    .text               mf_w.l(cdrcmple.o)
    0x00000500   0x00000500   0x0000002c   Code   RO         2038    .text               mc_w.l(uidiv.o)
    0x0000052c   0x0000052c   0x00000062   Code   RO         2040    .text               mc_w.l(uldiv.o)
    0x0000058e   0x0000058e   0x0000001e   Code   RO         2042    .text               mc_w.l(llshl.o)
    0x000005ac   0x000005ac   0x00000020   Code   RO         2044    .text               mc_w.l(llushr.o)
    0x000005cc   0x000005cc   0x00000024   Code   RO         2046    .text               mc_w.l(llsshr.o)
    0x000005f0   0x000005f0   0x00000360   Code   RO         2056    .text               mc_w.l(scanf_fp.o)
    0x00000950   0x00000950   0x00000040   Code   RO         2062    .text               mc_w.l(_sgetc.o)
    0x00000990   0x00000990   0x0000009c   Code   RO         2064    .text               mc_w.l(strtod.o)
    0x00000a2c   0x00000a2c   0x00000000   Code   RO         2066    .text               mc_w.l(iusefp.o)
    0x00000a2c   0x00000a2c   0x000000ba   Code   RO         2067    .text               mf_w.l(depilogue.o)
    0x00000ae6   0x00000ae6   0x000000de   Code   RO         2069    .text               mf_w.l(ddiv.o)
    0x00000bc4   0x00000bc4   0x00000030   Code   RO         2071    .text               mf_w.l(dfixul.o)
    0x00000bf4   0x00000bf4   0x00000024   Code   RO         2073    .text               mc_w.l(init.o)
    0x00000c18   0x00000c18   0x0000000a   Code   RO         2075    .text               mc_w.l(isspace_c.o)
    0x00000c22   0x00000c22   0x00000018   Code   RO         2081    .text               mf_w.l(dfltul.o)
    0x00000c3a   0x00000c3a   0x00000038   Code   RO         2083    .text               mf_w.l(d2f.o)
    0x00000c72   0x00000c72   0x00000002   PAD
    0x00000c74   0x00000c74   0x00000028   Code   RO         2085    .text               mc_w.l(ctype_c.o)
    0x00000c9c   0x00000c9c   0x0000006e   Code   RO         2088    .text               mf_w.l(fepilogue.o)
    0x00000d0a   0x00000d0a   0x00000002   PAD
    0x00000d0c   0x00000d0c   0x000000e0   Code   RO          436    i.ATCheckSetResponse  atcommand.o
    0x00000dec   0x00000dec   0x00000094   Code   RO          437    i.AT_Get_SUB_In_Json  atcommand.o
    0x00000e80   0x00000e80   0x00000118   Code   RO          438    i.AT_Send_message   atcommand.o
    0x00000f98   0x00000f98   0x000000c8   Code   RO          439    i.AT_generate_MQTTAUTH_command  atcommand.o
    0x00001060   0x00001060   0x00000088   Code   RO          440    i.AT_generate_MQTTCID_command  atcommand.o
    0x000010e8   0x000010e8   0x00000118   Code   RO          441    i.AT_generate_MQTTPUB_command  atcommand.o
    0x00001200   0x00001200   0x000000b0   Code   RO          442    i.AT_generate_MQTTSOCK_command  atcommand.o
    0x000012b0   0x000012b0   0x00000140   Code   RO          443    i.AT_generate_MQTTSUB_command  atcommand.o
    0x000013f0   0x000013f0   0x000000bc   Code   RO          444    i.AT_generate_wifi_connect_command  atcommand.o
    0x000014ac   0x000014ac   0x0000001a   Code   RO          372    i.BufferInit        buffer.o
    0x000014c6   0x000014c6   0x0000005a   Code   RO          373    i.BufferLength      buffer.o
    0x00001520   0x00001520   0x0000002e   Code   RO          374    i.DeBuffer          buffer.o
    0x0000154e   0x0000154e   0x00000002   PAD
    0x00001550   0x00001550   0x00000040   Code   RO          249    i.EUSCIA2_IRQHandler  myuart.o
    0x00001590   0x00001590   0x0000004e   Code   RO          375    i.EnBuffer          buffer.o
    0x000015de   0x000015de   0x00000002   PAD
    0x000015e0   0x000015e0   0x000001fc   Code   RO         1206    i.IOT_Sign_MQTT     sign_mqtt.o
    0x000017dc   0x000017dc   0x00000010   Code   RO          320    i.SysTick_Handler   tick.o
    0x000017ec   0x000017ec   0x0000006c   Code   RO            5    i.SystemInit        system_msp432p401r.o
    0x00001858   0x00001858   0x0000001a   Code   RO         1351    i.UART_receiveData  msp432p4xx_driverlib.lib(uart_MSP432P4XX.o)
    0x00001872   0x00001872   0x00000018   Code   RO         1358    i.UART_transmitData  msp432p4xx_driverlib.lib(uart_MSP432P4XX.o)
    0x0000188a   0x0000188a   0x00000010   Code   RO          250    i.Usart_SendByte    myuart.o
    0x0000189a   0x0000189a   0x0000001c   Code   RO          251    i.Usart_SendString  myuart.o
    0x000018b6   0x000018b6   0x000000c2   Code   RO         1258    i._Z17utils_hmac_sha256PKhjS0_jPh  sign_sha256.o
    0x00001978   0x00001978   0x0000000e   Code   RO         1260    i._Z17utils_sha256_initP18iot_sha256_context  sign_sha256.o
    0x00001986   0x00001986   0x00000002   PAD
    0x00001988   0x00001988   0x0000014c   Code   RO         1207    i._Z18_sign_get_clientidPcPKcS1_  sign_mqtt.o
    0x00001ad4   0x00001ad4   0x00000164   Code   RO         1261    i._Z19utils_sha256_finishP18iot_sha256_contextPh  sign_sha256.o
    0x00001c38   0x00001c38   0x00000050   Code   RO         1262    i._Z19utils_sha256_startsP18iot_sha256_context  sign_sha256.o
    0x00001c88   0x00001c88   0x0000007c   Code   RO         1263    i._Z19utils_sha256_updateP18iot_sha256_contextPKhj  sign_sha256.o
    0x00001d04   0x00001d04   0x000001c0   Code   RO         1264    i._Z20utils_sha256_processP18iot_sha256_contextPKh  sign_sha256.o
    0x00001ec4   0x00001ec4   0x00000170   Code   RO         1208    i._Z26_iotx_generate_sign_stringPKcS0_S0_S0_Pc  sign_mqtt.o
    0x00002034   0x00002034   0x00000050   Code   RO         1209    i._Z8_hex2strPhtPc  sign_mqtt.o
    0x00002084   0x00002084   0x00000020   Code   RO         1951    i.__0printf         mc_w.l(printfa.o)
    0x000020a4   0x000020a4   0x00000028   Code   RO         1953    i.__0sprintf        mc_w.l(printfa.o)
    0x000020cc   0x000020cc   0x0000005c   Code   RO         1983    i.__free$realloc    mc_w.l(mallocr.o)
    0x00002128   0x00002128   0x00000050   Code   RO         1984    i.__malloc$realloc  mc_w.l(mallocr.o)
    0x00002178   0x00002178   0x0000000e   Code   RO         2092    i.__scatterload_copy  mc_w.l(handlers.o)
    0x00002186   0x00002186   0x00000002   Code   RO         2093    i.__scatterload_null  mc_w.l(handlers.o)
    0x00002188   0x00002188   0x0000000e   Code   RO         2094    i.__scatterload_zeroinit  mc_w.l(handlers.o)
    0x00002196   0x00002196   0x00000002   PAD
    0x00002198   0x00002198   0x00000184   Code   RO         1958    i._fp_digits        mc_w.l(printfa.o)
    0x0000231c   0x0000231c   0x0000000e   Code   RO         2058    i._is_digit         mc_w.l(scanf_fp.o)
    0x0000232a   0x0000232a   0x00000002   PAD
    0x0000232c   0x0000232c   0x000006dc   Code   RO         1959    i._printf_core      mc_w.l(printfa.o)
    0x00002a08   0x00002a08   0x00000024   Code   RO         1960    i._printf_post_padding  mc_w.l(printfa.o)
    0x00002a2c   0x00002a2c   0x0000002e   Code   RO         1961    i._printf_pre_padding  mc_w.l(printfa.o)
    0x00002a5a   0x00002a5a   0x0000000a   Code   RO         1963    i._sputc            mc_w.l(printfa.o)
    0x00002a64   0x00002a64   0x00000048   Code   RO          532    i.buffer_skip_whitespace  cjson.o
    0x00002aac   0x00002aac   0x00000058   Code   RO          564    i.cJSON_Delete      cjson.o
    0x00002b04   0x00002b04   0x00000012   Code   RO          578    i.cJSON_GetObjectItemCaseSensitive  cjson.o
    0x00002b16   0x00002b16   0x00000016   Code   RO          588    i.cJSON_IsNumber    cjson.o
    0x00002b2c   0x00002b2c   0x00000016   Code   RO          589    i.cJSON_IsObject    cjson.o
    0x00002b42   0x00002b42   0x0000001c   Code   RO          594    i.cJSON_New_Item    cjson.o
    0x00002b5e   0x00002b5e   0x00000010   Code   RO          595    i.cJSON_Parse       cjson.o
    0x00002b6e   0x00002b6e   0x00000002   PAD
    0x00002b70   0x00002b70   0x000000d4   Code   RO          597    i.cJSON_ParseWithLengthOpts  cjson.o
    0x00002c44   0x00002c44   0x00000028   Code   RO          598    i.cJSON_ParseWithOpts  cjson.o
    0x00002c6c   0x00002c6c   0x00000048   Code   RO          613    i.case_insensitive_strcmp  cjson.o
    0x00002cb4   0x00002cb4   0x0000001a   Code   RO          321    i.delay_ms          tick.o
    0x00002cce   0x00002cce   0x00000002   PAD
    0x00002cd0   0x00002cd0   0x000000a0   Code   RO          445    i.execAT            atcommand.o
    0x00002d70   0x00002d70   0x00000020   Code   RO           75    i.fputc             main.o
    0x00002d90   0x00002d90   0x00000004   Code   RO          619    i.get_decimal_point  cjson.o
    0x00002d94   0x00002d94   0x00000052   Code   RO          620    i.get_object_item   cjson.o
    0x00002de6   0x00002de6   0x00000002   PAD
    0x00002de8   0x00002de8   0x00000050   Code   RO         1985    i.internal_alloc    mc_w.l(mallocr.o)
    0x00002e38   0x00002e38   0x00000012   Code   RO          376    i.isEmpty           buffer.o
    0x00002e4a   0x00002e4a   0x00000002   PAD
    0x00002e4c   0x00002e4c   0x000003c0   Code   RO           76    i.main              main.o
    0x0000320c   0x0000320c   0x00000060   Code   RO          322    i.ms_ticker_init    tick.o
    0x0000326c   0x0000326c   0x0000000c   Code   RO          323    i.ms_ticker_read    tick.o
    0x00003278   0x00003278   0x000000a0   Code   RO          252    i.myUartInit        myuart.o
    0x00003318   0x00003318   0x000000f8   Code   RO          622    i.parse_array       cjson.o
    0x00003410   0x00003410   0x0000005a   Code   RO          623    i.parse_hex4        cjson.o
    0x0000346a   0x0000346a   0x00000002   PAD
    0x0000346c   0x0000346c   0x00000154   Code   RO          624    i.parse_number      cjson.o
    0x000035c0   0x000035c0   0x0000013e   Code   RO          625    i.parse_object      cjson.o
    0x000036fe   0x000036fe   0x0000018c   Code   RO          626    i.parse_string      cjson.o
    0x0000388a   0x0000388a   0x00000002   PAD
    0x0000388c   0x0000388c   0x0000013c   Code   RO          627    i.parse_value       cjson.o
    0x000039c8   0x000039c8   0x0000006c   Code   RO         1986    i.realloc           mc_w.l(mallocr.o)
    0x00003a34   0x00003a34   0x00000078   Code   RO          446    i.sendCommand       atcommand.o
    0x00003aac   0x00003aac   0x0000003c   Code   RO          638    i.skip_utf8_bom     cjson.o
    0x00003ae8   0x00003ae8   0x00000030   Code   RO         1689    i.strtod            m_wm.l(strtod.o)
    0x00003b18   0x00003b18   0x0000012c   Code   RO          641    i.utf16_literal_to_utf8  cjson.o
    0x00003c44   0x00003c44   0x00000024   Data   RO          253    .constdata          myuart.o
    0x00003c68   0x00003c68   0x00000140   Data   RO         1275    .constdata          sign_sha256.o
    0x00003da8   0x00003da8   0x00000040   Data   RO         2086    .constdata          mc_w.l(ctype_c.o)
    0x00003de8   0x00003de8   0x00000131   Data   RO           78    .conststring        main.o
    0x00003f19   0x00003f19   0x00000003   PAD
    0x00003f1c   0x00003f1c   0x000000e9   Data   RO         1214    .conststring        sign_mqtt.o
    0x00004005   0x00004005   0x00000003   PAD
    0x00004008   0x00004008   0x00000020   Data   RO         2090    Region$$Table       anon$$obj.o


    Execution Region RW_IRAM1 (Exec base: 0x20000000, Load base: 0x00004028, Size: 0x00002268, Max: 0x00010000, ABSOLUTE)

    Exec Addr    Load Addr    Size         Type   Attr      Idx    E Section Name        Object

    0x20000000   0x00004028   0x00000004   Data   RW            6    .data               system_msp432p401r.o
    0x20000004   0x0000402c   0x00000018   Data   RW           79    .data               main.o
    0x2000001c   0x00004044   0x00000004   Data   RW          324    .data               tick.o
    0x20000020   0x00004048   0x00000014   Data   RW          643    .data               cjson.o
    0x20000034   0x0000405c   0x00000028   Data   RW         1215    .data               sign_mqtt.o
    0x2000005c   0x00004084   0x00000004   Data   RW         2037    .data               mc_w.l(stdout.o)
    0x20000060   0x00004088   0x00000004   Data   RW         2048    .data               mc_w.l(mvars.o)
    0x20000064   0x0000408c   0x00000004   Data   RW         2049    .data               mc_w.l(mvars.o)
    0x20000068        -       0x00000064   Zero   RW           77    .bss                main.o
    0x200000cc        -       0x000000d0   Zero   RW          378    .bss                buffer.o
    0x2000019c        -       0x000000c8   Zero   RW          447    .bss                atcommand.o
    0x20000264   0x00004090   0x00000004   PAD
    0x20000268        -       0x00001000   Zero   RW           66    HEAP                startup_msp432p401r_uvision.o
    0x20001268        -       0x00001000   Zero   RW           65    STACK               startup_msp432p401r_uvision.o



  Load Region LR_IROM2 (Base: 0x00200000, Size: 0x00000000, Max: 0x00004000, ABSOLUTE)

    Execution Region ER_IROM2 (Exec base: 0x00200000, Load base: 0x00200000, Size: 0x00000000, Max: 0x00004000, ABSOLUTE)

    **** No section assigned to this execution region ****


==============================================================================

Image component sizes


      Code (inc. data)   RO Data    RW Data    ZI Data      Debug   Object Name

      2232        528          0          0        200       9399   atcommand.o
       258          0          0          0        208       3899   buffer.o
      2744         76          0         20          0      18824   cjson.o
       992        378        305         24        100     197064   main.o
       268         34         36          0          0       5846   myuart.o
      1288        130        233         40          0       9940   sign_mqtt.o
      1216         44        320          0          0       9966   sign_sha256.o
        36          8        324          0       8192        936   startup_msp432p401r_uvision.o
       108         22          0          4          0       5415   system_msp432p401r.o
       150         24          0          4          0      32558   tick.o

    ----------------------------------------------------------------------
      9310       1244       1256         92       8704     293847   Object Totals
         0          0         32          0          0          0   (incl. Generated)
        18          0          6          0          4          0   (incl. Padding)

    ----------------------------------------------------------------------

      Code (inc. data)   RO Data    RW Data    ZI Data      Debug   Library Member Name

        48         14          0          0          0        128   strtod.o
        64          0          0          0          0         84   _sgetc.o
        40          6         64          0          0         68   ctype_c.o
         0          0          0          0          0          0   entry.o
         0          0          0          0          0          0   entry10a.o
         0          0          0          0          0          0   entry11a.o
         8          4          0          0          0          0   entry2.o
         4          0          0          0          0          0   entry5.o
         0          0          0          0          0          0   entry7b.o
         0          0          0          0          0          0   entry8b.o
         8          4          0          0          0          0   entry9a.o
        30          0          0          0          0          0   handlers.o
        36          8          0          0          0         68   init.o
        10          0          0          0          0         68   isspace_c.o
         0          0          0          0          0          0   iusefp.o
        30          0          0          0          0         68   llshl.o
        36          0          0          0          0         68   llsshr.o
        32          0          0          0          0         68   llushr.o
       360         30          0          0          0        356   mallocr.o
        40          0          0          0          0         76   memcpy.o
        36          0          0          0          0        108   memseta.o
         0          0          0          8          0          0   mvars.o
      2308         96          0          0          0        604   printfa.o
       878         12          0          0          0        216   scanf_fp.o
         0          0          0          4          0          0   stdout.o
        28          0          0          0          0         76   strcmp.o
        18          0          0          0          0         68   strcpy.o
        14          0          0          0          0         68   strlen.o
        30          0          0          0          0         80   strncmp.o
       156         12          0          0          0        120   strtod.o
        12          0          0          0          0         68   tolower.o
        44          0          0          0          0         80   uidiv.o
        98          0          0          0          0         92   uldiv.o
        48          0          0          0          0         68   cdcmple.o
        48          0          0          0          0         68   cdrcmple.o
        56          0          0          0          0         88   d2f.o
       334          0          0          0          0        148   dadd.o
       222          0          0          0          0        100   ddiv.o
       186          0          0          0          0        176   depilogue.o
        62          0          0          0          0         80   dfixi.o
        48          0          0          0          0         68   dfixul.o
        24          0          0          0          0         76   dfltul.o
       228          0          0          0          0         96   dmul.o
       110          0          0          0          0        168   fepilogue.o
        50          0          0          0          0       4255   uart_MSP432P4XX.o

    ----------------------------------------------------------------------
      5794        186         64         12          0       8023   Library Totals
        10          0          0          0          0          0   (incl. Padding)

    ----------------------------------------------------------------------

      Code (inc. data)   RO Data    RW Data    ZI Data      Debug   Library Name

        48         14          0          0          0        128   m_wm.l
      4320        172         64         12          0       2504   mc_w.l
      1366          0          0          0          0       1136   mf_w.l
        50          0          0          0          0       4255   msp432p4xx_driverlib.lib

    ----------------------------------------------------------------------
      5794        186         64         12          0       8023   Library Totals

    ----------------------------------------------------------------------

==============================================================================


      Code (inc. data)   RO Data    RW Data    ZI Data      Debug   

     15104       1430       1320        104       8704     294798   Grand Totals
     15104       1430       1320        104       8704     294798   ELF Image Totals
     15104       1430       1320        104          0          0   ROM Totals

==============================================================================

    Total RO  Size (Code + RO Data)                16424 (  16.04kB)
    Total RW  Size (RW Data + ZI Data)              8808 (   8.60kB)
    Total ROM Size (Code + RO Data + RW Data)      16528 (  16.14kB)

==============================================================================

