Component: ARM Compiler 5.06 update 6 (build 750) Tool: armlink [4d35ed]

==============================================================================

Section Cross References

    system_msp432p401r.o(i.SystemCoreClockUpdate) refers to system_msp432p401r.o(.data) for SystemCoreClock
    startup_msp432p401r_uvision.o(RESET) refers to startup_msp432p401r_uvision.o(STACK) for __initial_sp
    startup_msp432p401r_uvision.o(RESET) refers to startup_msp432p401r_uvision.o(.text) for Reset_Handler
    startup_msp432p401r_uvision.o(RESET) refers to tick.o(i.SysTick_Handler) for SysTick_Handler
    startup_msp432p401r_uvision.o(RESET) refers to myuart.o(i.EUSCIA2_IRQHandler) for EUSCIA2_IRQHandler
    startup_msp432p401r_uvision.o(RESET) refers to exti.o(i.PORT1_IRQHandler) for PORT1_IRQHandler
    startup_msp432p401r_uvision.o(.text) refers to system_msp432p401r.o(i.SystemInit) for SystemInit
    startup_msp432p401r_uvision.o(.text) refers to entry.o(.ARM.Collect$$$$00000000) for __main
    main.o(i.main) refers to tick.o(i.ms_ticker_init) for ms_ticker_init
    main.o(i.main) refers to led.o(i.LED_Init) for LED_Init
    main.o(i.main) refers to myuart.o(i.myUartInit) for myUartInit
    main.o(i.main) refers to exti.o(i.EXTIX_Init) for EXTIX_Init
    main.o(i.main) refers to oled.o(i.OLED_Init) for OLED_Init
    main.o(i.main) refers to oled.o(i.OLED_Clear) for OLED_Clear
    main.o(i.main) refers to oled.o(i.OLED_ShowString) for OLED_ShowString
    main.o(i.main) refers to mallocr.o(i.__malloc$realloc) for malloc
    main.o(i.main) refers to strcpy.o(.text) for strcpy
    main.o(i.main) refers to sign_mqtt.o(i.IOT_Sign_MQTT) for IOT_Sign_MQTT
    main.o(i.main) refers to printfa.o(i.__0printf) for __2printf
    main.o(i.main) refers to mallocr.o(i.__free$realloc) for free
    main.o(i.main) refers to tick.o(i.delay_ms) for delay_ms
    main.o(i.main) refers to led.o(i.led2ShowRed) for led2ShowRed
    main.o(i.main) refers to atcommand.o(i.execAT) for execAT
    main.o(i.main) refers to atcommand.o(i.AT_generate_wifi_connect_command) for AT_generate_wifi_connect_command
    main.o(i.main) refers to atcommand.o(i.checkWifiConnection) for checkWifiConnection
    main.o(i.main) refers to led.o(i.led2blink) for led2blink
    main.o(i.main) refers to led.o(i.led2ShowBlue) for led2ShowBlue
    main.o(i.main) refers to atcommand.o(i.AT_generate_MQTTAUTH_command) for AT_generate_MQTTAUTH_command
    main.o(i.main) refers to atcommand.o(i.AT_generate_MQTTSOCK_command) for AT_generate_MQTTSOCK_command
    main.o(i.main) refers to atcommand.o(i.AT_generate_MQTTCID_command) for AT_generate_MQTTCID_command
    main.o(i.main) refers to atcommand.o(i.AT_generate_MQTTSUB_command) for AT_generate_MQTTSUB_command
    main.o(i.main) refers to led.o(i.led2ShowGreen) for led2ShowGreen
    main.o(i.main) refers to gpio_MSP432P4XX.o(i.GPIO_setOutputHighOnPin) for GPIO_setOutputHighOnPin
    main.o(i.main) refers to atcommand.o(i.AT_generate_MQTTPUB_command) for AT_generate_MQTTPUB_command
    main.o(i.main) refers to myuart.o(i.myEUSCIA0Init) for myEUSCIA0Init
    main.o(i.main) refers to atcommand.o(i.AT_Send_message) for AT_Send_message
    main.o(i.main) refers to gpio_MSP432P4XX.o(i.GPIO_setOutputLowOnPin) for GPIO_setOutputLowOnPin
    main.o(i.main) refers to atcommand.o(i.AT_Get_SUB_In_Json) for AT_Get_SUB_In_Json
    main.o(i.main) refers to cjson.o(i.cJSON_Parse) for cJSON_Parse
    main.o(i.main) refers to cjson.o(i.cJSON_GetObjectItemCaseSensitive) for cJSON_GetObjectItemCaseSensitive
    main.o(i.main) refers to cjson.o(i.cJSON_IsObject) for cJSON_IsObject
    main.o(i.main) refers to cjson.o(i.cJSON_IsNumber) for cJSON_IsNumber
    main.o(i.main) refers to main.o(.data) for DeviceName
    main.o(i.main) refers to main.o(.bss) for ATCommandBuffer
    main.o(i.main) refers to main.o(.conststring) for .conststring
    main.o(i.main) refers to buffer.o(.bss) for myBuffer
    main.o(i.main) refers to cjson.o(i.cJSON_Delete) for cJSON_Delete
    main.o(.data) refers to main.o(.conststring) for .conststring
    myuart.o(i.EUSCIA2_IRQHandler) refers to uart_MSP432P4XX.o(i.UART_receiveData) for UART_receiveData
    myuart.o(i.EUSCIA2_IRQHandler) refers to buffer.o(i.EnBuffer) for EnBuffer
    myuart.o(i.EUSCIA2_IRQHandler) refers to buffer.o(.bss) for myBuffer
    myuart.o(i.Usart_SendByte) refers to uart_MSP432P4XX.o(i.UART_transmitData) for UART_transmitData
    myuart.o(i.Usart_SendString) refers to myuart.o(i.Usart_SendByte) for Usart_SendByte
    myuart.o(i.myEUSCIA0Init) refers to memcpy.o(.text) for __aeabi_memcpy4
    myuart.o(i.myEUSCIA0Init) refers to myuart.o(.constdata) for .constdata
    myuart.o(i.myUartInit) refers to memcpy.o(.text) for __aeabi_memcpy4
    myuart.o(i.myUartInit) refers to buffer.o(i.BufferInit) for BufferInit
    myuart.o(i.myUartInit) refers to myuart.o(.constdata) for .constdata
[...]
    Removing i2c_MSP432P4XX.o(i.I2C_initSlave), (42 bytes).
    Removing i2c_MSP432P4XX.o(i.I2C_isBusBusy), (12 bytes).
    Removing i2c_MSP432P4XX.o(i.I2C_masterIsStartSent), (16 bytes).
    Removing i2c_MSP432P4XX.o(i.I2C_masterIsStopSent), (10 bytes).
    Removing i2c_MSP432P4XX.o(i.I2C_masterReceiveMultiByteFinish), (34 bytes).
    Removing i2c_MSP432P4XX.o(i.I2C_masterReceiveMultiByteFinishWithTimeout), (60 bytes).
    Removing i2c_MSP432P4XX.o(i.I2C_masterReceiveMultiByteNext), (6 bytes).
    Removing i2c_MSP432P4XX.o(i.I2C_masterReceiveMultiByteStop), (12 bytes).
    Removing i2c_MSP432P4XX.o(i.I2C_masterReceiveSingle), (26 bytes).
    Removing i2c_MSP432P4XX.o(i.I2C_masterReceiveSingleByte), (32 bytes).
    Removing i2c_MSP432P4XX.o(i.I2C_masterReceiveStart), (14 bytes).
    Removing i2c_MSP432P4XX.o(i.I2C_masterSendMultiByteFinish), (56 bytes).
    Removing i2c_MSP432P4XX.o(i.I2C_masterSendMultiByteFinishWithTimeout), (74 bytes).
    Removing i2c_MSP432P4XX.o(i.I2C_masterSendMultiByteNext), (24 bytes).
    Removing i2c_MSP432P4XX.o(i.I2C_masterSendMultiByteNextWithTimeout), (42 bytes).
    Removing i2c_MSP432P4XX.o(i.I2C_masterSendMultiByteStart), (52 bytes).
    Removing i2c_MSP432P4XX.o(i.I2C_masterSendMultiByteStop), (26 bytes).
    Removing i2c_MSP432P4XX.o(i.I2C_masterSendMultiByteStopWithTimeout), (36 bytes).
    Removing i2c_MSP432P4XX.o(i.I2C_masterSendSingleByte), (76 bytes).
    Removing i2c_MSP432P4XX.o(i.I2C_masterSendSingleByteWithTimeout), (96 bytes).
    Removing i2c_MSP432P4XX.o(i.I2C_masterSendStart), (12 bytes).
    Removing i2c_MSP432P4XX.o(i.I2C_registerInterrupt), (96 bytes).
    Removing i2c_MSP432P4XX.o(i.I2C_setMode), (12 bytes).
    Removing i2c_MSP432P4XX.o(i.I2C_setSlaveAddress), (4 bytes).
    Removing i2c_MSP432P4XX.o(i.I2C_setTimeout), (34 bytes).
    Removing i2c_MSP432P4XX.o(i.I2C_slaveGetData), (6 bytes).
    Removing i2c_MSP432P4XX.o(i.I2C_slavePutData), (4 bytes).
    Removing i2c_MSP432P4XX.o(i.I2C_slaveSendNAK), (12 bytes).
    Removing i2c_MSP432P4XX.o(i.I2C_unregisterInterrupt), (96 bytes).
    Removing uart_MSP432P4XX.o(.rev16_text), (4 bytes).
    Removing uart_MSP432P4XX.o(.revsh_text), (4 bytes).
    Removing uart_MSP432P4XX.o(.rrx_text), (6 bytes).
    Removing uart_MSP432P4XX.o(i.UART_clearInterruptFlag), (10 bytes).
    Removing uart_MSP432P4XX.o(i.UART_disableInterrupt), (26 bytes).
    Removing uart_MSP432P4XX.o(i.UART_disableModule), (12 bytes).
    Removing uart_MSP432P4XX.o(i.UART_enableInterrupt), (22 bytes).
    Removing uart_MSP432P4XX.o(i.UART_enableModule), (12 bytes).
    Removing uart_MSP432P4XX.o(i.UART_getEnabledInterruptStatus), (34 bytes).
    Removing uart_MSP432P4XX.o(i.UART_getInterruptStatus), (6 bytes).
    Removing uart_MSP432P4XX.o(i.UART_getReceiveBufferAddressForDMA), (4 bytes).
    Removing uart_MSP432P4XX.o(i.UART_getTransmitBufferAddressForDMA), (4 bytes).
    Removing uart_MSP432P4XX.o(i.UART_initModule), (136 bytes).
    Removing uart_MSP432P4XX.o(i.UART_queryStatusFlags), (6 bytes).
    Removing uart_MSP432P4XX.o(i.UART_registerInterrupt), (96 bytes).
    Removing uart_MSP432P4XX.o(i.UART_resetDormant), (12 bytes).
    Removing uart_MSP432P4XX.o(i.UART_selectDeglitchTime), (12 bytes).
    Removing uart_MSP432P4XX.o(i.UART_setDormant), (12 bytes).
    Removing uart_MSP432P4XX.o(i.UART_transmitAddress), (14 bytes).
    Removing uart_MSP432P4XX.o(i.UART_transmitBreak), (48 bytes).
    Removing uart_MSP432P4XX.o(i.UART_unregisterInterrupt), (96 bytes).
    Removing interrupt_MSP432P4XX.o(.rev16_text), (4 bytes).
    Removing interrupt_MSP432P4XX.o(.revsh_text), (4 bytes).
    Removing interrupt_MSP432P4XX.o(.rrx_text), (6 bytes).
    Removing interrupt_MSP432P4XX.o(i.IntDefaultHandler), (2 bytes).
    Removing interrupt_MSP432P4XX.o(i.Interrupt_disableInterrupt), (100 bytes).
    Removing interrupt_MSP432P4XX.o(i.Interrupt_disableMaster), (14 bytes).
    Removing interrupt_MSP432P4XX.o(i.Interrupt_disableSleepOnIsrExit), (16 bytes).
    Removing interrupt_MSP432P4XX.o(i.Interrupt_enableInterrupt), (100 bytes).
    Removing interrupt_MSP432P4XX.o(i.Interrupt_enableMaster), (14 bytes).
    Removing interrupt_MSP432P4XX.o(i.Interrupt_enableSleepOnIsrExit), (16 bytes).
    Removing interrupt_MSP432P4XX.o(i.Interrupt_getPriority), (28 bytes).
    Removing interrupt_MSP432P4XX.o(i.Interrupt_getPriorityGrouping), (36 bytes).
    Removing interrupt_MSP432P4XX.o(i.Interrupt_getPriorityMask), (10 bytes).
    Removing interrupt_MSP432P4XX.o(i.Interrupt_getVectorTableAddress), (12 bytes).
    Removing interrupt_MSP432P4XX.o(i.Interrupt_isEnabled), (104 bytes).
    Removing interrupt_MSP432P4XX.o(i.Interrupt_pendInterrupt), (84 bytes).
    Removing interrupt_MSP432P4XX.o(i.Interrupt_registerInterrupt), (52 bytes).
    Removing interrupt_MSP432P4XX.o(i.Interrupt_setPriority), (40 bytes).
    Removing interrupt_MSP432P4XX.o(i.Interrupt_setPriorityGrouping), (28 bytes).
    Removing interrupt_MSP432P4XX.o(i.Interrupt_setPriorityMask), (4 bytes).
    Removing interrupt_MSP432P4XX.o(i.Interrupt_setVectorTableAddress), (12 bytes).
    Removing interrupt_MSP432P4XX.o(i.Interrupt_unpendInterrupt), (68 bytes).
    Removing interrupt_MSP432P4XX.o(i.Interrupt_unregisterInterrupt), (20 bytes).
    Removing interrupt_MSP432P4XX.o(.constdata), (144 bytes).
    Removing interrupt_MSP432P4XX.o(vtable), (232 bytes).
    Removing cpu_MSP432P4XX.o(.rev16_text), (4 bytes).
    Removing cpu_MSP432P4XX.o(.revsh_text), (4 bytes).
    Removing cpu_MSP432P4XX.o(.rrx_text), (6 bytes).
    Removing cpu_MSP432P4XX.o(.emb_text), (38 bytes).
    Removing dflti.o(.text), (34 bytes).
    Removing f2d.o(.text), (38 bytes).

269 unused section(s) (total 12337 bytes) removed from the image.

==============================================================================

Image Symbol Table

    Local Symbols

    Symbol Name                              Value     Ov Type        Size  Object(Section)

    RESET                                    0x00000000   Section      324  startup_msp432p401r_uvision.o(RESET)
    ../clib/microlib/ctype/ctype.c           0x00000000   Number         0  isspace_c.o ABSOLUTE
    ../clib/microlib/ctype/ctype.c           0x00000000   Number         0  ctype_c.o ABSOLUTE
    ../clib/microlib/ctype/tolower.c         0x00000000   Number         0  tolower.o ABSOLUTE
    ../clib/microlib/division.c              0x00000000   Number         0  uidiv.o ABSOLUTE
    ../clib/microlib/division.c              0x00000000   Number         0  uldiv.o ABSOLUTE
    ../clib/microlib/init/entry.s            0x00000000   Number         0  entry7a.o ABSOLUTE
    ../clib/microlib/init/entry.s            0x00000000   Number         0  entry5.o ABSOLUTE
    ../clib/microlib/init/entry.s            0x00000000   Number         0  entry2.o ABSOLUTE
    ../clib/microlib/init/entry.s            0x00000000   Number         0  entry11b.o ABSOLUTE
    ../clib/microlib/init/entry.s            0x00000000   Number         0  entry9b.o ABSOLUTE
    ../clib/microlib/init/entry.s            0x00000000   Number         0  entry11a.o ABSOLUTE
    ../clib/microlib/init/entry.s            0x00000000   Number         0  entry9a.o ABSOLUTE
    ../clib/microlib/init/entry.s            0x00000000   Number         0  entry10a.o ABSOLUTE
    ../clib/microlib/init/entry.s            0x00000000   Number         0  entry.o ABSOLUTE
    ../clib/microlib/init/entry.s            0x00000000   Number         0  entry10b.o ABSOLUTE
    ../clib/microlib/init/entry.s            0x00000000   Number         0  entry8b.o ABSOLUTE
    ../clib/microlib/init/entry.s            0x00000000   Number         0  entry8a.o ABSOLUTE
    ../clib/microlib/init/entry.s            0x00000000   Number         0  entry7b.o ABSOLUTE
    ../clib/microlib/longlong.c              0x00000000   Number         0  llshl.o ABSOLUTE
    ../clib/microlib/longlong.c              0x00000000   Number         0  llushr.o ABSOLUTE
    ../clib/microlib/longlong.c              0x00000000   Number         0  llsshr.o ABSOLUTE
    ../clib/microlib/malloc/malloc.c         0x00000000   Number         0  malloca.o ABSOLUTE
    ../clib/microlib/malloc/malloc.c         0x00000000   Number         0  mallocr.o ABSOLUTE
    ../clib/microlib/malloc/malloc.c         0x00000000   Number         0  malloc.o ABSOLUTE
    ../clib/microlib/malloc/malloc.c         0x00000000   Number         0  mallocra.o ABSOLUTE
    ../clib/microlib/malloc/mvars.c          0x00000000   Number         0  mvars.o ABSOLUTE
    ../clib/microlib/printf/printf.c         0x00000000   Number         0  printf0.o ABSOLUTE
    ../clib/microlib/printf/printf.c         0x00000000   Number         0  printf2.o ABSOLUTE
    ../clib/microlib/printf/printf.c         0x00000000   Number         0  printf3.o ABSOLUTE
    ../clib/microlib/printf/printf.c         0x00000000   Number         0  printf4.o ABSOLUTE
    ../clib/microlib/printf/printf.c         0x00000000   Number         0  printf5.o ABSOLUTE
    ../clib/microlib/printf/printf.c         0x00000000   Number         0  printf6.o ABSOLUTE
    ../clib/microlib/printf/printf.c         0x00000000   Number         0  printf1.o ABSOLUTE
    ../clib/microlib/printf/printf.c         0x00000000   Number         0  printf7.o ABSOLUTE
    ../clib/microlib/printf/printf.c         0x00000000   Number         0  printfa.o ABSOLUTE
    ../clib/microlib/printf/printf.c         0x00000000   Number         0  printfb.o ABSOLUTE
    ../clib/microlib/printf/printf.c         0x00000000   Number         0  printf8.o ABSOLUTE
    ../clib/microlib/printf/stubs.s          0x00000000   Number         0  stubs.o ABSOLUTE
    ../clib/microlib/stdio/streams.c         0x00000000   Number         0  stdout.o ABSOLUTE
    ../clib/microlib/string/memcpy.c         0x00000000   Number         0  memcpya.o ABSOLUTE
    ../clib/microlib/string/memcpy.c         0x00000000   Number         0  memcpyc.o ABSOLUTE
    ../clib/microlib/string/memcpy.c         0x00000000   Number         0  memcpyb.o ABSOLUTE
    ../clib/microlib/string/memcpy.c         0x00000000   Number         0  memcpy.o ABSOLUTE
    ../clib/microlib/string/memset.c         0x00000000   Number         0  memset.o ABSOLUTE
    ../clib/microlib/string/memset.c         0x00000000   Number         0  memseta.o ABSOLUTE
    ../clib/microlib/string/strcmp.c         0x00000000   Number         0  strcmp.o ABSOLUTE
    ../clib/microlib/string/strcpy.c         0x00000000   Number         0  strcpy.o ABSOLUTE
    ../clib/microlib/string/strlen.c         0x00000000   Number         0  strlen.o ABSOLUTE
    ../clib/microlib/string/strncmp.c        0x00000000   Number         0  strncmp.o ABSOLUTE
    ../clib/microlib/stubs.s                 0x00000000   Number         0  iusefp.o ABSOLUTE
    ../clib/scanf.c                          0x00000000   Number         0  _scanf_str.o ABSOLUTE
    ../clib/scanf.c                          0x00000000   Number         0  _scanf_int.o ABSOLUTE
    ../clib/scanf.c                          0x00000000   Number         0  _scanf_longlong.o ABSOLUTE
    ../clib/scanf.c                          0x00000000   Number         0  sscanf.o ABSOLUTE
    ../clib/scanf.c                          0x00000000   Number         0  _sgetc.o ABSOLUTE
    ../clib/scanf.c                          0x00000000   Number         0  strtod.o ABSOLUTE
    ../clib/scanf.c                          0x00000000   Number         0  _scanf.o ABSOLUTE
    ../clib/scanf.c                          0x00000000   Number         0  _chval.o ABSOLUTE
    ../clib/scanf.c                          0x00000000   Number         0  scanf_char.o ABSOLUTE
    ../clib/scanf.c                          0x00000000   Number         0  scanf_fp.o ABSOLUTE
    ../fplib/microlib/d2f.c                  0x00000000   Number         0  d2f.o ABSOLUTE
    ../fplib/microlib/f2d.c                  0x00000000   Number         0  f2d.o ABSOLUTE
    ../fplib/microlib/fpadd.c                0x00000000   Number         0  dadd.o ABSOLUTE
    ../fplib/microlib/fpdiv.c                0x00000000   Number         0  ddiv.o ABSOLUTE
    ../fplib/microlib/fpepilogue.c           0x00000000   Number         0  depilogue.o ABSOLUTE
    ../fplib/microlib/fpepilogue.c           0x00000000   Number         0  fepilogue.o ABSOLUTE
    ../fplib/microlib/fpfix.c                0x00000000   Number         0  dfixul.o ABSOLUTE
    ../fplib/microlib/fpfix.c                0x00000000   Number         0  dfixi.o ABSOLUTE
    ../fplib/microlib/fpflt.c                0x00000000   Number         0  dflti.o ABSOLUTE
    ../fplib/microlib/fpflt.c                0x00000000   Number         0  dfltul.o ABSOLUTE
    ../fplib/microlib/fpmul.c                0x00000000   Number         0  dmul.o ABSOLUTE
    ../mathlib/fabs.c                        0x00000000   Number         0  fabs.o ABSOLUTE
    ../mathlib/strtod.c                      0x00000000   Number         0  strtod.o ABSOLUTE
    ..\ATCommand.c                           0x00000000   Number         0  atcommand.o ABSOLUTE
    ..\\ATCommand.c                          0x00000000   Number         0  atcommand.o ABSOLUTE
    ..\\buffer.c                             0x00000000   Number         0  buffer.o ABSOLUTE
    ..\\exti.c                               0x00000000   Number         0  exti.o ABSOLUTE
    ..\\i2c.c                                0x00000000   Number         0  i2c.o ABSOLUTE
    ..\\led.c                                0x00000000   Number         0  led.o ABSOLUTE
    ..\\main.c                               0x00000000   Number         0  main.o ABSOLUTE
    ..\\myUart.c                             0x00000000   Number         0  myuart.o ABSOLUTE
    ..\\oled.c                               0x00000000   Number         0  oled.o ABSOLUTE
    ..\\source\\ti\\devices\\msp432p4xx\\startup_system_files\\system_msp432p401r.c 0x00000000   Number         0  system_msp432p401r.o ABSOLUTE
    ..\\tick.c                               0x00000000   Number         0  tick.o ABSOLUTE
    ..\buffer.c                              0x00000000   Number         0  buffer.o ABSOLUTE
    ..\cJSON.c                               0x00000000   Number         0  cjson.o ABSOLUTE
    ..\exti.c                                0x00000000   Number         0  exti.o ABSOLUTE
    ..\i2c.c                                 0x00000000   Number         0  i2c.o ABSOLUTE
    ..\led.c                                 0x00000000   Number         0  led.o ABSOLUTE
    ..\main.c                                0x00000000   Number         0  main.o ABSOLUTE
    ..\myUart.c                              0x00000000   Number         0  myuart.o ABSOLUTE
    ..\oled.c                                0x00000000   Number         0  oled.o ABSOLUTE
    ..\sign_mqtt.cpp                         0x00000000   Number         0  sign_mqtt.o ABSOLUTE
    ..\sign_sha256.cpp                       0x00000000   Number         0  sign_sha256.o ABSOLUTE
    ..\source\ti\devices\msp432p4xx\startup_system_files\keil\startup_msp432p401r_uvision.s 0x00000000   Number         0  startup_msp432p401r_uvision.o ABSOLUTE
    ..\source\ti\devices\msp432p4xx\startup_system_files\system_msp432p401r.c 0x00000000   Number         0  system_msp432p401r.o ABSOLUTE
    ..\tick.c                                0x00000000   Number         0  tick.o ABSOLUTE
    cdcmple.s                                0x00000000   Number         0  cdcmple.o ABSOLUTE
    cdrcmple.s                               0x00000000   Number         0  cdrcmple.o ABSOLUTE
    dc.s                                     0x00000000   Number         0  dc.o ABSOLUTE
    handlers.s                               0x00000000   Number         0  handlers.o ABSOLUTE
    init.s                                   0x00000000   Number         0  init.o ABSOLUTE
    source/ti/devices/msp432p4xx/driverlib/cpu.c 0x00000000   Number         0  cpu_MSP432P4XX.o ABSOLUTE
    source/ti/devices/msp432p4xx/driverlib/cpu.c 0x00000000   Number         0  cpu_MSP432P4XX.o ABSOLUTE
    source/ti/devices/msp432p4xx/driverlib/gpio.c 0x00000000   Number         0  gpio_MSP432P4XX.o ABSOLUTE
    source/ti/devices/msp432p4xx/driverlib/gpio.c 0x00000000   Number         0  gpio_MSP432P4XX.o ABSOLUTE
    source/ti/devices/msp432p4xx/driverlib/i2c.c 0x00000000   Number         0  i2c_MSP432P4XX.o ABSOLUTE
    source/ti/devices/msp432p4xx/driverlib/i2c.c 0x00000000   Number         0  i2c_MSP432P4XX.o ABSOLUTE
    source/ti/devices/msp432p4xx/driverlib/interrupt.c 0x00000000   Number         0  interrupt_MSP432P4XX.o ABSOLUTE
    source/ti/devices/msp432p4xx/driverlib/interrupt.c 0x00000000   Number         0  interrupt_MSP432P4XX.o ABSOLUTE
    source/ti/devices/msp432p4xx/driverlib/uart.c 0x00000000   Number         0  uart_MSP432P4XX.o ABSOLUTE
    source/ti/devices/msp432p4xx/driverlib/uart.c 0x00000000   Number         0  uart_MSP432P4XX.o ABSOLUTE
    .ARM.Collect$$$$00000000                 0x00000144   Section        0  entry.o(.ARM.Collect$$$$00000000)
    .ARM.Collect$$$$00000001                 0x00000144   Section        4  entry2.o(.ARM.Collect$$$$00000001)
    .ARM.Collect$$$$00000004                 0x00000148   Section        4  entry5.o(.ARM.Collect$$$$00000004)
    .ARM.Collect$$$$00000008                 0x0000014c   Section        0  entry7b.o(.ARM.Collect$$$$00000008)
    .ARM.Collect$$$$0000000A                 0x0000014c   Section        0  entry8b.o(.ARM.Collect$$$$0000000A)
    .ARM.Collect$$$$0000000B                 0x0000014c   Section        8  entry9a.o(.ARM.Collect$$$$0000000B)
    .ARM.Collect$$$$0000000D                 0x00000154   Section        0  entry10a.o(.ARM.Collect$$$$0000000D)
    .ARM.Collect$$$$0000000F                 0x00000154   Section        0  entry11a.o(.ARM.Collect$$$$0000000F)
    .ARM.Collect$$$$00002712                 0x00000154   Section        4  entry2.o(.ARM.Collect$$$$00002712)
    __lit__00000000                          0x00000154   Data           4  entry2.o(.ARM.Collect$$$$00002712)
    .text                                    0x00000158   Section       36  startup_msp432p401r_uvision.o(.text)
    $v0                                      0x00000158   Number         0  startup_msp432p401r_uvision.o(.text)
    .text                                    0x0000017c   Section        0  tolower.o(.text)
    .text                                    0x00000188   Section        0  memcpy.o(.text)
    .text                                    0x000001b0   Section        0  memseta.o(.text)
    .text                                    0x000001d4   Section        0  strlen.o(.text)
    .text                                    0x000001e2   Section        0  strcmp.o(.text)
    .text                                    0x000001fe   Section        0  strcpy.o(.text)
    .text                                    0x00000210   Section        0  strncmp.o(.text)
    .text                                    0x0000022e   Section        0  dadd.o(.text)
    .text                                    0x0000037c   Section        0  dmul.o(.text)
    .text                                    0x00000460   Section        0  dfixi.o(.text)
    .text                                    0x000004a0   Section       48  cdcmple.o(.text)
    .text                                    0x000004d0   Section       48  cdrcmple.o(.text)
    .text                                    0x00000500   Section        0  uidiv.o(.text)
    .text                                    0x0000052c   Section        0  uldiv.o(.text)
    .text                                    0x0000058e   Section        0  llshl.o(.text)
    .text                                    0x000005ac   Section        0  llushr.o(.text)
    .text                                    0x000005cc   Section        0  llsshr.o(.text)
    .text                                    0x000005f0   Section        0  scanf_fp.o(.text)
    _fp_value                                0x000005f1   Thumb Code   296  scanf_fp.o(.text)
    .text                                    0x00000950   Section        0  _sgetc.o(.text)
    .text                                    0x00000990   Section        0  strtod.o(.text)
    _local_sscanf                            0x00000991   Thumb Code    54  strtod.o(.text)
    .text                                    0x00000a2c   Section        0  depilogue.o(.text)
    .text                                    0x00000a2c   Section        0  iusefp.o(.text)
    .text                                    0x00000ae6   Section        0  ddiv.o(.text)
    .text                                    0x00000bc4   Section        0  dfixul.o(.text)
    .text                                    0x00000bf4   Section       36  init.o(.text)
    .text                                    0x00000c18   Section        0  isspace_c.o(.text)
    .text                                    0x00000c22   Section        0  dfltul.o(.text)
    .text                                    0x00000c3a   Section        0  d2f.o(.text)
    .text                                    0x00000c74   Section        0  ctype_c.o(.text)
    .text                                    0x00000c9c   Section        0  fepilogue.o(.text)
    i.ATCheckSetResponse                     0x00000d0c   Section        0  atcommand.o(i.ATCheckSetResponse)
    i.AT_Get_SUB_In_Json                     0x00000df8   Section        0  atcommand.o(i.AT_Get_SUB_In_Json)
    i.AT_Send_message                        0x00000e8c   Section        0  atcommand.o(i.AT_Send_message)
    i.AT_generate_MQTTAUTH_command           0x00000fa4   Section        0  atcommand.o(i.AT_generate_MQTTAUTH_command)
    i.AT_generate_MQTTCID_command            0x0000106c   Section        0  atcommand.o(i.AT_generate_MQTTCID_command)
    i.AT_generate_MQTTPUB_command            0x000010f4   Section        0  atcommand.o(i.AT_generate_MQTTPUB_command)
    i.AT_generate_MQTTSOCK_command           0x0000120c   Section        0  atcommand.o(i.AT_generate_MQTTSOCK_command)
    i.AT_generate_MQTTSUB_command            0x000012bc   Section        0  atcommand.o(i.AT_generate_MQTTSUB_command)
    i.AT_generate_wifi_connect_command       0x000013fc   Section        0  atcommand.o(i.AT_generate_wifi_connect_command)
    i.BufferInit                             0x000014b8   Section        0  buffer.o(i.BufferInit)
    i.BufferLength                           0x000014d2   Section        0  buffer.o(i.BufferLength)
    i.DeBuffer                               0x0000152c   Section        0  buffer.o(i.DeBuffer)
    i.EUSCIA2_IRQHandler                     0x0000155c   Section        0  myuart.o(i.EUSCIA2_IRQHandler)
    i.EXTIX_Init                             0x0000159c   Section        0  exti.o(i.EXTIX_Init)
    i.EnBuffer                               0x000015ec   Section        0  buffer.o(i.EnBuffer)
    i.GPIO_setAsOutputPin                    0x0000163c   Section        0  gpio_MSP432P4XX.o(i.GPIO_setAsOutputPin)
    i.GPIO_setOutputHighOnPin                0x0000165c   Section        0  gpio_MSP432P4XX.o(i.GPIO_setOutputHighOnPin)
    i.GPIO_setOutputLowOnPin                 0x00001670   Section        0  gpio_MSP432P4XX.o(i.GPIO_setOutputLowOnPin)
    i.GPIO_toggleOutputOnPin                 0x00001684   Section        0  gpio_MSP432P4XX.o(i.GPIO_toggleOutputOnPin)
    i.I2C_masterSendMultiByteStartWithTimeout 0x00001698   Section        0  i2c_MSP432P4XX.o(i.I2C_masterSendMultiByteStartWithTimeout)
    i.IOT_Sign_MQTT                          0x000016e8   Section        0  sign_mqtt.o(i.IOT_Sign_MQTT)
    i.LED_Init                               0x000018e4   Section        0  led.o(i.LED_Init)
    i.OLED_Clear                             0x00001934   Section        0  oled.o(i.OLED_Clear)
    i.OLED_Init                              0x00001978   Section        0  oled.o(i.OLED_Init)
    i.OLED_Set_Pos                           0x00001a94   Section        0  oled.o(i.OLED_Set_Pos)
    i.OLED_ShowChar                          0x00001ac8   Section        0  oled.o(i.OLED_ShowChar)
    i.OLED_ShowString                        0x00001b20   Section        0  oled.o(i.OLED_ShowString)
    i.OLED_WR_Byte                           0x00001bb4   Section        0  oled.o(i.OLED_WR_Byte)
    i.OLED_WR_Bytes                          0x00001bc4   Section        0  oled.o(i.OLED_WR_Bytes)
    i.PORT1_IRQHandler                       0x00001be8   Section        0  exti.o(i.PORT1_IRQHandler)
    i.SysTick_Handler                        0x00001c20   Section        0  tick.o(i.SysTick_Handler)
    i.SystemInit                             0x00001c30   Section        0  system_msp432p401r.o(i.SystemInit)
    i.UART_receiveData                       0x00001c9c   Section        0  uart_MSP432P4XX.o(i.UART_receiveData)
    i.UART_transmitData                      0x00001cb6   Section        0  uart_MSP432P4XX.o(i.UART_transmitData)
    i.Usart_SendByte                         0x00001cce   Section        0  myuart.o(i.Usart_SendByte)
    i.Usart_SendString                       0x00001cde   Section        0  myuart.o(i.Usart_SendString)
    i._Z17utils_hmac_sha256PKhjS0_jPh        0x00001cfa   Section        0  sign_sha256.o(i._Z17utils_hmac_sha256PKhjS0_jPh)
    i._Z17utils_sha256_initP18iot_sha256_context 0x00001dbc   Section        0  sign_sha256.o(i._Z17utils_sha256_initP18iot_sha256_context)
    i._Z18_sign_get_clientidPcPKcS1_         0x00001dcc   Section        0  sign_mqtt.o(i._Z18_sign_get_clientidPcPKcS1_)
    i._Z19utils_sha256_finishP18iot_sha256_contextPh 0x00001f18   Section        0  sign_sha256.o(i._Z19utils_sha256_finishP18iot_sha256_contextPh)
    i._Z19utils_sha256_startsP18iot_sha256_context 0x0000207c   Section        0  sign_sha256.o(i._Z19utils_sha256_startsP18iot_sha256_context)
    i._Z19utils_sha256_updateP18iot_sha256_contextPKhj 0x000020cc   Section        0  sign_sha256.o(i._Z19utils_sha256_updateP18iot_sha256_contextPKhj)
    i._Z20utils_sha256_processP18iot_sha256_contextPKh 0x00002148   Section        0  sign_sha256.o(i._Z20utils_sha256_processP18iot_sha256_contextPKh)
    i._Z26_iotx_generate_sign_stringPKcS0_S0_S0_Pc 0x00002308   Section        0  sign_mqtt.o(i._Z26_iotx_generate_sign_stringPKcS0_S0_S0_Pc)
    i._Z8_hex2strPhtPc                       0x00002478   Section        0  sign_mqtt.o(i._Z8_hex2strPhtPc)
    _hex2str(unsigned char*, unsigned short, char*) 0x00002479   Thumb Code    58  sign_mqtt.o(i._Z8_hex2strPhtPc)
    i.__0printf                              0x000024c8   Section        0  printfa.o(i.__0printf)
    i.__0sprintf                             0x000024e8   Section        0  printfa.o(i.__0sprintf)
    i.__free$realloc                         0x00002510   Section        0  mallocr.o(i.__free$realloc)
    i.__malloc$realloc                       0x0000256c   Section        0  mallocr.o(i.__malloc$realloc)
    i.__scatterload_copy                     0x000025bc   Section       14  handlers.o(i.__scatterload_copy)
    i.__scatterload_null                     0x000025ca   Section        2  handlers.o(i.__scatterload_null)
    i.__scatterload_zeroinit                 0x000025cc   Section       14  handlers.o(i.__scatterload_zeroinit)
    i._fp_digits                             0x000025dc   Section        0  printfa.o(i._fp_digits)
    _fp_digits                               0x000025dd   Thumb Code   366  printfa.o(i._fp_digits)
    i._is_digit                              0x00002760   Section        0  scanf_fp.o(i._is_digit)
    i._printf_core                           0x00002770   Section        0  printfa.o(i._printf_core)
    _printf_core                             0x00002771   Thumb Code  1744  printfa.o(i._printf_core)
    i._printf_post_padding                   0x00002e4c   Section        0  printfa.o(i._printf_post_padding)
    _printf_post_padding                     0x00002e4d   Thumb Code    36  printfa.o(i._printf_post_padding)
    i._printf_pre_padding                    0x00002e70   Section        0  printfa.o(i._printf_pre_padding)
    _printf_pre_padding                      0x00002e71   Thumb Code    46  printfa.o(i._printf_pre_padding)
    i._sputc                                 0x00002e9e   Section        0  printfa.o(i._sputc)
    _sputc                                   0x00002e9f   Thumb Code    10  printfa.o(i._sputc)
    i.buffer_skip_whitespace                 0x00002ea8   Section        0  cjson.o(i.buffer_skip_whitespace)
    buffer_skip_whitespace                   0x00002ea9   Thumb Code    72  cjson.o(i.buffer_skip_whitespace)
    i.cJSON_Delete                           0x00002ef0   Section        0  cjson.o(i.cJSON_Delete)
    i.cJSON_GetObjectItemCaseSensitive       0x00002f48   Section        0  cjson.o(i.cJSON_GetObjectItemCaseSensitive)
    i.cJSON_IsNumber                         0x00002f5a   Section        0  cjson.o(i.cJSON_IsNumber)
    i.cJSON_IsObject                         0x00002f70   Section        0  cjson.o(i.cJSON_IsObject)
    i.cJSON_New_Item                         0x00002f86   Section        0  cjson.o(i.cJSON_New_Item)
    cJSON_New_Item                           0x00002f87   Thumb Code    28  cjson.o(i.cJSON_New_Item)
    i.cJSON_Parse                            0x00002fa2   Section        0  cjson.o(i.cJSON_Parse)
    i.cJSON_ParseWithLengthOpts              0x00002fb4   Section        0  cjson.o(i.cJSON_ParseWithLengthOpts)
    i.cJSON_ParseWithOpts                    0x00003088   Section        0  cjson.o(i.cJSON_ParseWithOpts)
    i.case_insensitive_strcmp                0x000030b0   Section        0  cjson.o(i.case_insensitive_strcmp)
    case_insensitive_strcmp                  0x000030b1   Thumb Code    72  cjson.o(i.case_insensitive_strcmp)
    i.checkWifiConnection                    0x000030f8   Section        0  atcommand.o(i.checkWifiConnection)
    i.delay_ms                               0x000031dc   Section        0  tick.o(i.delay_ms)
    i.execAT                                 0x000031f8   Section        0  atcommand.o(i.execAT)
    i.fputc                                  0x000032a8   Section        0  main.o(i.fputc)
    i.get_decimal_point                      0x000032c8   Section        0  cjson.o(i.get_decimal_point)
    get_decimal_point                        0x000032c9   Thumb Code     4  cjson.o(i.get_decimal_point)
    i.get_object_item                        0x000032cc   Section        0  cjson.o(i.get_object_item)
    get_object_item                          0x000032cd   Thumb Code    82  cjson.o(i.get_object_item)
    i.i2c_cmd_write                          0x00003320   Section        0  i2c.o(i.i2c_cmd_write)
    i.i2c_init                               0x000033a0   Section        0  i2c.o(i.i2c_init)
    i.internal_alloc                         0x000033fc   Section        0  mallocr.o(i.internal_alloc)
    internal_alloc                           0x000033fd   Thumb Code    76  mallocr.o(i.internal_alloc)
    i.isEmpty                                0x0000344c   Section        0  buffer.o(i.isEmpty)
    i.led2ShowBlue                           0x0000345e   Section        0  led.o(i.led2ShowBlue)
    i.led2ShowGreen                          0x0000346a   Section        0  led.o(i.led2ShowGreen)
    i.led2ShowRed                            0x00003476   Section        0  led.o(i.led2ShowRed)
    i.led2blink                              0x00003482   Section        0  led.o(i.led2blink)
    i.main                                   0x000034c8   Section        0  main.o(i.main)
    i.ms_ticker_init                         0x00003c60   Section        0  tick.o(i.ms_ticker_init)
    i.ms_ticker_read                         0x00003cc0   Section        0  tick.o(i.ms_ticker_read)
    i.myEUSCIA0Init                          0x00003ccc   Section        0  myuart.o(i.myEUSCIA0Init)
    i.myUartInit                             0x00003d14   Section        0  myuart.o(i.myUartInit)
    i.parse_array                            0x00003db4   Section        0  cjson.o(i.parse_array)
    parse_array                              0x00003db5   Thumb Code   248  cjson.o(i.parse_array)
    i.parse_hex4                             0x00003eac   Section        0  cjson.o(i.parse_hex4)
    parse_hex4                               0x00003ead   Thumb Code    90  cjson.o(i.parse_hex4)
    i.parse_number                           0x00003f08   Section        0  cjson.o(i.parse_number)
    parse_number                             0x00003f09   Thumb Code   316  cjson.o(i.parse_number)
    i.parse_object                           0x0000405c   Section        0  cjson.o(i.parse_object)
    parse_object                             0x0000405d   Thumb Code   318  cjson.o(i.parse_object)
    i.parse_string                           0x0000419a   Section        0  cjson.o(i.parse_string)
    parse_string                             0x0000419b   Thumb Code   396  cjson.o(i.parse_string)
    i.parse_value                            0x00004328   Section        0  cjson.o(i.parse_value)
    parse_value                              0x00004329   Thumb Code   290  cjson.o(i.parse_value)
    i.realloc                                0x00004464   Section        0  mallocr.o(i.realloc)
    i.sendCommand                            0x000044d0   Section        0  atcommand.o(i.sendCommand)
    i.skip_utf8_bom                          0x00004548   Section        0  cjson.o(i.skip_utf8_bom)
    skip_utf8_bom                            0x00004549   Thumb Code    56  cjson.o(i.skip_utf8_bom)
    i.ssd1106_delay_ms                       0x00004584   Section        0  oled.o(i.ssd1106_delay_ms)
    ssd1106_delay_ms                         0x00004585   Thumb Code    12  oled.o(i.ssd1106_delay_ms)
    i.ssd1106_i2c_bus_init                   0x00004590   Section        0  oled.o(i.ssd1106_i2c_bus_init)
    ssd1106_i2c_bus_init                     0x00004591   Thumb Code    72  oled.o(i.ssd1106_i2c_bus_init)
    i.ssd1106_i2c_bus_write                  0x000045dc   Section        0  oled.o(i.ssd1106_i2c_bus_write)
    ssd1106_i2c_bus_write                    0x000045dd   Thumb Code    32  oled.o(i.ssd1106_i2c_bus_write)
    i.strtod                                 0x00004600   Section        0  strtod.o(i.strtod)
    i.toggleLed2Blue                         0x00004630   Section        0  led.o(i.toggleLed2Blue)
    i.toggleLed2Green                        0x0000463c   Section        0  led.o(i.toggleLed2Green)
    i.toggleLed2Red                          0x00004648   Section        0  led.o(i.toggleLed2Red)
    i.turnOffLed2                            0x00004654   Section        0  led.o(i.turnOffLed2)
    i.turnOnLed2Blue                         0x00004670   Section        0  led.o(i.turnOnLed2Blue)
    i.turnOnLed2Green                        0x0000467c   Section        0  led.o(i.turnOnLed2Green)
    i.turnOnLed2Red                          0x00004688   Section        0  led.o(i.turnOnLed2Red)
    i.utf16_literal_to_utf8                  0x00004694   Section        0  cjson.o(i.utf16_literal_to_utf8)
    utf16_literal_to_utf8                    0x00004695   Thumb Code   300  cjson.o(i.utf16_literal_to_utf8)
    .constdata                               0x000047c0   Section       72  myuart.o(.constdata)
    .constdata                               0x00004808   Section      320  sign_sha256.o(.constdata)
    K                                        0x00004808   Data         256  sign_sha256.o(.constdata)
    sha256_padding                           0x00004908   Data          64  sign_sha256.o(.constdata)
    .constdata                               0x00004948   Section       20  i2c.o(.constdata)
    .constdata                               0x0000495c   Section     2072  oled.o(.constdata)
    .constdata                               0x00005174   Section       76  gpio_MSP432P4XX.o(.constdata)
    GPIO_PORT_TO_INT                         0x00005174   Data          28  gpio_MSP432P4XX.o(.constdata)
    GPIO_PORT_TO_BASE                        0x00005190   Data          48  gpio_MSP432P4XX.o(.constdata)
    .constdata                               0x000051c0   Section       64  ctype_c.o(.constdata)
    .conststring                             0x00005200   Section      297  main.o(.conststring)
    .conststring                             0x0000532c   Section      233  sign_mqtt.o(.conststring)
    .data                                    0x20000000   Section        4  system_msp432p401r.o(.data)
    .data                                    0x20000004   Section       28  main.o(.data)
    .data                                    0x20000020   Section        4  tick.o(.data)
    _ticker_count                            0x20000020   Data           4  tick.o(.data)
    .data                                    0x20000024   Section       20  cjson.o(.data)
    global_error                             0x20000024   Data           8  cjson.o(.data)
    global_hooks                             0x2000002c   Data          12  cjson.o(.data)
    .data                                    0x20000038   Section       40  sign_mqtt.o(.data)
    .data                                    0x20000060   Section        4  i2c.o(.data)
    i2c                                      0x20000060   Data           4  i2c.o(.data)
    .data                                    0x20000064   Section        4  stdout.o(.data)
    .data                                    0x20000068   Section        4  mvars.o(.data)
    .data                                    0x2000006c   Section        4  mvars.o(.data)
    .bss                                     0x20000070   Section      100  main.o(.bss)
    .bss                                     0x200000d4   Section      208  buffer.o(.bss)
    .bss                                     0x200001a4   Section      200  atcommand.o(.bss)
    HEAP                                     0x20000270   Section     4096  startup_msp432p401r_uvision.o(HEAP)
    STACK                                    0x20001270   Section     4096  startup_msp432p401r_uvision.o(STACK)

    Global Symbols

    Symbol Name                              Value     Ov Type        Size  Object(Section)

    BuildAttributes$$THM_ISAv4$E$P$D$K$B$S$7EM$VFPi3$EXTD16$VFPS$VFMA$PE$A:L22UL41UL21$X:L11$S22US41US21$IEEE1$IW$USESV6$~STKCKD$USESV7$~SHL$OTIME$ROPI$IEEEJ$EBA8$MICROLIB$REQ8$PRES8$EABIv2 0x00000000   Number         0  anon$$obj.o ABSOLUTE
    __ARM_use_no_argv                        0x00000000   Number         0  main.o ABSOLUTE
    __Vectors                                0x00000000   Data           4  startup_msp432p401r_uvision.o(RESET)
    _printf_a                                0x00000000   Number         0  stubs.o ABSOLUTE
    _printf_c                                0x00000000   Number         0  stubs.o ABSOLUTE
    _printf_charcount                        0x00000000   Number         0  stubs.o ABSOLUTE
    _printf_d                                0x00000000   Number         0  stubs.o ABSOLUTE
    _printf_e                                0x00000000   Number         0  stubs.o ABSOLUTE
    _printf_f                                0x00000000   Number         0  stubs.o ABSOLUTE
    _printf_flags                            0x00000000   Number         0  stubs.o ABSOLUTE
    _printf_fp_dec                           0x00000000   Number         0  stubs.o ABSOLUTE
    _printf_fp_hex                           0x00000000   Number         0  stubs.o ABSOLUTE
    _printf_g                                0x00000000   Number         0  stubs.o ABSOLUTE
    _printf_i                                0x00000000   Number         0  stubs.o ABSOLUTE
    _printf_int_dec                          0x00000000   Number         0  stubs.o ABSOLUTE
    _printf_l                                0x00000000   Number         0  stubs.o ABSOLUTE
    _printf_lc                               0x00000000   Number         0  stubs.o ABSOLUTE
    _printf_ll                               0x00000000   Number         0  stubs.o ABSOLUTE
    _printf_lld                              0x00000000   Number         0  stubs.o ABSOLUTE
    _printf_lli                              0x00000000   Number         0  stubs.o ABSOLUTE
    _printf_llo                              0x00000000   Number         0  stubs.o ABSOLUTE
    _printf_llu                              0x00000000   Number         0  stubs.o ABSOLUTE
    _printf_llx                              0x00000000   Number         0  stubs.o ABSOLUTE
    _printf_longlong_dec                     0x00000000   Number         0  stubs.o ABSOLUTE
    _printf_longlong_hex                     0x00000000   Number         0  stubs.o ABSOLUTE
    _printf_longlong_oct                     0x00000000   Number         0  stubs.o ABSOLUTE
    _printf_ls                               0x00000000   Number         0  stubs.o ABSOLUTE
    _printf_mbtowc                           0x00000000   Number         0  stubs.o ABSOLUTE
    _printf_n                                0x00000000   Number         0  stubs.o ABSOLUTE
    _printf_o                                0x00000000   Number         0  stubs.o ABSOLUTE
    _printf_p                                0x00000000   Number         0  stubs.o ABSOLUTE
    _printf_percent                          0x00000000   Number         0  stubs.o ABSOLUTE
    _printf_pre_padding                      0x00000000   Number         0  stubs.o ABSOLUTE
    _printf_return_value                     0x00000000   Number         0  stubs.o ABSOLUTE
    _printf_s                                0x00000000   Number         0  stubs.o ABSOLUTE
    _printf_sizespec                         0x00000000   Number         0  stubs.o ABSOLUTE
    _printf_str                              0x00000000   Number         0  stubs.o ABSOLUTE
    _printf_truncate_signed                  0x00000000   Number         0  stubs.o ABSOLUTE
    _printf_truncate_unsigned                0x00000000   Number         0  stubs.o ABSOLUTE
    _printf_u                                0x00000000   Number         0  stubs.o ABSOLUTE
    _printf_wc                               0x00000000   Number         0  stubs.o ABSOLUTE
    _printf_wctomb                           0x00000000   Number         0  stubs.o ABSOLUTE
    _printf_widthprec                        0x00000000   Number         0  stubs.o ABSOLUTE
    _printf_x                                0x00000000   Number         0  stubs.o ABSOLUTE
    __cpp_initialize__aeabi_                  - Undefined Weak Reference
    __cxa_finalize                            - Undefined Weak Reference
    __decompress                              - Undefined Weak Reference
    _clock_init                               - Undefined Weak Reference
    _microlib_exit                            - Undefined Weak Reference
    __Vectors_End                            0x00000144   Data           0  startup_msp432p401r_uvision.o(RESET)
    __Vectors_Size                           0x00000144   Number         0  startup_msp432p401r_uvision.o ABSOLUTE
    __main                                   0x00000145   Thumb Code     0  entry.o(.ARM.Collect$$$$00000000)
    _main_stk                                0x00000145   Thumb Code     0  entry2.o(.ARM.Collect$$$$00000001)
    _main_scatterload                        0x00000149   Thumb Code     0  entry5.o(.ARM.Collect$$$$00000004)
    __main_after_scatterload                 0x0000014d   Thumb Code     0  entry5.o(.ARM.Collect$$$$00000004)
    _main_clock                              0x0000014d   Thumb Code     0  entry7b.o(.ARM.Collect$$$$00000008)
    _main_cpp_init                           0x0000014d   Thumb Code     0  entry8b.o(.ARM.Collect$$$$0000000A)
    _main_init                               0x0000014d   Thumb Code     0  entry9a.o(.ARM.Collect$$$$0000000B)
    __rt_final_cpp                           0x00000155   Thumb Code     0  entry10a.o(.ARM.Collect$$$$0000000D)
    __rt_final_exit                          0x00000155   Thumb Code     0  entry11a.o(.ARM.Collect$$$$0000000F)
    Reset_Handler                            0x00000159   Thumb Code     8  startup_msp432p401r_uvision.o(.text)
    NMI_Handler                              0x00000161   Thumb Code     2  startup_msp432p401r_uvision.o(.text)
    HardFault_Handler                        0x00000163   Thumb Code     2  startup_msp432p401r_uvision.o(.text)
    MemManage_Handler                        0x00000165   Thumb Code     2  startup_msp432p401r_uvision.o(.text)
    BusFault_Handler                         0x00000167   Thumb Code     2  startup_msp432p401r_uvision.o(.text)
    UsageFault_Handler                       0x00000169   Thumb Code     2  startup_msp432p401r_uvision.o(.text)
    SVC_Handler                              0x0000016b   Thumb Code     2  startup_msp432p401r_uvision.o(.text)
    DebugMon_Handler                         0x0000016d   Thumb Code     2  startup_msp432p401r_uvision.o(.text)
    PendSV_Handler                           0x0000016f   Thumb Code     2  startup_msp432p401r_uvision.o(.text)
    ADC14_IRQHandler                         0x00000173   Thumb Code     0  startup_msp432p401r_uvision.o(.text)
    AES256_IRQHandler                        0x00000173   Thumb Code     0  startup_msp432p401r_uvision.o(.text)
    COMP_E0_IRQHandler                       0x00000173   Thumb Code     0  startup_msp432p401r_uvision.o(.text)
    COMP_E1_IRQHandler                       0x00000173   Thumb Code     0  startup_msp432p401r_uvision.o(.text)
    CS_IRQHandler                            0x00000173   Thumb Code     0  startup_msp432p401r_uvision.o(.text)
    DMA_ERR_IRQHandler                       0x00000173   Thumb Code     0  startup_msp432p401r_uvision.o(.text)
    DMA_INT0_IRQHandler                      0x00000173   Thumb Code     0  startup_msp432p401r_uvision.o(.text)
    DMA_INT1_IRQHandler                      0x00000173   Thumb Code     0  startup_msp432p401r_uvision.o(.text)
    DMA_INT2_IRQHandler                      0x00000173   Thumb Code     0  startup_msp432p401r_uvision.o(.text)
    DMA_INT3_IRQHandler                      0x00000173   Thumb Code     0  startup_msp432p401r_uvision.o(.text)
    EUSCIA0_IRQHandler                       0x00000173   Thumb Code     0  startup_msp432p401r_uvision.o(.text)
    EUSCIA1_IRQHandler                       0x00000173   Thumb Code     0  startup_msp432p401r_uvision.o(.text)
    EUSCIA3_IRQHandler                       0x00000173   Thumb Code     0  startup_msp432p401r_uvision.o(.text)
    EUSCIB0_IRQHandler                       0x00000173   Thumb Code     0  startup_msp432p401r_uvision.o(.text)
    EUSCIB1_IRQHandler                       0x00000173   Thumb Code     0  startup_msp432p401r_uvision.o(.text)
    EUSCIB2_IRQHandler                       0x00000173   Thumb Code     0  startup_msp432p401r_uvision.o(.text)
    EUSCIB3_IRQHandler                       0x00000173   Thumb Code     0  startup_msp432p401r_uvision.o(.text)
    FLCTL_IRQHandler                         0x00000173   Thumb Code     0  startup_msp432p401r_uvision.o(.text)
    FPU_IRQHandler                           0x00000173   Thumb Code     0  startup_msp432p401r_uvision.o(.text)
    PCM_IRQHandler                           0x00000173   Thumb Code     0  startup_msp432p401r_uvision.o(.text)
    PORT2_IRQHandler                         0x00000173   Thumb Code     0  startup_msp432p401r_uvision.o(.text)
    PORT3_IRQHandler                         0x00000173   Thumb Code     0  startup_msp432p401r_uvision.o(.text)
    PORT4_IRQHandler                         0x00000173   Thumb Code     0  startup_msp432p401r_uvision.o(.text)
    PORT5_IRQHandler                         0x00000173   Thumb Code     0  startup_msp432p401r_uvision.o(.text)
    PORT6_IRQHandler                         0x00000173   Thumb Code     0  startup_msp432p401r_uvision.o(.text)
    PSS_IRQHandler                           0x00000173   Thumb Code     0  startup_msp432p401r_uvision.o(.text)
    RTC_C_IRQHandler                         0x00000173   Thumb Code     0  startup_msp432p401r_uvision.o(.text)
    T32_INT1_IRQHandler                      0x00000173   Thumb Code     0  startup_msp432p401r_uvision.o(.text)
    T32_INT2_IRQHandler                      0x00000173   Thumb Code     0  startup_msp432p401r_uvision.o(.text)
    T32_INTC_IRQHandler                      0x00000173   Thumb Code     0  startup_msp432p401r_uvision.o(.text)
    TA0_0_IRQHandler                         0x00000173   Thumb Code     0  startup_msp432p401r_uvision.o(.text)
    TA0_N_IRQHandler                         0x00000173   Thumb Code     0  startup_msp432p401r_uvision.o(.text)
    TA1_0_IRQHandler                         0x00000173   Thumb Code     0  startup_msp432p401r_uvision.o(.text)
    TA1_N_IRQHandler                         0x00000173   Thumb Code     0  startup_msp432p401r_uvision.o(.text)
    TA2_0_IRQHandler                         0x00000173   Thumb Code     0  startup_msp432p401r_uvision.o(.text)
    TA2_N_IRQHandler                         0x00000173   Thumb Code     0  startup_msp432p401r_uvision.o(.text)
    TA3_0_IRQHandler                         0x00000173   Thumb Code     0  startup_msp432p401r_uvision.o(.text)
    TA3_N_IRQHandler                         0x00000173   Thumb Code     0  startup_msp432p401r_uvision.o(.text)
    WDT_A_IRQHandler                         0x00000173   Thumb Code     0  startup_msp432p401r_uvision.o(.text)
    tolower                                  0x0000017d   Thumb Code    12  tolower.o(.text)
    ___aeabi_memcpy8$ret                     0x00000189   Thumb Code     0  memcpy.o(.text)
    __aeabi_memcpy                           0x00000189   Thumb Code    40  memcpy.o(.text)
    __aeabi_memcpy4                          0x00000189   Thumb Code     0  memcpy.o(.text)
    memcpy                                   0x00000189   Thumb Code     0  memcpy.o(.text)
    __aeabi_memset                           0x000001b1   Thumb Code    14  memseta.o(.text)
    __aeabi_memset4                          0x000001b1   Thumb Code     0  memseta.o(.text)
    __aeabi_memset8                          0x000001b1   Thumb Code     0  memseta.o(.text)
    __aeabi_memclr                           0x000001bf   Thumb Code     4  memseta.o(.text)
    __aeabi_memclr4                          0x000001bf   Thumb Code     0  memseta.o(.text)
    __aeabi_memclr8                          0x000001bf   Thumb Code     0  memseta.o(.text)
    memset                                   0x000001c3   Thumb Code    18  memseta.o(.text)
    strlen                                   0x000001d5   Thumb Code    14  strlen.o(.text)
    strcmp                                   0x000001e3   Thumb Code    28  strcmp.o(.text)
    strcpy                                   0x000001ff   Thumb Code    18  strcpy.o(.text)
    strncmp                                  0x00000211   Thumb Code    30  strncmp.o(.text)
    __aeabi_dadd                             0x0000022f   Thumb Code   322  dadd.o(.text)
    __aeabi_dsub                             0x00000371   Thumb Code     6  dadd.o(.text)
    __aeabi_drsub                            0x00000377   Thumb Code     6  dadd.o(.text)
    __aeabi_dmul                             0x0000037d   Thumb Code   228  dmul.o(.text)
    __aeabi_d2iz                             0x00000461   Thumb Code    62  dfixi.o(.text)
    __aeabi_cdcmpeq                          0x000004a1   Thumb Code     0  cdcmple.o(.text)
    __aeabi_cdcmple                          0x000004a1   Thumb Code    48  cdcmple.o(.text)
    __aeabi_cdrcmple                         0x000004d1   Thumb Code    48  cdrcmple.o(.text)
    __aeabi_uidiv                            0x00000501   Thumb Code     0  uidiv.o(.text)
    __aeabi_uidivmod                         0x00000501   Thumb Code    44  uidiv.o(.text)
    __aeabi_uldivmod                         0x0000052d   Thumb Code    98  uldiv.o(.text)
    __aeabi_llsl                             0x0000058f   Thumb Code    30  llshl.o(.text)
    _ll_shift_l                              0x0000058f   Thumb Code     0  llshl.o(.text)
    __aeabi_llsr                             0x000005ad   Thumb Code    32  llushr.o(.text)
    _ll_ushift_r                             0x000005ad   Thumb Code     0  llushr.o(.text)
    __aeabi_lasr                             0x000005cd   Thumb Code    36  llsshr.o(.text)
    _ll_sshift_r                             0x000005cd   Thumb Code     0  llsshr.o(.text)
    _scanf_real                              0x00000719   Thumb Code     0  scanf_fp.o(.text)
    _scanf_really_real                       0x00000719   Thumb Code   556  scanf_fp.o(.text)
    _sgetc                                   0x00000951   Thumb Code    30  _sgetc.o(.text)
    _sbackspace                              0x0000096f   Thumb Code    34  _sgetc.o(.text)
    __strtod_int                             0x000009c7   Thumb Code    90  strtod.o(.text)
    __I$use$fp                               0x00000a2d   Thumb Code     0  iusefp.o(.text)
    _double_round                            0x00000a2d   Thumb Code    30  depilogue.o(.text)
    _double_epilogue                         0x00000a4b   Thumb Code   156  depilogue.o(.text)
    __aeabi_ddiv                             0x00000ae7   Thumb Code   222  ddiv.o(.text)
    __aeabi_d2ulz                            0x00000bc5   Thumb Code    48  dfixul.o(.text)
    __scatterload                            0x00000bf5   Thumb Code    28  init.o(.text)
    __scatterload_rt2                        0x00000bf5   Thumb Code     0  init.o(.text)
    isspace                                  0x00000c19   Thumb Code    10  isspace_c.o(.text)
    __aeabi_ul2d                             0x00000c23   Thumb Code    24  dfltul.o(.text)
    __aeabi_d2f                              0x00000c3b   Thumb Code    56  d2f.o(.text)
    __ctype_lookup                           0x00000c75   Thumb Code    34  ctype_c.o(.text)
    _float_round                             0x00000c9d   Thumb Code    18  fepilogue.o(.text)
    _float_epilogue                          0x00000caf   Thumb Code    92  fepilogue.o(.text)
    ATCheckSetResponse                       0x00000d0d   Thumb Code   180  atcommand.o(i.ATCheckSetResponse)
    AT_Get_SUB_In_Json                       0x00000df9   Thumb Code   138  atcommand.o(i.AT_Get_SUB_In_Json)
    AT_Send_message                          0x00000e8d   Thumb Code   178  atcommand.o(i.AT_Send_message)
    AT_generate_MQTTAUTH_command             0x00000fa5   Thumb Code   174  atcommand.o(i.AT_generate_MQTTAUTH_command)
    AT_generate_MQTTCID_command              0x0000106d   Thumb Code   120  atcommand.o(i.AT_generate_MQTTCID_command)
    AT_generate_MQTTPUB_command              0x000010f5   Thumb Code   228  atcommand.o(i.AT_generate_MQTTPUB_command)
    AT_generate_MQTTSOCK_command             0x0000120d   Thumb Code   142  atcommand.o(i.AT_generate_MQTTSOCK_command)
    AT_generate_MQTTSUB_command              0x000012bd   Thumb Code   262  atcommand.o(i.AT_generate_MQTTSUB_command)
    AT_generate_wifi_connect_command         0x000013fd   Thumb Code   166  atcommand.o(i.AT_generate_wifi_connect_command)
    BufferInit                               0x000014b9   Thumb Code    26  buffer.o(i.BufferInit)
    BufferLength                             0x000014d3   Thumb Code    90  buffer.o(i.BufferLength)
    DeBuffer                                 0x0000152d   Thumb Code    46  buffer.o(i.DeBuffer)
    EUSCIA2_IRQHandler                       0x0000155d   Thumb Code    50  myuart.o(i.EUSCIA2_IRQHandler)
    EXTIX_Init                               0x0000159d   Thumb Code    76  exti.o(i.EXTIX_Init)
    EnBuffer                                 0x000015ed   Thumb Code    78  buffer.o(i.EnBuffer)
    GPIO_setAsOutputPin                      0x0000163d   Thumb Code    26  gpio_MSP432P4XX.o(i.GPIO_setAsOutputPin)
    GPIO_setOutputHighOnPin                  0x0000165d   Thumb Code    14  gpio_MSP432P4XX.o(i.GPIO_setOutputHighOnPin)
    GPIO_setOutputLowOnPin                   0x00001671   Thumb Code    16  gpio_MSP432P4XX.o(i.GPIO_setOutputLowOnPin)
    GPIO_toggleOutputOnPin                   0x00001685   Thumb Code    14  gpio_MSP432P4XX.o(i.GPIO_toggleOutputOnPin)
    I2C_masterSendMultiByteStartWithTimeout  0x00001699   Thumb Code    80  i2c_MSP432P4XX.o(i.I2C_masterSendMultiByteStartWithTimeout)
    IOT_Sign_MQTT                            0x000016e9   Thumb Code   496  sign_mqtt.o(i.IOT_Sign_MQTT)
    LED_Init                                 0x000018e5   Thumb Code    76  led.o(i.LED_Init)
    OLED_Clear                               0x00001935   Thumb Code    64  oled.o(i.OLED_Clear)
    OLED_Init                                0x00001979   Thumb Code   252  oled.o(i.OLED_Init)
    OLED_Set_Pos                             0x00001a95   Thumb Code    50  oled.o(i.OLED_Set_Pos)
    OLED_ShowChar                            0x00001ac9   Thumb Code    82  oled.o(i.OLED_ShowChar)
    OLED_ShowString                          0x00001b21   Thumb Code   148  oled.o(i.OLED_ShowString)
    OLED_WR_Byte                             0x00001bb5   Thumb Code    16  oled.o(i.OLED_WR_Byte)
    OLED_WR_Bytes                            0x00001bc5   Thumb Code    34  oled.o(i.OLED_WR_Bytes)
    PORT1_IRQHandler                         0x00001be9   Thumb Code    48  exti.o(i.PORT1_IRQHandler)
    SysTick_Handler                          0x00001c21   Thumb Code    12  tick.o(i.SysTick_Handler)
    SystemInit                               0x00001c31   Thumb Code    86  system_msp432p401r.o(i.SystemInit)
    UART_receiveData                         0x00001c9d   Thumb Code    26  uart_MSP432P4XX.o(i.UART_receiveData)
    UART_transmitData                        0x00001cb7   Thumb Code    24  uart_MSP432P4XX.o(i.UART_transmitData)
    Usart_SendByte                           0x00001ccf   Thumb Code    16  myuart.o(i.Usart_SendByte)
    Usart_SendString                         0x00001cdf   Thumb Code    28  myuart.o(i.Usart_SendString)
    utils_hmac_sha256(const unsigned char*, unsigned, const unsigned char*, unsigned, unsigned char*) 0x00001cfb   Thumb Code   194  sign_sha256.o(i._Z17utils_hmac_sha256PKhjS0_jPh)
    utils_sha256_init(iot_sha256_context*)   0x00001dbd   Thumb Code    14  sign_sha256.o(i._Z17utils_sha256_initP18iot_sha256_context)
    _sign_get_clientid(char*, const char*, const char*) 0x00001dcd   Thumb Code   310  sign_mqtt.o(i._Z18_sign_get_clientidPcPKcS1_)
    utils_sha256_finish(iot_sha256_context*, unsigned char*) 0x00001f19   Thumb Code   350  sign_sha256.o(i._Z19utils_sha256_finishP18iot_sha256_contextPh)
    utils_sha256_starts(iot_sha256_context*) 0x0000207d   Thumb Code    46  sign_sha256.o(i._Z19utils_sha256_startsP18iot_sha256_context)
    utils_sha256_update(iot_sha256_context*, const unsigned char*, unsigned) 0x000020cd   Thumb Code   124  sign_sha256.o(i._Z19utils_sha256_updateP18iot_sha256_contextPKhj)
    utils_sha256_process(iot_sha256_context*, const unsigned char*) 0x00002149   Thumb Code   444  sign_sha256.o(i._Z20utils_sha256_processP18iot_sha256_contextPKh)
    _iotx_generate_sign_string(const char*, const char*, const char*, const char*, char*) 0x00002309   Thumb Code   294  sign_mqtt.o(i._Z26_iotx_generate_sign_stringPKcS0_S0_S0_Pc)
    __0printf                                0x000024c9   Thumb Code    22  printfa.o(i.__0printf)
    __1printf                                0x000024c9   Thumb Code     0  printfa.o(i.__0printf)
    __2printf                                0x000024c9   Thumb Code     0  printfa.o(i.__0printf)
    __c89printf                              0x000024c9   Thumb Code     0  printfa.o(i.__0printf)
    printf                                   0x000024c9   Thumb Code     0  printfa.o(i.__0printf)
    __0sprintf                               0x000024e9   Thumb Code    34  printfa.o(i.__0sprintf)
    __1sprintf                               0x000024e9   Thumb Code     0  printfa.o(i.__0sprintf)
    __2sprintf                               0x000024e9   Thumb Code     0  printfa.o(i.__0sprintf)
    __c89sprintf                             0x000024e9   Thumb Code     0  printfa.o(i.__0sprintf)
    sprintf                                  0x000024e9   Thumb Code     0  printfa.o(i.__0sprintf)
    free                                     0x00002511   Thumb Code    88  mallocr.o(i.__free$realloc)
    malloc                                   0x0000256d   Thumb Code    64  mallocr.o(i.__malloc$realloc)
    __scatterload_copy                       0x000025bd   Thumb Code    14  handlers.o(i.__scatterload_copy)
    __scatterload_null                       0x000025cb   Thumb Code     2  handlers.o(i.__scatterload_null)
    __scatterload_zeroinit                   0x000025cd   Thumb Code    14  handlers.o(i.__scatterload_zeroinit)
    _is_digit                                0x00002761   Thumb Code    14  scanf_fp.o(i._is_digit)
    cJSON_Delete                             0x00002ef1   Thumb Code    84  cjson.o(i.cJSON_Delete)
    cJSON_GetObjectItemCaseSensitive         0x00002f49   Thumb Code    18  cjson.o(i.cJSON_GetObjectItemCaseSensitive)
    cJSON_IsNumber                           0x00002f5b   Thumb Code    22  cjson.o(i.cJSON_IsNumber)
    cJSON_IsObject                           0x00002f71   Thumb Code    22  cjson.o(i.cJSON_IsObject)
    cJSON_Parse                              0x00002fa3   Thumb Code    16  cjson.o(i.cJSON_Parse)
    cJSON_ParseWithLengthOpts                0x00002fb5   Thumb Code   204  cjson.o(i.cJSON_ParseWithLengthOpts)
    cJSON_ParseWithOpts                      0x00003089   Thumb Code    40  cjson.o(i.cJSON_ParseWithOpts)
    checkWifiConnection                      0x000030f9   Thumb Code   122  atcommand.o(i.checkWifiConnection)
    delay_ms                                 0x000031dd   Thumb Code    26  tick.o(i.delay_ms)
    execAT                                   0x000031f9   Thumb Code    84  atcommand.o(i.execAT)
    fputc                                    0x000032a9   Thumb Code    22  main.o(i.fputc)
    i2c_cmd_write                            0x00003321   Thumb Code   118  i2c.o(i.i2c_cmd_write)
    i2c_init                                 0x000033a1   Thumb Code    76  i2c.o(i.i2c_init)
    isEmpty                                  0x0000344d   Thumb Code    18  buffer.o(i.isEmpty)
    led2ShowBlue                             0x0000345f   Thumb Code    12  led.o(i.led2ShowBlue)
    led2ShowGreen                            0x0000346b   Thumb Code    12  led.o(i.led2ShowGreen)
    led2ShowRed                              0x00003477   Thumb Code    12  led.o(i.led2ShowRed)
    led2blink                                0x00003483   Thumb Code    70  led.o(i.led2blink)
    main                                     0x000034c9   Thumb Code  1942  main.o(i.main)
    ms_ticker_init                           0x00003c61   Thumb Code    82  tick.o(i.ms_ticker_init)
    ms_ticker_read                           0x00003cc1   Thumb Code     6  tick.o(i.ms_ticker_read)
    myEUSCIA0Init                            0x00003ccd   Thumb Code    58  myuart.o(i.myEUSCIA0Init)
    myUartInit                               0x00003d15   Thumb Code   140  myuart.o(i.myUartInit)
    realloc                                  0x00004465   Thumb Code   102  mallocr.o(i.realloc)
    sendCommand                              0x000044d1   Thumb Code    62  atcommand.o(i.sendCommand)
    strtod                                   0x00004601   Thumb Code    34  strtod.o(i.strtod)
    toggleLed2Blue                           0x00004631   Thumb Code    12  led.o(i.toggleLed2Blue)
    toggleLed2Green                          0x0000463d   Thumb Code    12  led.o(i.toggleLed2Green)
    toggleLed2Red                            0x00004649   Thumb Code    12  led.o(i.toggleLed2Red)
    turnOffLed2                              0x00004655   Thumb Code    28  led.o(i.turnOffLed2)
    turnOnLed2Blue                           0x00004671   Thumb Code    12  led.o(i.turnOnLed2Blue)
    turnOnLed2Green                          0x0000467d   Thumb Code    12  led.o(i.turnOnLed2Green)
    turnOnLed2Red                            0x00004689   Thumb Code    12  led.o(i.turnOnLed2Red)
    i2cConfig                                0x00004948   Data          20  i2c.o(.constdata)
    F6x8                                     0x0000495c   Data         552  oled.o(.constdata)
    F8X16                                    0x00004b84   Data        1520  oled.o(.constdata)
    __ctype_categories                       0x000051c0   Data          64  ctype_c.o(.constdata)
    Region$$Table$$Base                      0x00005418   Number         0  anon$$obj.o(Region$$Table)
    Region$$Table$$Limit                     0x00005438   Number         0  anon$$obj.o(Region$$Table)
    SystemCoreClock                          0x20000000   Data           4  system_msp432p401r.o(.data)
    shutdown_wifi                            0x20000004   Data           1  main.o(.data)
    wifi_ssid                                0x20000008   Data           4  main.o(.data)
    wifi_pwd                                 0x2000000c   Data           4  main.o(.data)
    ProductKey                               0x20000010   Data           4  main.o(.data)
    ProductSecret                            0x20000014   Data           4  main.o(.data)
    DeviceName                               0x20000018   Data           4  main.o(.data)
    DeviceSecret                             0x2000001c   Data           4  main.o(.data)
    g_infra_mqtt_domain                      0x20000038   Data          24  sign_mqtt.o(.data)
    clientid_kv                              0x20000050   Data          16  sign_mqtt.o(.data)
    __stdout                                 0x20000064   Data           4  stdout.o(.data)
    __microlib_freelist                      0x20000068   Data           4  mvars.o(.data)
    __microlib_freelist_initialised          0x2000006c   Data           4  mvars.o(.data)
    ATCommandBuffer                          0x20000070   Data         100  main.o(.bss)
    myBuffer                                 0x200000d4   Data         208  buffer.o(.bss)
    tempBuffer                               0x200001a4   Data         200  atcommand.o(.bss)
    __heap_base                              0x20000270   Data           0  startup_msp432p401r_uvision.o(HEAP)
    __heap_limit                             0x20001270   Data           0  startup_msp432p401r_uvision.o(HEAP)
    __initial_sp                             0x20002270   Data           0  startup_msp432p401r_uvision.o(STACK)



==============================================================================

Memory Map of the image

  Image Entry point : 0x00000145

  Load Region LR_IROM1 (Base: 0x00000000, Size: 0x000054a8, Max: 0x00040000, ABSOLUTE)

    Execution Region ER_IROM1 (Exec base: 0x00000000, Load base: 0x00000000, Size: 0x00005438, Max: 0x00040000, ABSOLUTE)

    Exec Addr    Load Addr    Size         Type   Attr      Idx    E Section Name        Object

    0x00000000   0x00000000   0x00000144   Data   RO           67    RESET               startup_msp432p401r_uvision.o
    0x00000144   0x00000144   0x00000000   Code   RO         2457  * .ARM.Collect$$$$00000000  mc_w.l(entry.o)
    0x00000144   0x00000144   0x00000004   Code   RO         2787    .ARM.Collect$$$$00000001  mc_w.l(entry2.o)
    0x00000148   0x00000148   0x00000004   Code   RO         2790    .ARM.Collect$$$$00000004  mc_w.l(entry5.o)
    0x0000014c   0x0000014c   0x00000000   Code   RO         2792    .ARM.Collect$$$$00000008  mc_w.l(entry7b.o)
    0x0000014c   0x0000014c   0x00000000   Code   RO         2794    .ARM.Collect$$$$0000000A  mc_w.l(entry8b.o)
    0x0000014c   0x0000014c   0x00000008   Code   RO         2795    .ARM.Collect$$$$0000000B  mc_w.l(entry9a.o)
    0x00000154   0x00000154   0x00000000   Code   RO         2797    .ARM.Collect$$$$0000000D  mc_w.l(entry10a.o)
    0x00000154   0x00000154   0x00000000   Code   RO         2799    .ARM.Collect$$$$0000000F  mc_w.l(entry11a.o)
    0x00000154   0x00000154   0x00000004   Code   RO         2788    .ARM.Collect$$$$00002712  mc_w.l(entry2.o)
    0x00000158   0x00000158   0x00000024   Code   RO           68    .text               startup_msp432p401r_uvision.o
    0x0000017c   0x0000017c   0x0000000c   Code   RO         2460    .text               mc_w.l(tolower.o)
    0x00000188   0x00000188   0x00000028   Code   RO         2462    .text               mc_w.l(memcpy.o)
    0x000001b0   0x000001b0   0x00000024   Code   RO         2468    .text               mc_w.l(memseta.o)
    0x000001d4   0x000001d4   0x0000000e   Code   RO         2470    .text               mc_w.l(strlen.o)
    0x000001e2   0x000001e2   0x0000001c   Code   RO         2472    .text               mc_w.l(strcmp.o)
    0x000001fe   0x000001fe   0x00000012   Code   RO         2474    .text               mc_w.l(strcpy.o)
    0x00000210   0x00000210   0x0000001e   Code   RO         2476    .text               mc_w.l(strncmp.o)
    0x0000022e   0x0000022e   0x0000014e   Code   RO         2773    .text               mf_w.l(dadd.o)
    0x0000037c   0x0000037c   0x000000e4   Code   RO         2775    .text               mf_w.l(dmul.o)
    0x00000460   0x00000460   0x0000003e   Code   RO         2779    .text               mf_w.l(dfixi.o)
    0x0000049e   0x0000049e   0x00000002   PAD
    0x000004a0   0x000004a0   0x00000030   Code   RO         2783    .text               mf_w.l(cdcmple.o)
    0x000004d0   0x000004d0   0x00000030   Code   RO         2785    .text               mf_w.l(cdrcmple.o)
    0x00000500   0x00000500   0x0000002c   Code   RO         2802    .text               mc_w.l(uidiv.o)
    0x0000052c   0x0000052c   0x00000062   Code   RO         2804    .text               mc_w.l(uldiv.o)
    0x0000058e   0x0000058e   0x0000001e   Code   RO         2806    .text               mc_w.l(llshl.o)
    0x000005ac   0x000005ac   0x00000020   Code   RO         2808    .text               mc_w.l(llushr.o)
    0x000005cc   0x000005cc   0x00000024   Code   RO         2810    .text               mc_w.l(llsshr.o)
    0x000005f0   0x000005f0   0x00000360   Code   RO         2820    .text               mc_w.l(scanf_fp.o)
    0x00000950   0x00000950   0x00000040   Code   RO         2826    .text               mc_w.l(_sgetc.o)
    0x00000990   0x00000990   0x0000009c   Code   RO         2828    .text               mc_w.l(strtod.o)
    0x00000a2c   0x00000a2c   0x00000000   Code   RO         2830    .text               mc_w.l(iusefp.o)
    0x00000a2c   0x00000a2c   0x000000ba   Code   RO         2831    .text               mf_w.l(depilogue.o)
    0x00000ae6   0x00000ae6   0x000000de   Code   RO         2833    .text               mf_w.l(ddiv.o)
    0x00000bc4   0x00000bc4   0x00000030   Code   RO         2835    .text               mf_w.l(dfixul.o)
    0x00000bf4   0x00000bf4   0x00000024   Code   RO         2837    .text               mc_w.l(init.o)
    0x00000c18   0x00000c18   0x0000000a   Code   RO         2839    .text               mc_w.l(isspace_c.o)
    0x00000c22   0x00000c22   0x00000018   Code   RO         2845    .text               mf_w.l(dfltul.o)
    0x00000c3a   0x00000c3a   0x00000038   Code   RO         2847    .text               mf_w.l(d2f.o)
    0x00000c72   0x00000c72   0x00000002   PAD
    0x00000c74   0x00000c74   0x00000028   Code   RO         2849    .text               mc_w.l(ctype_c.o)
    0x00000c9c   0x00000c9c   0x0000006e   Code   RO         2852    .text               mf_w.l(fepilogue.o)
    0x00000d0a   0x00000d0a   0x00000002   PAD
    0x00000d0c   0x00000d0c   0x000000ec   Code   RO          451    i.ATCheckSetResponse  atcommand.o
    0x00000df8   0x00000df8   0x00000094   Code   RO          452    i.AT_Get_SUB_In_Json  atcommand.o
    0x00000e8c   0x00000e8c   0x00000118   Code   RO          453    i.AT_Send_message   atcommand.o
    0x00000fa4   0x00000fa4   0x000000c8   Code   RO          454    i.AT_generate_MQTTAUTH_command  atcommand.o
    0x0000106c   0x0000106c   0x00000088   Code   RO          455    i.AT_generate_MQTTCID_command  atcommand.o
    0x000010f4   0x000010f4   0x00000118   Code   RO          456    i.AT_generate_MQTTPUB_command  atcommand.o
    0x0000120c   0x0000120c   0x000000b0   Code   RO          457    i.AT_generate_MQTTSOCK_command  atcommand.o
    0x000012bc   0x000012bc   0x00000140   Code   RO          458    i.AT_generate_MQTTSUB_command  atcommand.o
    0x000013fc   0x000013fc   0x000000bc   Code   RO          459    i.AT_generate_wifi_connect_command  atcommand.o
    0x000014b8   0x000014b8   0x0000001a   Code   RO          387    i.BufferInit        buffer.o
    0x000014d2   0x000014d2   0x0000005a   Code   RO          388    i.BufferLength      buffer.o
    0x0000152c   0x0000152c   0x0000002e   Code   RO          389    i.DeBuffer          buffer.o
    0x0000155a   0x0000155a   0x00000002   PAD
    0x0000155c   0x0000155c   0x00000040   Code   RO          258    i.EUSCIA2_IRQHandler  myuart.o
    0x0000159c   0x0000159c   0x00000050   Code   RO         1361    i.EXTIX_Init        exti.o
    0x000015ec   0x000015ec   0x0000004e   Code   RO          390    i.EnBuffer          buffer.o
    0x0000163a   0x0000163a   0x00000002   PAD
    0x0000163c   0x0000163c   0x00000020   Code   RO         1693    i.GPIO_setAsOutputPin  msp432p4xx_driverlib.lib(gpio_MSP432P4XX.o)
    0x0000165c   0x0000165c   0x00000014   Code   RO         1698    i.GPIO_setOutputHighOnPin  msp432p4xx_driverlib.lib(gpio_MSP432P4XX.o)
    0x00001670   0x00001670   0x00000014   Code   RO         1699    i.GPIO_setOutputLowOnPin  msp432p4xx_driverlib.lib(gpio_MSP432P4XX.o)
    0x00001684   0x00001684   0x00000014   Code   RO         1700    i.GPIO_toggleOutputOnPin  msp432p4xx_driverlib.lib(gpio_MSP432P4XX.o)
    0x00001698   0x00001698   0x00000050   Code   RO         1889    i.I2C_masterSendMultiByteStartWithTimeout  msp432p4xx_driverlib.lib(i2c_MSP432P4XX.o)
    0x000016e8   0x000016e8   0x000001fc   Code   RO         1227    i.IOT_Sign_MQTT     sign_mqtt.o
    0x000018e4   0x000018e4   0x00000050   Code   RO         1399    i.LED_Init          led.o
    0x00001934   0x00001934   0x00000044   Code   RO         1551    i.OLED_Clear        oled.o
    0x00001978   0x00001978   0x0000011c   Code   RO         1556    i.OLED_Init         oled.o
    0x00001a94   0x00001a94   0x00000032   Code   RO         1557    i.OLED_Set_Pos      oled.o
    0x00001ac6   0x00001ac6   0x00000002   PAD
    0x00001ac8   0x00001ac8   0x00000058   Code   RO         1559    i.OLED_ShowChar     oled.o
    0x00001b20   0x00001b20   0x00000094   Code   RO         1561    i.OLED_ShowString   oled.o
    0x00001bb4   0x00001bb4   0x00000010   Code   RO         1562    i.OLED_WR_Byte      oled.o
    0x00001bc4   0x00001bc4   0x00000022   Code   RO         1563    i.OLED_WR_Bytes     oled.o
    0x00001be6   0x00001be6   0x00000002   PAD
    0x00001be8   0x00001be8   0x00000038   Code   RO         1362    i.PORT1_IRQHandler  exti.o
    0x00001c20   0x00001c20   0x00000010   Code   RO          335    i.SysTick_Handler   tick.o
    0x00001c30   0x00001c30   0x0000006c   Code   RO            5    i.SystemInit        system_msp432p401r.o
    0x00001c9c   0x00001c9c   0x0000001a   Code   RO         2153    i.UART_receiveData  msp432p4xx_driverlib.lib(uart_MSP432P4XX.o)
    0x00001cb6   0x00001cb6   0x00000018   Code   RO         2160    i.UART_transmitData  msp432p4xx_driverlib.lib(uart_MSP432P4XX.o)
    0x00001cce   0x00001cce   0x00000010   Code   RO          259    i.Usart_SendByte    myuart.o
    0x00001cde   0x00001cde   0x0000001c   Code   RO          260    i.Usart_SendString  myuart.o
    0x00001cfa   0x00001cfa   0x000000c2   Code   RO         1279    i._Z17utils_hmac_sha256PKhjS0_jPh  sign_sha256.o
    0x00001dbc   0x00001dbc   0x0000000e   Code   RO         1281    i._Z17utils_sha256_initP18iot_sha256_context  sign_sha256.o
    0x00001dca   0x00001dca   0x00000002   PAD
    0x00001dcc   0x00001dcc   0x0000014c   Code   RO         1228    i._Z18_sign_get_clientidPcPKcS1_  sign_mqtt.o
    0x00001f18   0x00001f18   0x00000164   Code   RO         1282    i._Z19utils_sha256_finishP18iot_sha256_contextPh  sign_sha256.o
    0x0000207c   0x0000207c   0x00000050   Code   RO         1283    i._Z19utils_sha256_startsP18iot_sha256_context  sign_sha256.o
    0x000020cc   0x000020cc   0x0000007c   Code   RO         1284    i._Z19utils_sha256_updateP18iot_sha256_contextPKhj  sign_sha256.o
    0x00002148   0x00002148   0x000001c0   Code   RO         1285    i._Z20utils_sha256_processP18iot_sha256_contextPKh  sign_sha256.o
    0x00002308   0x00002308   0x00000170   Code   RO         1229    i._Z26_iotx_generate_sign_stringPKcS0_S0_S0_Pc  sign_mqtt.o
    0x00002478   0x00002478   0x00000050   Code   RO         1230    i._Z8_hex2strPhtPc  sign_mqtt.o
    0x000024c8   0x000024c8   0x00000020   Code   RO         2715    i.__0printf         mc_w.l(printfa.o)
    0x000024e8   0x000024e8   0x00000028   Code   RO         2717    i.__0sprintf        mc_w.l(printfa.o)
    0x00002510   0x00002510   0x0000005c   Code   RO         2747    i.__free$realloc    mc_w.l(mallocr.o)
    0x0000256c   0x0000256c   0x00000050   Code   RO         2748    i.__malloc$realloc  mc_w.l(mallocr.o)
    0x000025bc   0x000025bc   0x0000000e   Code   RO         2856    i.__scatterload_copy  mc_w.l(handlers.o)
    0x000025ca   0x000025ca   0x00000002   Code   RO         2857    i.__scatterload_null  mc_w.l(handlers.o)
    0x000025cc   0x000025cc   0x0000000e   Code   RO         2858    i.__scatterload_zeroinit  mc_w.l(handlers.o)
    0x000025da   0x000025da   0x00000002   PAD
    0x000025dc   0x000025dc   0x00000184   Code   RO         2722    i._fp_digits        mc_w.l(printfa.o)
    0x00002760   0x00002760   0x0000000e   Code   RO         2822    i._is_digit         mc_w.l(scanf_fp.o)
    0x0000276e   0x0000276e   0x00000002   PAD
    0x00002770   0x00002770   0x000006dc   Code   RO         2723    i._printf_core      mc_w.l(printfa.o)
    0x00002e4c   0x00002e4c   0x00000024   Code   RO         2724    i._printf_post_padding  mc_w.l(printfa.o)
    0x00002e70   0x00002e70   0x0000002e   Code   RO         2725    i._printf_pre_padding  mc_w.l(printfa.o)
    0x00002e9e   0x00002e9e   0x0000000a   Code   RO         2727    i._sputc            mc_w.l(printfa.o)
    0x00002ea8   0x00002ea8   0x00000048   Code   RO          553    i.buffer_skip_whitespace  cjson.o
    0x00002ef0   0x00002ef0   0x00000058   Code   RO          585    i.cJSON_Delete      cjson.o
    0x00002f48   0x00002f48   0x00000012   Code   RO          599    i.cJSON_GetObjectItemCaseSensitive  cjson.o
    0x00002f5a   0x00002f5a   0x00000016   Code   RO          609    i.cJSON_IsNumber    cjson.o
    0x00002f70   0x00002f70   0x00000016   Code   RO          610    i.cJSON_IsObject    cjson.o
    0x00002f86   0x00002f86   0x0000001c   Code   RO          615    i.cJSON_New_Item    cjson.o
    0x00002fa2   0x00002fa2   0x00000010   Code   RO          616    i.cJSON_Parse       cjson.o
    0x00002fb2   0x00002fb2   0x00000002   PAD
    0x00002fb4   0x00002fb4   0x000000d4   Code   RO          618    i.cJSON_ParseWithLengthOpts  cjson.o
    0x00003088   0x00003088   0x00000028   Code   RO          619    i.cJSON_ParseWithOpts  cjson.o
    0x000030b0   0x000030b0   0x00000048   Code   RO          634    i.case_insensitive_strcmp  cjson.o
    0x000030f8   0x000030f8   0x000000e4   Code   RO          460    i.checkWifiConnection  atcommand.o
    0x000031dc   0x000031dc   0x0000001a   Code   RO          336    i.delay_ms          tick.o
    0x000031f6   0x000031f6   0x00000002   PAD
    0x000031f8   0x000031f8   0x000000b0   Code   RO          461    i.execAT            atcommand.o
    0x000032a8   0x000032a8   0x00000020   Code   RO           75    i.fputc             main.o
    0x000032c8   0x000032c8   0x00000004   Code   RO          640    i.get_decimal_point  cjson.o
    0x000032cc   0x000032cc   0x00000052   Code   RO          641    i.get_object_item   cjson.o
    0x0000331e   0x0000331e   0x00000002   PAD
    0x00003320   0x00003320   0x00000080   Code   RO         1508    i.i2c_cmd_write     i2c.o
    0x000033a0   0x000033a0   0x0000005c   Code   RO         1509    i.i2c_init          i2c.o
    0x000033fc   0x000033fc   0x00000050   Code   RO         2749    i.internal_alloc    mc_w.l(mallocr.o)
    0x0000344c   0x0000344c   0x00000012   Code   RO          391    i.isEmpty           buffer.o
    0x0000345e   0x0000345e   0x0000000c   Code   RO         1400    i.led2ShowBlue      led.o
    0x0000346a   0x0000346a   0x0000000c   Code   RO         1401    i.led2ShowGreen     led.o
    0x00003476   0x00003476   0x0000000c   Code   RO         1403    i.led2ShowRed       led.o
    0x00003482   0x00003482   0x00000046   Code   RO         1404    i.led2blink         led.o
    0x000034c8   0x000034c8   0x00000796   Code   RO           76    i.main              main.o
    0x00003c5e   0x00003c5e   0x00000002   PAD
    0x00003c60   0x00003c60   0x00000060   Code   RO          337    i.ms_ticker_init    tick.o
    0x00003cc0   0x00003cc0   0x0000000c   Code   RO          338    i.ms_ticker_read    tick.o
    0x00003ccc   0x00003ccc   0x00000048   Code   RO          261    i.myEUSCIA0Init     myuart.o
    0x00003d14   0x00003d14   0x000000a0   Code   RO          262    i.myUartInit        myuart.o
    0x00003db4   0x00003db4   0x000000f8   Code   RO          643    i.parse_array       cjson.o
    0x00003eac   0x00003eac   0x0000005a   Code   RO          644    i.parse_hex4        cjson.o
    0x00003f06   0x00003f06   0x00000002   PAD
    0x00003f08   0x00003f08   0x00000154   Code   RO          645    i.parse_number      cjson.o
    0x0000405c   0x0000405c   0x0000013e   Code   RO          646    i.parse_object      cjson.o
    0x0000419a   0x0000419a   0x0000018c   Code   RO          647    i.parse_string      cjson.o
    0x00004326   0x00004326   0x00000002   PAD
    0x00004328   0x00004328   0x0000013c   Code   RO          648    i.parse_value       cjson.o
    0x00004464   0x00004464   0x0000006c   Code   RO         2750    i.realloc           mc_w.l(mallocr.o)
    0x000044d0   0x000044d0   0x00000078   Code   RO          462    i.sendCommand       atcommand.o
    0x00004548   0x00004548   0x0000003c   Code   RO          659    i.skip_utf8_bom     cjson.o
    0x00004584   0x00004584   0x0000000c   Code   RO         1565    i.ssd1106_delay_ms  oled.o
    0x00004590   0x00004590   0x0000004c   Code   RO         1566    i.ssd1106_i2c_bus_init  oled.o
    0x000045dc   0x000045dc   0x00000020   Code   RO         1567    i.ssd1106_i2c_bus_write  oled.o
    0x000045fc   0x000045fc   0x00000004   PAD
    0x00004600   0x00004600   0x00000030   Code   RO         2453    i.strtod            m_wm.l(strtod.o)
    0x00004630   0x00004630   0x0000000c   Code   RO         1405    i.toggleLed2Blue    led.o
    0x0000463c   0x0000463c   0x0000000c   Code   RO         1406    i.toggleLed2Green   led.o
    0x00004648   0x00004648   0x0000000c   Code   RO         1407    i.toggleLed2Red     led.o
    0x00004654   0x00004654   0x0000001c   Code   RO         1410    i.turnOffLed2       led.o
    0x00004670   0x00004670   0x0000000c   Code   RO         1411    i.turnOnLed2Blue    led.o
    0x0000467c   0x0000467c   0x0000000c   Code   RO         1412    i.turnOnLed2Green   led.o
    0x00004688   0x00004688   0x0000000c   Code   RO         1413    i.turnOnLed2Red     led.o
    0x00004694   0x00004694   0x0000012c   Code   RO          662    i.utf16_literal_to_utf8  cjson.o
    0x000047c0   0x000047c0   0x00000048   Data   RO          263    .constdata          myuart.o
    0x00004808   0x00004808   0x00000140   Data   RO         1296    .constdata          sign_sha256.o
    0x00004948   0x00004948   0x00000014   Data   RO         1510    .constdata          i2c.o
    0x0000495c   0x0000495c   0x00000818   Data   RO         1568    .constdata          oled.o
    0x00005174   0x00005174   0x0000004c   Data   RO         1702    .constdata          msp432p4xx_driverlib.lib(gpio_MSP432P4XX.o)
    0x000051c0   0x000051c0   0x00000040   Data   RO         2850    .constdata          mc_w.l(ctype_c.o)
    0x00005200   0x00005200   0x00000129   Data   RO           78    .conststring        main.o
    0x00005329   0x00005329   0x00000003   PAD
    0x0000532c   0x0000532c   0x000000e9   Data   RO         1235    .conststring        sign_mqtt.o
    0x00005415   0x00005415   0x00000003   PAD
    0x00005418   0x00005418   0x00000020   Data   RO         2854    Region$$Table       anon$$obj.o


    Execution Region RW_IRAM1 (Exec base: 0x20000000, Load base: 0x00005438, Size: 0x00002270, Max: 0x00010000, ABSOLUTE)

    Exec Addr    Load Addr    Size         Type   Attr      Idx    E Section Name        Object

    0x20000000   0x00005438   0x00000004   Data   RW            6    .data               system_msp432p401r.o
    0x20000004   0x0000543c   0x0000001c   Data   RW           79    .data               main.o
    0x20000020   0x00005458   0x00000004   Data   RW          339    .data               tick.o
    0x20000024   0x0000545c   0x00000014   Data   RW          664    .data               cjson.o
    0x20000038   0x00005470   0x00000028   Data   RW         1236    .data               sign_mqtt.o
    0x20000060   0x00005498   0x00000004   Data   RW         1511    .data               i2c.o
    0x20000064   0x0000549c   0x00000004   Data   RW         2801    .data               mc_w.l(stdout.o)
    0x20000068   0x000054a0   0x00000004   Data   RW         2812    .data               mc_w.l(mvars.o)
    0x2000006c   0x000054a4   0x00000004   Data   RW         2813    .data               mc_w.l(mvars.o)
    0x20000070        -       0x00000064   Zero   RW           77    .bss                main.o
    0x200000d4        -       0x000000d0   Zero   RW          393    .bss                buffer.o
    0x200001a4        -       0x000000c8   Zero   RW          463    .bss                atcommand.o
    0x2000026c   0x000054a8   0x00000004   PAD
    0x20000270        -       0x00001000   Zero   RW           66    HEAP                startup_msp432p401r_uvision.o
    0x20001270        -       0x00001000   Zero   RW           65    STACK               startup_msp432p401r_uvision.o



  Load Region LR_IROM2 (Base: 0x00200000, Size: 0x00000000, Max: 0x00004000, ABSOLUTE)

    Execution Region ER_IROM2 (Exec base: 0x00200000, Load base: 0x00200000, Size: 0x00000000, Max: 0x00004000, ABSOLUTE)

    **** No section assigned to this execution region ****


==============================================================================

Image component sizes


      Code (inc. data)   RO Data    RW Data    ZI Data      Debug   Object Name

      2488        632          0          0        200      10101   atcommand.o
       258          0          0          0        208       3827   buffer.o
      2744         76          0         20          0      18608   cjson.o
       136         12          0          0          0        972   exti.o
       220         26         20          4          0       2111   i2c.o
       286          4          0          0          0       5664   led.o
      1974        916        297         28        100     202286   main.o
       340         48         72          0          0       6322   myuart.o
       808         46       2072          0          0       7134   oled.o
      1288        130        233         40          0       9876   sign_mqtt.o
      1216         44        320          0          0       9894   sign_sha256.o
        36          8        324          0       8192        932   startup_msp432p401r_uvision.o
       108         22          0          4          0       5399   system_msp432p401r.o
       150         24          0          4          0      32474   tick.o

    ----------------------------------------------------------------------
     12078       1988       3376        100       8704     315600   Object Totals
         0          0         32          0          0          0   (incl. Generated)
        26          0          6          0          4          0   (incl. Padding)

    ----------------------------------------------------------------------

      Code (inc. data)   RO Data    RW Data    ZI Data      Debug   Library Member Name

        48         14          0          0          0        128   strtod.o
        64          0          0          0          0         84   _sgetc.o
        40          6         64          0          0         68   ctype_c.o
         0          0          0          0          0          0   entry.o
         0          0          0          0          0          0   entry10a.o
         0          0          0          0          0          0   entry11a.o
         8          4          0          0          0          0   entry2.o
         4          0          0          0          0          0   entry5.o
         0          0          0          0          0          0   entry7b.o
         0          0          0          0          0          0   entry8b.o
         8          4          0          0          0          0   entry9a.o
        30          0          0          0          0          0   handlers.o
        36          8          0          0          0         68   init.o
        10          0          0          0          0         68   isspace_c.o
         0          0          0          0          0          0   iusefp.o
        30          0          0          0          0         68   llshl.o
        36          0          0          0          0         68   llsshr.o
        32          0          0          0          0         68   llushr.o
       360         30          0          0          0        356   mallocr.o
        40          0          0          0          0         76   memcpy.o
        36          0          0          0          0        108   memseta.o
         0          0          0          8          0          0   mvars.o
      2308         96          0          0          0        604   printfa.o
       878         12          0          0          0        216   scanf_fp.o
         0          0          0          4          0          0   stdout.o
        28          0          0          0          0         76   strcmp.o
        18          0          0          0          0         68   strcpy.o
        14          0          0          0          0         68   strlen.o
        30          0          0          0          0         80   strncmp.o
       156         12          0          0          0        120   strtod.o
        12          0          0          0          0         68   tolower.o
        44          0          0          0          0         80   uidiv.o
        98          0          0          0          0         92   uldiv.o
        48          0          0          0          0         68   cdcmple.o
        48          0          0          0          0         68   cdrcmple.o
        56          0          0          0          0         88   d2f.o
       334          0          0          0          0        148   dadd.o
       222          0          0          0          0        100   ddiv.o
       186          0          0          0          0        176   depilogue.o
        62          0          0          0          0         80   dfixi.o
        48          0          0          0          0         68   dfixul.o
        24          0          0          0          0         76   dfltul.o
       228          0          0          0          0         96   dmul.o
       110          0          0          0          0        168   fepilogue.o
        92         22         76          0          0       6504   gpio_MSP432P4XX.o
        80          0          0          0          0        906   i2c_MSP432P4XX.o
        50          0          0          0          0       1199   uart_MSP432P4XX.o

    ----------------------------------------------------------------------
      5966        208        140         12          0      12377   Library Totals
        10          0          0          0          0          0   (incl. Padding)

    ----------------------------------------------------------------------

      Code (inc. data)   RO Data    RW Data    ZI Data      Debug   Library Name

        48         14          0          0          0        128   m_wm.l
      4320        172         64         12          0       2504   mc_w.l
      1366          0          0          0          0       1136   mf_w.l
       222         22         76          0          0       8609   msp432p4xx_driverlib.lib

    ----------------------------------------------------------------------
      5966        208        140         12          0      12377   Library Totals

    ----------------------------------------------------------------------

==============================================================================


      Code (inc. data)   RO Data    RW Data    ZI Data      Debug   

     18044       2196       3516        112       8704     317605   Grand Totals
     18044       2196       3516        112       8704     317605   ELF Image Totals
     18044       2196       3516        112          0          0   ROM Totals

==============================================================================

    Total RO  Size (Code + RO Data)                21560 (  21.05kB)
    Total RW  Size (RW Data + ZI Data)              8816 (   8.61kB)
    Total ROM Size (Code + RO Data + RW Data)      21672 (  21.16kB)

==============================================================================

